 bcmihvui64

 Timestamp is 524cd196 (Wed Oct 02 19:08:22 2013)

 Preferred load address is 0000000180000000

 Start         Length     Name                   Class
 0001:00000000 00000081H .text$di                CODE
 0001:00000090 0001c9b3H .text$mn                CODE
 0001:0001ca50 00000b09H .text$x                 CODE
 0001:0001d560 000000aeH .text$yd                CODE
 0002:00000000 00000510H .idata$5                DATA
 0002:00000510 00000008H .CRT$XCA                DATA
 0002:00000518 00000030H .CRT$XCU                DATA
 0002:00000548 00000008H .CRT$XCZ                DATA
 0002:00000550 00000008H .CRT$XIA                DATA
 0002:00000558 00000020H .CRT$XIC                DATA
 0002:00000578 00000008H .CRT$XIZ                DATA
 0002:00000580 00000008H .CRT$XPA                DATA
 0002:00000588 00000010H .CRT$XPX                DATA
 0002:00000598 00000008H .CRT$XPXA               DATA
 0002:000005a0 00000008H .CRT$XPZ                DATA
 0002:000005a8 00000008H .CRT$XTA                DATA
 0002:000005b0 00000008H .CRT$XTZ                DATA
 0002:000005c0 000089a0H .rdata                  DATA
 0002:00008f60 000000a8H .rdata$debug            DATA
 0002:00009008 000010dcH .rdata$r                DATA
 0002:0000a0e8 00000008H .rtc$IAA                DATA
 0002:0000a0f0 00000008H .rtc$IZZ                DATA
 0002:0000a0f8 00000008H .rtc$TAA                DATA
 0002:0000a100 00000008H .rtc$TZZ                DATA
 0002:0000a108 000029ecH .xdata                  DATA
 0002:0000caf8 00000234H .xdata$x                DATA
 0002:0000cd30 000000a5H .edata                  DATA
 0002:0000cdd8 000000a0H .idata$2                DATA
 0002:0000ce78 00000014H .idata$3                DATA
 0002:0000ce90 00000510H .idata$4                DATA
 0002:0000d3a0 00000b52H .idata$6                DATA
 0003:00000000 00001948H .data                   DATA
 0003:00001948 0000058cH .data$r                 DATA
 0003:00001ee0 00002538H .bss                    DATA
 0004:00000000 00001dacH .pdata                  DATA
 0005:00000000 00017998H .rsrc$01                DATA
 0005:000179a0 00348618H .rsrc$02                DATA

  Address         Publics by Value              Rva+Base               Lib:Object

 0000:00000000       ___safe_se_handler_count   0000000000000000     <absolute>
 0000:00000000       ___safe_se_handler_table   0000000000000000     <absolute>
 0000:00000000       __guard_fids_table         0000000000000000     <absolute>
 0000:00000000       __guard_flags              0000000000000000     <absolute>
 0000:00000000       __guard_fids_count         0000000000000000     <absolute>
 0000:00000000       __ImageBase                0000000180000000     <linker-defined>
 0001:00000090       ?InitIhvCommon@@YAXXZ      0000000180001090 f   ihv_common.obj
 0001:000001d0       ?CopyCredential@@YAKPEBU_IHV_CREDENTIAL@@PEAPEAU1@@Z 00000001800011d0 f   ihv_common.obj
 0001:00000260       ?SecureCredential@@YAKPEBU_IHV_CREDENTIAL@@PEAPEAU1@H@Z 0000000180001260 f   ihv_common.obj
 0001:000003e0       IsolationAwareLoadLibraryW 00000001800013e0 f i CCXDllMain.obj
 0001:000004a0       WinbaseIsolationAwarePrivatetRgzlnPgpgk 00000001800014a0 f i CCXDllMain.obj
 0001:00000660       DllMain                    0000000180001660 f   CCXDllMain.obj
 0001:00000690       DllCanUnloadNow            0000000180001690 f   CCXDllMain.obj
 0001:000006b0       DllGetClassObject          00000001800016b0 f   CCXDllMain.obj
 0001:000006c0       DllRegisterServer          00000001800016c0 f   CCXDllMain.obj
 0001:000006d0       DllUnregisterServer        00000001800016d0 f   CCXDllMain.obj
 0001:00000b70       ?CreateInstance@CFactory@@UEAAJPEAUIUnknown@@AEBU_GUID@@PEAPEAX@Z 0000000180001b70 f i CCXDllMain.obj
 0001:00000e20       ?LockServer@CFactory@@UEAAJH@Z 0000000180001e20 f i CCXDllMain.obj
 0001:00000e40       ?AddRef@CFactory@@UEAAKXZ  0000000180001e40 f i CCXDllMain.obj
 0001:00000e40       ?AddRef@CExtUISec@@UEAAKXZ 0000000180001e40 f i CCXExtUI.obj
 0001:00000e40       ?AddRef@CExtUIKey@@UEAAKXZ 0000000180001e40 f i CCXExtUI.obj
 0001:00000e40       ?AddRef@CExtUICon@@UEAAKXZ 0000000180001e40 f i CCXExtUI.obj
 0001:00000e50       ?Release@CFactory@@UEAAKXZ 0000000180001e50 f i CCXDllMain.obj
 0001:00000e80       ?QueryInterface@CFactory@@UEAAJAEBU_GUID@@PEAPEAX@Z 0000000180001e80 f i CCXDllMain.obj
 0001:00000ef0       ?GUID_COMPONENT@@YAAEBU_GUID@@XZ 0000000180001ef0 f   CCXDllMain.obj
 0001:000011a0       IsolationAwarePrivatezlybNQyVOeNelJ 00000001800021a0 f i CCXExtUI.obj
 0001:000011b0       IsolationAwareDialogBoxParamW 00000001800021b0 f i CCXExtUI.obj
 0001:000012a0       IsolationAwareCreatePropertySheetPageW 00000001800022a0 f i CCXExtUI.obj
 0001:000013b0       PrshtIsolationAwarePrivatetRgCebPnQQeRff_pbZPgYQP_QYY 00000001800023b0 f i CCXExtUI.obj
 0001:000014b0       ??0_bstr_t@@QEAA@PEB_W@Z   00000001800024b0 f i CCXExtUI.obj
 0001:00001540       ??1_bstr_t@@QEAA@XZ        0000000180002540 f i CCXExtUI.obj
 0001:000015b0       ??0Data_t@_bstr_t@@QEAA@AEBV1@0@Z 00000001800025b0 f i CCXExtUI.obj
 0001:000016d0       ?AddRef@CExtUI@@UEAAKXZ    00000001800026d0 f i CCXExtUI.obj
 0001:000016e0       ?Release@CExtUI@@UEAAKXZ   00000001800026e0 f i CCXExtUI.obj
 0001:00001720       ?QueryInterface@CExtUI@@UEAAJAEBU_GUID@@PEAPEAX@Z 0000000180002720 f i CCXExtUI.obj
 0001:00001800       ?Release@CExtUICon@@UEAAKXZ 0000000180002800 f i CCXExtUI.obj
 0001:00001850       ?QueryInterface@CExtUICon@@UEAAJAEBU_GUID@@PEAPEAX@Z 0000000180002850 f i CCXExtUI.obj
 0001:000018c0       ?Release@CExtUIKey@@UEAAKXZ 00000001800028c0 f i CCXExtUI.obj
 0001:00001900       ?QueryInterface@CExtUIKey@@UEAAJAEBU_GUID@@PEAPEAX@Z 0000000180002900 f i CCXExtUI.obj
 0001:00001970       ?Release@CExtUISec@@UEAAKXZ 0000000180002970 f i CCXExtUI.obj
 0001:000019b0       ?QueryInterface@CExtUISec@@UEAAJAEBU_GUID@@PEAPEAX@Z 00000001800029b0 f i CCXExtUI.obj
 0001:00001a20       ?GetKeyPtr@KeyInputDlg@@UEAAPEA_WXZ 0000000180002a20 f i CCXExtUI.obj
 0001:00001a30       ??3@YAXPEAX0@Z             0000000180002a30 f i CCXExtUI.obj
 0001:00001a30       ?Notify_IsValid@CertPropertyDlg@@MEAAXH@Z 0000000180002a30 f i CCXExtUI.obj
 0001:00001a30       ??$destroy@PEAU?$_Tree_node@U?$pair@$$CBV?$basic_string@_WU?$char_traits@_W@std@@V?$allocator@_W@2@@std@@H@std@@PEAX@std@@@?$_Wrap_alloc@V?$allocator@U?$_Tree_node@U?$pair@$$CBV?$basic_string@_WU?$char_traits@_W@std@@V?$allocator@_W@2@@std@@H@std@@PEAX@std@@@std@@@std@@QEAAXPEAPEAU?$_Tree_node@U?$pair@$$CBV?$basic_string@_WU?$char_traits@_W@std@@V?$allocator@_W@2@@std@@H@std@@PEAX@1@@Z 0000000180002a30 f i i18nW.obj
 0001:00001a30       ?Notify_IsValid@KeyInputDlg@@UEAAXH@Z 0000000180002a30 f i CCXExtUI.obj
 0001:00001a30       ?OnCancel@CertSelectorDlg@@EEAAXXZ 0000000180002a30 f i CCXExtUI.obj
 0001:00001a40       ?GetCertificate@CertPropertyDlg@@UEBAPEBU_CERT_CONTEXT@@XZ 0000000180002a40 f i CCXExtUI.obj
 0001:00001a50       ?IsValid@CertPropertyDlg@@UEBAHXZ 0000000180002a50 f i CCXExtUI.obj
 0001:00001a90       ?OnSelectCertificate@CertSelectorDlg@@EEAAHXZ 0000000180002a90 f i CCXExtUI.obj
 0001:00001a90       ?OnViewCertificate@CertSelectorDlg@@EEAAHXZ 0000000180002a90 f i CCXExtUI.obj
 0001:00001aa0       ??_E_Generic_error_category@std@@UEAAPEAXI@Z 0000000180002aa0 f i * CIL library *:* CIL module *
 0001:00001aa0       ??_Eerror_category@std@@UEAAPEAXI@Z 0000000180002aa0 f i * CIL library *:* CIL module *
 0001:00001aa0       ??_G_Generic_error_category@std@@UEAAPEAXI@Z 0000000180002aa0 f i CCXExtUI.obj
 0001:00001aa0       ??_E_Iostream_error_category@std@@UEAAPEAXI@Z 0000000180002aa0 f i * CIL library *:* CIL module *
 0001:00001aa0       ??_Gerror_category@std@@UEAAPEAXI@Z 0000000180002aa0 f i CCXExtUI.obj
 0001:00001aa0       ??_E_System_error_category@std@@UEAAPEAXI@Z 0000000180002aa0 f i * CIL library *:* CIL module *
 0001:00001aa0       ??_G_Iostream_error_category@std@@UEAAPEAXI@Z 0000000180002aa0 f i CCXExtUI.obj
 0001:00001aa0       ??_G_System_error_category@std@@UEAAPEAXI@Z 0000000180002aa0 f i CCXExtUI.obj
 0001:00001ad0       ?default_error_condition@error_category@std@@UEBA?AVerror_condition@2@H@Z 0000000180002ad0 f i CCXExtUI.obj
 0001:00001ae0       ?equivalent@error_category@std@@UEBA_NHAEBVerror_condition@2@@Z 0000000180002ae0 f i CCXExtUI.obj
 0001:00001b20       ?equivalent@error_category@std@@UEBA_NAEBVerror_code@2@H@Z 0000000180002b20 f i CCXExtUI.obj
 0001:00001b40       ?name@_Generic_error_category@std@@UEBAPEBDXZ 0000000180002b40 f i CCXExtUI.obj
 0001:00001b50       ?message@_Generic_error_category@std@@UEBA?AV?$basic_string@DU?$char_traits@D@std@@V?$allocator@D@2@@2@H@Z 0000000180002b50 f i CCXExtUI.obj
 0001:00001bc0       ?name@_Iostream_error_category@std@@UEBAPEBDXZ 0000000180002bc0 f i CCXExtUI.obj
 0001:00001bd0       ?message@_Iostream_error_category@std@@UEBA?AV?$basic_string@DU?$char_traits@D@std@@V?$allocator@D@2@@2@H@Z 0000000180002bd0 f i CCXExtUI.obj
 0001:00001c20       ?name@_System_error_category@std@@UEBAPEBDXZ 0000000180002c20 f i CCXExtUI.obj
 0001:00001c30       ?message@_System_error_category@std@@UEBA?AV?$basic_string@DU?$char_traits@D@std@@V?$allocator@D@2@@2@H@Z 0000000180002c30 f i CCXExtUI.obj
 0001:00001ca0       ?default_error_condition@_System_error_category@std@@UEBA?AVerror_condition@2@H@Z 0000000180002ca0 f i CCXExtUI.obj
 0001:00001e10       ?OnInitDialog@WapiBaseKeyInputDlg@@MEAAHPEAUHWND__@@@Z 0000000180002e10 f i CCXExtUI.obj
 0001:00001ef0       ?CheckValid@WapiCertPropertyDlg@@UEBAKPEBU_CERT_CONTEXT@@@Z 0000000180002ef0 f i CCXExtUI.obj
 0001:00001ef0       ?CheckValid@WapiCertPropDlg@@UEBAKPEBU_CERT_CONTEXT@@@Z 0000000180002ef0 f i CCXExtUI.obj
 0001:00001f50       ??_ECertPropertyDlg@@UEAAPEAXI@Z 0000000180002f50 f i * CIL library *:* CIL module *
 0001:00001f50       ??_EWapiCertPropDlg@@UEAAPEAXI@Z 0000000180002f50 f i * CIL library *:* CIL module *
 0001:00001f50       ??_EWapiCertPropertyDlg@@UEAAPEAXI@Z 0000000180002f50 f i * CIL library *:* CIL module *
 0001:00001f50       ??_GCertPropertyDlg@@UEAAPEAXI@Z 0000000180002f50 f i CertPropertyDlg.obj
 0001:00001f50       ??_GWapiCertPropertyDlg@@UEAAPEAXI@Z 0000000180002f50 f i CCXExtUI.obj
 0001:00001f50       ??_GWapiCertPropDlg@@UEAAPEAXI@Z 0000000180002f50 f i CCXExtUI.obj
 0001:00001fb0       ??1CExtUI@@QEAA@XZ         0000000180002fb0 f   CCXExtUI.obj
 0001:00002030       ?GetDot11ExtUIFriendlyName@CExtUI@@UEAAJPEAPEA_W@Z 0000000180003030 f   CCXExtUI.obj
 0001:00002120       ?GetDot11ExtUIProperties@CExtUI@@UEAAJW4_DOT11_EXT_UI_PROPERTY_TYPE@@PEAKPEAPEAUIDot11ExtUIProperty@@@Z 0000000180003120 f   CCXExtUI.obj
 0001:000023f0       ?GetDot11ExtUIBalloonText@CExtUI@@UEAAJPEA_WPEAPEA_W@Z 00000001800033f0 f   CCXExtUI.obj
 0001:000023f0       ?Dot11ExtUIPropertyGetDisplayInfo@CExtUICon@@UEAAJW4_DOT11_EXT_UI_DISPLAY_INFO_TYPE@@PEA_WPEAU_DOT11EXT_IHV_PARAMS@@PEAK3PEAPEAU_DOT11_EXT_UI_PROPERTY_DISPLAY_INFO@@@Z 00000001800033f0 f   CCXExtUI.obj
 0001:000023f0       ?Dot11ExtUIPropertyGetSelected@CExtUICon@@UEAAJPEA_WPEAU_DOT11EXT_IHV_PARAMS@@PEAH@Z 00000001800033f0 f   CCXExtUI.obj
 0001:000023f0       ?Dot11ExtUIPropertySetDisplayInfo@CExtUICon@@UEAAJW4_DOT11_EXT_UI_DISPLAY_INFO_TYPE@@PEA_WPEAU_DOT11EXT_IHV_PARAMS@@PEAU_DOT11_EXT_UI_PROPERTY_DISPLAY_INFO@@PEAPEA_WPEAH@Z 00000001800033f0 f   CCXExtUI.obj
 0001:000023f0       ?Dot11ExtUIPropertyIsStandardSecurity@CExtUICon@@UEAAJPEAHPEAW4_DOT11_EXT_UI_SECURITY_TYPE@@@Z 00000001800033f0 f   CCXExtUI.obj
 0001:000023f0       ?Dot11ExtUIPropertySetSelected@CExtUICon@@UEAAJPEA_WPEAU_DOT11EXT_IHV_PARAMS@@PEAPEA_WPEAH@Z 00000001800033f0 f   CCXExtUI.obj
 0001:000023f0       ?DisplayDot11ExtUIProperty@CExtUIKey@@UEAAJPEAUHWND__@@PEA_WPEAU_DOT11EXT_IHV_PARAMS@@PEAPEA_WPEAH@Z 00000001800033f0 f   CCXExtUI.obj
 0001:00002400       ?SetSite@CExtUI@@UEAAJPEAUIUnknown@@@Z 0000000180003400 f   CCXExtUI.obj
 0001:00002440       ?GetSite@CExtUI@@UEAAJAEBU_GUID@@PEAPEAX@Z 0000000180003440 f   CCXExtUI.obj
 0001:00002460       ?Notify_IsValid@WapiCertPropDlg@@UEAAXH@Z 0000000180003460 f i CCXExtUI.obj
 0001:00002460       ?Notify_IsValid@WapiKeyInputPropDlg@@UEAAXH@Z 0000000180003460 f i CCXExtUI.obj
 0001:000024a0       ??_EConnConfigDlg@@UEAAPEAXI@Z 00000001800034a0 f i * CIL library *:* CIL module *
 0001:000024a0       ??_GConnConfigDlg@@UEAAPEAXI@Z 00000001800034a0 f i ConnConfigDlg.obj
 0001:000024a0       ??_EWapiKeyInputDlg@@UEAAPEAXI@Z 00000001800034a0 f i * CIL library *:* CIL module *
 0001:000024a0       ??_GWapiKeyInputPropDlg@@UEAAPEAXI@Z 00000001800034a0 f i CCXExtUI.obj
 0001:000024a0       ??_EKeyInputDlg@@UEAAPEAXI@Z 00000001800034a0 f i * CIL library *:* CIL module *
 0001:000024a0       ??_GKeyInputDlg@@UEAAPEAXI@Z 00000001800034a0 f i KeyInputDlgW.obj
 0001:000024a0       ??_EWapiKeyInputPropDlg@@UEAAPEAXI@Z 00000001800034a0 f i * CIL library *:* CIL module *
 0001:000024a0       ??_GWapiKeyInputDlg@@UEAAPEAXI@Z 00000001800034a0 f i CCXExtUI.obj
 0001:00002510       ??0WapiCertPropDlg@@QEAA@PEAUHINSTANCE__@@PEAX@Z 0000000180003510 f i CCXExtUI.obj
 0001:00002560       ?OnInitDialog@WapiCertPropDlg@@UEAAHPEAUHWND__@@@Z 0000000180003560 f i CCXExtUI.obj
 0001:000025b0       ?ReadUiRequest@CExtUI@@AEAAJPEAPEAU_IHV_UI_REQUEST@@@Z 00000001800035b0 f   CCXExtUI.obj
 0001:000026b0       ?WriteUiResponse@CExtUI@@AEAAJPEBU_IHV_CREDENTIAL@@@Z 00000001800036b0 f   CCXExtUI.obj
 0001:00002890       ?AddPages@CExtUI@@UEAAJPEAPEAU_PSP@@IPEAI@Z 0000000180003890 f   CCXExtUI.obj
 0001:00002a10       ?GetFirstPage@CExtUI@@UEAAJPEAPEAU_PSP@@@Z 0000000180003a10 f   CCXExtUI.obj
 0001:00002a20       ?GetLastPage@CExtUI@@UEAAJPEAPEAU_PSP@@@Z 0000000180003a20 f   CCXExtUI.obj
 0001:00002a30       ?GetClsidPropertyName@CExtUI@@AEAAJPEBU_GUID@@PEB_WPEA_WI@Z 0000000180003a30 f   CCXExtUI.obj
 0001:00002b60       ??1CExtUIKey@@QEAA@XZ      0000000180003b60 f   CCXExtUI.obj
 0001:00002ca0       ?Customize@CExtUIKey@@UEAAJPEAE@Z 0000000180003ca0 f   CCXExtUI.obj
 0001:00002dd0       ?GetDot11ExtUIPropertyFriendlyName@CExtUIKey@@UEAAJPEAPEA_W@Z 0000000180003dd0 f   CCXExtUI.obj
 0001:00002e90       ?Dot11ExtUIPropertyHasConfigurationUI@CExtUIKey@@UEAAJPEAH@Z 0000000180003e90 f   CCXExtUI.obj
 0001:00002ec0       ?Dot11ExtUIPropertyIsStandardSecurity@CExtUIKey@@UEAAJPEAHPEAW4_DOT11_EXT_UI_SECURITY_TYPE@@@Z 0000000180003ec0 f   CCXExtUI.obj
 0001:00002f00       ?Dot11ExtUIPropertyGetSelected@CExtUISec@@UEAAJPEA_WPEAU_DOT11EXT_IHV_PARAMS@@PEAH@Z 0000000180003f00 f   CCXExtUI.obj
 0001:00002f00       ?Dot11ExtUIPropertyGetSelected@CExtUIKey@@UEAAJPEA_WPEAU_DOT11EXT_IHV_PARAMS@@PEAH@Z 0000000180003f00 f   CCXExtUI.obj
 0001:00002ff0       ?Dot11ExtUIPropertySetSelected@CExtUIKey@@UEAAJPEA_WPEAU_DOT11EXT_IHV_PARAMS@@PEAPEA_WPEAH@Z 0000000180003ff0 f   CCXExtUI.obj
 0001:000030f0       ?Dot11ExtUIPropertyGetDisplayInfo@CExtUIKey@@UEAAJW4_DOT11_EXT_UI_DISPLAY_INFO_TYPE@@PEA_WPEAU_DOT11EXT_IHV_PARAMS@@PEAK3PEAPEAU_DOT11_EXT_UI_PROPERTY_DISPLAY_INFO@@@Z 00000001800040f0 f   CCXExtUI.obj
 0001:00003240       ?Dot11ExtUIPropertySetDisplayInfo@CExtUIKey@@UEAAJW4_DOT11_EXT_UI_DISPLAY_INFO_TYPE@@PEA_WPEAU_DOT11EXT_IHV_PARAMS@@PEAU_DOT11_EXT_UI_PROPERTY_DISPLAY_INFO@@PEAPEA_WPEAH@Z 0000000180004240 f   CCXExtUI.obj
 0001:00003240       ?Dot11ExtUIPropertySetDisplayInfo@CExtUISec@@UEAAJW4_DOT11_EXT_UI_DISPLAY_INFO_TYPE@@PEA_WPEAU_DOT11EXT_IHV_PARAMS@@PEAU_DOT11_EXT_UI_PROPERTY_DISPLAY_INFO@@PEAPEA_WPEAH@Z 0000000180004240 f   CCXExtUI.obj
 0001:00003350       ??1CExtUISec@@QEAA@XZ      0000000180004350 f   CCXExtUI.obj
 0001:00003490       ?Customize@CExtUISec@@QEAAJPEAE@Z 0000000180004490 f   CCXExtUI.obj
 0001:000035c0       ?GetDot11ExtUIPropertyFriendlyName@CExtUISec@@UEAAJPEAPEA_W@Z 00000001800045c0 f   CCXExtUI.obj
 0001:00003670       ?Dot11ExtUIPropertyHasConfigurationUI@CExtUISec@@UEAAJPEAH@Z 0000000180004670 f   CCXExtUI.obj
 0001:000036a0       ?Dot11ExtUIPropertyIsStandardSecurity@CExtUISec@@UEAAJPEAHPEAW4_DOT11_EXT_UI_SECURITY_TYPE@@@Z 00000001800046a0 f   CCXExtUI.obj
 0001:000036e0       ?Dot11ExtUIPropertySetSelected@CExtUISec@@UEAAJPEA_WPEAU_DOT11EXT_IHV_PARAMS@@PEAPEA_WPEAH@Z 00000001800046e0 f   CCXExtUI.obj
 0001:000037e0       ?Dot11ExtUIPropertyGetDisplayInfo@CExtUISec@@UEAAJW4_DOT11_EXT_UI_DISPLAY_INFO_TYPE@@PEA_WPEAU_DOT11EXT_IHV_PARAMS@@PEAK3PEAPEAU_DOT11_EXT_UI_PROPERTY_DISPLAY_INFO@@@Z 00000001800047e0 f   CCXExtUI.obj
 0001:00003920       ?Notify_IsValid@WapiKeyInputDlg@@UEAAXH@Z 0000000180004920 f i CCXExtUI.obj
 0001:00003950       ?DisplayDot11ExtUIProperty@CExtUISec@@UEAAJPEAUHWND__@@PEA_WPEAU_DOT11EXT_IHV_PARAMS@@PEAPEA_WPEAH@Z 0000000180004950 f   CCXExtUI.obj
 0001:00003f30       ?GetDot11ExtUIPropertyFriendlyName@CExtUICon@@UEAAJPEAPEA_W@Z 0000000180004f30 f   CCXExtUI.obj
 0001:00003f70       ?Dot11ExtUIPropertyHasConfigurationUI@CExtUICon@@UEAAJPEAH@Z 0000000180004f70 f   CCXExtUI.obj
 0001:00003f90       ?MessageBoxW@@YAHPEAUHWND__@@III@Z 0000000180004f90 f   CCXExtUI.obj
 0001:000040d0       ?DisplayDot11ExtUIProperty@CExtUICon@@UEAAJPEAUHWND__@@PEA_WPEAU_DOT11EXT_IHV_PARAMS@@PEAPEA_WPEAH@Z 00000001800050d0 f   CCXExtUI.obj
 0001:00004b90       ?CreateConnFragment@CExtUICon@@AEAAPEA_WPEA_W0@Z 0000000180005b90 f   CCXExtUI.obj
 0001:00004db0       ??1?$basic_string@_WU?$char_traits@_W@std@@V?$allocator@_W@2@@std@@QEAA@XZ 0000000180005db0 f i CCXExtUI.obj
 0001:00004de0       ?assign@?$basic_string@DU?$char_traits@D@std@@V?$allocator@D@2@@std@@QEAAAEAV12@AEBV12@_K1@Z 0000000180005de0 f i CCXExtUI.obj
 0001:00004f10       ?_Tidy@?$basic_string@_WU?$char_traits@_W@std@@V?$allocator@_W@2@@std@@QEAAX_N_K@Z 0000000180005f10 f i CCXExtUI.obj
 0001:00004f70       ?assign@?$basic_string@DU?$char_traits@D@std@@V?$allocator@D@2@@std@@QEAAAEAV12@PEBD_K@Z 0000000180005f70 f i CCXExtUI.obj
 0001:000050b0       ?erase@?$basic_string@DU?$char_traits@D@std@@V?$allocator@D@2@@std@@QEAAAEAV12@_K0@Z 00000001800060b0 f i CCXExtUI.obj
 0001:00005180       ?_Copy@?$basic_string@DU?$char_traits@D@std@@V?$allocator@D@2@@std@@QEAAX_K0@Z 0000000180006180 f i CCXExtUI.obj
 0001:00005290       ??$GetCredentialDlgProc@VWapiKeyInputPropDlg@@@CExtUI@@CA_JPEAUHWND__@@I_K_J@Z 0000000180006290 f i CCXExtUI.obj
 0001:000055e0       ??$GetCredentialDlgProc@VWapiCertPropDlg@@@CExtUI@@CA_JPEAUHWND__@@I_K_J@Z 00000001800065e0 f i CCXExtUI.obj
 0001:000057b0       ??$GetThis@VCExtUI@@@@YAPEAVCExtUI@@PEAUHWND__@@I_K_J@Z 00000001800067b0 f i CCXExtUI.obj
 0001:0000580c       ?Release@CExtUI@@W7EAAKXZ  000000018000680c f i CCXExtUI.obj
 0001:00005818       ?Release@CExtUI@@WBA@EAAKXZ 0000000180006818 f i CCXExtUI.obj
 0001:00005824       ?AddRef@CExtUI@@W7EAAKXZ   0000000180006824 f i CCXExtUI.obj
 0001:00005830       ?QueryInterface@CExtUI@@W7EAAJAEBU_GUID@@PEAPEAX@Z 0000000180006830 f i CCXExtUI.obj
 0001:0000583c       ?AddRef@CExtUI@@WBA@EAAKXZ 000000018000683c f i CCXExtUI.obj
 0001:00005848       ?QueryInterface@CExtUI@@WBA@EAAJAEBU_GUID@@PEAPEAX@Z 0000000180006848 f i CCXExtUI.obj
 0001:00005860       ?GetSelectedKeyPtr@ConnConfigDlg@@UEAAPEA_WXZ 0000000180006860 f i ConnConfigDlg.obj
 0001:00005880       ?LaunchDialog@ConnConfigDlg@@SAHPEAUHINSTANCE__@@PEAUHWND__@@PEAVDPTProfile@@H@Z 0000000180006880 f   ConnConfigDlg.obj
 0001:000059f0       ?DialogProc@ConnConfigDlg@@SA_JPEAUHWND__@@I_K_J@Z 00000001800069f0 f   ConnConfigDlg.obj
 0001:00005bb0       ?OnInitDialog@ConnConfigDlg@@UEAAHPEAUHWND__@@@Z 0000000180006bb0 f   ConnConfigDlg.obj
 0001:00005c60       ?Refresh@ConnConfigDlg@@UEAAXXZ 0000000180006c60 f   ConnConfigDlg.obj
 0001:00005d80       ?SelectEditGroup@ConnConfigDlg@@AEAAXH@Z 0000000180006d80 f   ConnConfigDlg.obj
 0001:00005e30       ?OnHideChars@ConnConfigDlg@@UEAAXXZ 0000000180006e30 f   ConnConfigDlg.obj
 0001:00005ed0       ?OnOK@ConnConfigDlg@@UEAAXXZ 0000000180006ed0 f   ConnConfigDlg.obj
 0001:00005f40       ?OnKeyDown@ConnConfigDlg@@UEAAH_K_J@Z 0000000180006f40 f   ConnConfigDlg.obj
 0001:00005f70       ?IsKeyModified@ConnConfigDlg@@UEAAHXZ 0000000180006f70 f   ConnConfigDlg.obj
 0001:00005fc0       ?BinaryToHexRawString@@YAPEA_WQEAEK@Z 0000000180006fc0 f   ihvutils.obj
 0001:00006070       ?HexRawStringToBinary@@YAPEAEPEB_WPEAK@Z 0000000180007070 f   ihvutils.obj
 0001:00006140       ?IsCertificateExpired@@YAHPEBU_CERT_CONTEXT@@@Z 0000000180007140 f   certutil.obj
 0001:000061f0       ?GetCertificateExpiresOn@@YAHPEBU_CERT_CONTEXT@@PEA_WHPEAH@Z 00000001800071f0 f   certutil.obj
 0001:00006290       ?GetCertificateDisplayInfo@@YAHPEBU_CERT_CONTEXT@@PEAPEAU_CERT_DISPLAY_INFO@@@Z 0000000180007290 f   certutil.obj
 0001:000064f0       ?FreeCertificateDisplayInfo@@YAXPEAU_CERT_DISPLAY_INFO@@@Z 00000001800074f0 f   certutil.obj
 0001:000065a0       ??1CBstr@@QEAA@XZ          00000001800075a0 f i DPTProfile.obj
 0001:000065b0       ?xmlSet@DPTProfile@@QEAAXPEAUIXMLDOMDocument@@PEA_W@Z 00000001800075b0 f   DPTProfile.obj
 0001:00006840       ?xmlSet@DPTProfile@@QEAAXPEB_W@Z 0000000180007840 f   DPTProfile.obj
 0001:00006950       ?xmlGet@DPTProfile@@QEAAPEA_WPEAUIXMLDOMDocument@@@Z 0000000180007950 f   DPTProfile.obj
 0001:00006be0       ?xmlGet@DPTProfile@@QEAAPEA_WXZ 0000000180007be0 f   DPTProfile.obj
 0001:00006cb0       ?DPTKey2Hex@DPTProfile@@SAPEA_WPEA_W@Z 0000000180007cb0 f   DPTProfile.obj
 0001:00006e20       ?HexString2Byte@DPTProfile@@SAPEAEPEB_WPEAK@Z 0000000180007e20 f   DPTProfile.obj
 0001:00006f90       ?Hex2DPTKey@DPTProfile@@SAPEA_WPEB_W@Z 0000000180007f90 f   DPTProfile.obj
 0001:00007010       ?GetProfileFragment@DPTProfile@@SAPEA_WPEB_W0@Z 0000000180008010 f   DPTProfile.obj
 0001:000071f0       ?DecryptDPTKey@DPTUtils@@YAPEA_WPEAEK@Z 00000001800081f0 f   DPTUtils.obj
 0001:000072e0       ?OpenDriverRegKey@DriverReg@@YAHPEA_WKAEAPEAUHKEY__@@@Z 00000001800082e0 f   DriverRegW.obj
 0001:000075b0       ?IsDPTAvailable@DriverReg@@YAHPEBU_GUID@@@Z 00000001800085b0 f   DriverRegW.obj
 0001:000077f0       ?BuildStringMap@@YAXPEAUHINSTANCE__@@@Z 00000001800087f0 f   i18nW.obj
 0001:000078d0       ?DestroyStringMap@@YAXXZ   00000001800088d0 f   i18nW.obj
 0001:00007a40       ?TranslateString@@YA?AV?$basic_string@_WU?$char_traits@_W@std@@V?$allocator@_W@2@@std@@PEA_WH@Z 0000000180008a40 f   i18nW.obj
 0001:00007e60       ?LocalizeDialog@@YAXPEAUHWND__@@H@Z 0000000180008e60 f   i18nW.obj
 0001:00007f20       ??0?$basic_string@_WU?$char_traits@_W@std@@V?$allocator@_W@2@@std@@QEAA@PEB_W@Z 0000000180008f20 f i i18nW.obj
 0001:00007f70       ??A?$map@V?$basic_string@_WU?$char_traits@_W@std@@V?$allocator@_W@2@@std@@HU?$less@V?$basic_string@_WU?$char_traits@_W@std@@V?$allocator@_W@2@@std@@@2@V?$allocator@U?$pair@$$CBV?$basic_string@_WU?$char_traits@_W@std@@V?$allocator@_W@2@@std@@H@std@@@2@@std@@QEAAAEAHAEBV?$basic_string@_WU?$char_traits@_W@std@@V?$allocator@_W@2@@1@@Z 0000000180008f70 f i i18nW.obj
 0001:00007ff0       ?_Assign_rv@?$basic_string@_WU?$char_traits@_W@std@@V?$allocator@_W@2@@std@@QEAAX$$QEAV12@@Z 0000000180008ff0 f i i18nW.obj
 0001:00008060       ?_Erase@?$_Tree@V?$_Tmap_traits@V?$basic_string@_WU?$char_traits@_W@std@@V?$allocator@_W@2@@std@@HU?$less@V?$basic_string@_WU?$char_traits@_W@std@@V?$allocator@_W@2@@std@@@2@V?$allocator@U?$pair@$$CBV?$basic_string@_WU?$char_traits@_W@std@@V?$allocator@_W@2@@std@@H@std@@@2@$0A@@std@@@std@@IEAAXPEAU?$_Tree_node@U?$pair@$$CBV?$basic_string@_WU?$char_traits@_W@std@@V?$allocator@_W@2@@std@@H@std@@PEAX@2@@Z 0000000180009060 f i i18nW.obj
 0001:000080f0       ?assign@?$basic_string@_WU?$char_traits@_W@std@@V?$allocator@_W@2@@std@@QEAAAEAV12@AEBV12@_K1@Z 00000001800090f0 f i i18nW.obj
 0001:00008240       ?assign@?$basic_string@_WU?$char_traits@_W@std@@V?$allocator@_W@2@@std@@QEAAAEAV12@PEB_W_K@Z 0000000180009240 f i i18nW.obj
 0001:00008390       ?erase@?$_Tree@V?$_Tmap_traits@V?$basic_string@_WU?$char_traits@_W@std@@V?$allocator@_W@2@@std@@HU?$less@V?$basic_string@_WU?$char_traits@_W@std@@V?$allocator@_W@2@@std@@@2@V?$allocator@U?$pair@$$CBV?$basic_string@_WU?$char_traits@_W@std@@V?$allocator@_W@2@@std@@H@std@@@2@$0A@@std@@@std@@QEAA?AV?$_Tree_iterator@V?$_Tree_val@U?$_Tree_simple_types@U?$pair@$$CBV?$basic_string@_WU?$char_traits@_W@std@@V?$allocator@_W@2@@std@@H@std@@@std@@@std@@@2@V?$_Tree_const_iterator@V?$_Tree_val@U?$_Tree_simple_types@U?$pair@$$CBV?$basic_string@_WU?$char_traits@_W@std@@V?$allocator@_W@2@@std@@H@std@@@std@@@std@@@2@0@Z 0000000180009390 f i i18nW.obj
 0001:000084a0       ?_Lbound@?$_Tree@V?$_Tmap_traits@V?$basic_string@_WU?$char_traits@_W@std@@V?$allocator@_W@2@@std@@HU?$less@V?$basic_string@_WU?$char_traits@_W@std@@V?$allocator@_W@2@@std@@@2@V?$allocator@U?$pair@$$CBV?$basic_string@_WU?$char_traits@_W@std@@V?$allocator@_W@2@@std@@H@std@@@2@$0A@@std@@@std@@IEAAPEAU?$_Tree_node@U?$pair@$$CBV?$basic_string@_WU?$char_traits@_W@std@@V?$allocator@_W@2@@std@@H@std@@PEAX@2@AEBV?$basic_string@_WU?$char_traits@_W@std@@V?$allocator@_W@2@@2@@Z 00000001800094a0 f i i18nW.obj
 0001:00008570       ?erase@?$basic_string@_WU?$char_traits@_W@std@@V?$allocator@_W@2@@std@@QEAAAEAV12@_K0@Z 0000000180009570 f i i18nW.obj
 0001:00008620       ?_Grow@?$basic_string@_WU?$char_traits@_W@std@@V?$allocator@_W@2@@std@@QEAA_N_K_N@Z 0000000180009620 f i i18nW.obj
 0001:00008700       ?erase@?$_Tree@V?$_Tmap_traits@V?$basic_string@_WU?$char_traits@_W@std@@V?$allocator@_W@2@@std@@HU?$less@V?$basic_string@_WU?$char_traits@_W@std@@V?$allocator@_W@2@@std@@@2@V?$allocator@U?$pair@$$CBV?$basic_string@_WU?$char_traits@_W@std@@V?$allocator@_W@2@@std@@H@std@@@2@$0A@@std@@@std@@QEAA?AV?$_Tree_iterator@V?$_Tree_val@U?$_Tree_simple_types@U?$pair@$$CBV?$basic_string@_WU?$char_traits@_W@std@@V?$allocator@_W@2@@std@@H@std@@@std@@@std@@@2@V?$_Tree_const_iterator@V?$_Tree_val@U?$_Tree_simple_types@U?$pair@$$CBV?$basic_string@_WU?$char_traits@_W@std@@V?$allocator@_W@2@@std@@H@std@@@std@@@std@@@2@@Z 0000000180009700 f i i18nW.obj
 0001:00008ac0       ??0?$_Wrap_alloc@V?$allocator@U?$_Tree_node@U?$pair@$$CBV?$basic_string@_WU?$char_traits@_W@std@@V?$allocator@_W@2@@std@@H@std@@PEAX@std@@@std@@@std@@QEAA@XZ 0000000180009ac0 f i i18nW.obj
 0001:00008ad0       ?_Copy@?$basic_string@_WU?$char_traits@_W@std@@V?$allocator@_W@2@@std@@QEAAX_K0@Z 0000000180009ad0 f i i18nW.obj
 0001:00008bf0       ?_Lrotate@?$_Tree@V?$_Tmap_traits@V?$basic_string@_WU?$char_traits@_W@std@@V?$allocator@_W@2@@std@@HU?$less@V?$basic_string@_WU?$char_traits@_W@std@@V?$allocator@_W@2@@std@@@2@V?$allocator@U?$pair@$$CBV?$basic_string@_WU?$char_traits@_W@std@@V?$allocator@_W@2@@std@@H@std@@@2@$0A@@std@@@std@@IEAAXPEAU?$_Tree_node@U?$pair@$$CBV?$basic_string@_WU?$char_traits@_W@std@@V?$allocator@_W@2@@std@@H@std@@PEAX@2@@Z 0000000180009bf0 f i i18nW.obj
 0001:00008c50       ?_Rrotate@?$_Tree@V?$_Tmap_traits@V?$basic_string@_WU?$char_traits@_W@std@@V?$allocator@_W@2@@std@@HU?$less@V?$basic_string@_WU?$char_traits@_W@std@@V?$allocator@_W@2@@std@@@2@V?$allocator@U?$pair@$$CBV?$basic_string@_WU?$char_traits@_W@std@@V?$allocator@_W@2@@std@@H@std@@@2@$0A@@std@@@std@@IEAAXPEAU?$_Tree_node@U?$pair@$$CBV?$basic_string@_WU?$char_traits@_W@std@@V?$allocator@_W@2@@std@@H@std@@PEAX@2@@Z 0000000180009c50 f i i18nW.obj
 0001:00008cb0       ?_Buyheadnode@?$_Tree_alloc@$0A@U?$_Tree_base_types@U?$pair@$$CBV?$basic_string@_WU?$char_traits@_W@std@@V?$allocator@_W@2@@std@@H@std@@V?$allocator@U?$pair@$$CBV?$basic_string@_WU?$char_traits@_W@std@@V?$allocator@_W@2@@std@@H@std@@@2@@std@@@std@@QEAAPEAU?$_Tree_node@U?$pair@$$CBV?$basic_string@_WU?$char_traits@_W@std@@V?$allocator@_W@2@@std@@H@std@@PEAX@2@XZ 0000000180009cb0 f i i18nW.obj
 0001:00008cf0       ??$?H_WU?$char_traits@_W@std@@V?$allocator@_W@1@@std@@YA?AV?$basic_string@_WU?$char_traits@_W@std@@V?$allocator@_W@2@@0@AEBV10@PEB_W@Z 0000000180009cf0 f i i18nW.obj
 0001:00008db0       ?compare@?$basic_string@_WU?$char_traits@_W@std@@V?$allocator@_W@2@@std@@QEBAHAEBV12@@Z 0000000180009db0 f i i18nW.obj
 0001:00008e40       ?append@?$basic_string@_WU?$char_traits@_W@std@@V?$allocator@_W@2@@std@@QEAAAEAV12@AEBV12@_K1@Z 0000000180009e40 f i i18nW.obj
 0001:00008f80       ?append@?$basic_string@_WU?$char_traits@_W@std@@V?$allocator@_W@2@@std@@QEAAAEAV12@PEB_W_K@Z 0000000180009f80 f i i18nW.obj
 0001:000090e0       ??$_Buynode@AEBUpiecewise_construct_t@std@@V?$tuple@AEBV?$basic_string@_WU?$char_traits@_W@std@@V?$allocator@_W@2@@std@@@2@V?$tuple@$$$V@2@@?$_Tree_buy@U?$pair@$$CBV?$basic_string@_WU?$char_traits@_W@std@@V?$allocator@_W@2@@std@@H@std@@V?$allocator@U?$pair@$$CBV?$basic_string@_WU?$char_traits@_W@std@@V?$allocator@_W@2@@std@@H@std@@@2@@std@@QEAAPEAU?$_Tree_node@U?$pair@$$CBV?$basic_string@_WU?$char_traits@_W@std@@V?$allocator@_W@2@@std@@H@std@@PEAX@1@AEBUpiecewise_construct_t@1@$$QEAV?$tuple@AEBV?$basic_string@_WU?$char_traits@_W@std@@V?$allocator@_W@2@@std@@@1@$$QEAV?$tuple@$$$V@1@@Z 000000018000a0e0 f i i18nW.obj
 0001:00009160       ??$_Insert_hint@AEAU?$pair@$$CBV?$basic_string@_WU?$char_traits@_W@std@@V?$allocator@_W@2@@std@@H@std@@PEAU?$_Tree_node@U?$pair@$$CBV?$basic_string@_WU?$char_traits@_W@std@@V?$allocator@_W@2@@std@@H@std@@PEAX@2@@?$_Tree@V?$_Tmap_traits@V?$basic_string@_WU?$char_traits@_W@std@@V?$allocator@_W@2@@std@@HU?$less@V?$basic_string@_WU?$char_traits@_W@std@@V?$allocator@_W@2@@std@@@2@V?$allocator@U?$pair@$$CBV?$basic_string@_WU?$char_traits@_W@std@@V?$allocator@_W@2@@std@@H@std@@@2@$0A@@std@@@std@@IEAA?AV?$_Tree_iterator@V?$_Tree_val@U?$_Tree_simple_types@U?$pair@$$CBV?$basic_string@_WU?$char_traits@_W@std@@V?$allocator@_W@2@@std@@H@std@@@std@@@std@@@1@V?$_Tree_const_iterator@V?$_Tree_val@U?$_Tree_simple_types@U?$pair@$$CBV?$basic_string@_WU?$char_traits@_W@std@@V?$allocator@_W@2@@std@@H@std@@@std@@@std@@@1@AEAU?$pair@$$CBV?$basic_string@_WU?$char_traits@_W@std@@V?$allocator@_W@2@@std@@H@1@PEAU?$_Tree_node@U?$pair@$$CBV?$basic_string@_WU?$char_traits@_W@std@@V?$allocator@_W@2@@std@@H@std@@PEAX@1@@Z 000000018000a160 f i i18nW.obj
 0001:00009410       ?_Destroy_if_not_nil@?$_Tree@V?$_Tmap_traits@V?$basic_string@_WU?$char_traits@_W@std@@V?$allocator@_W@2@@std@@HU?$less@V?$basic_string@_WU?$char_traits@_W@std@@V?$allocator@_W@2@@std@@@2@V?$allocator@U?$pair@$$CBV?$basic_string@_WU?$char_traits@_W@std@@V?$allocator@_W@2@@std@@H@std@@@2@$0A@@std@@@std@@IEAAXPEAU?$_Tree_node@U?$pair@$$CBV?$basic_string@_WU?$char_traits@_W@std@@V?$allocator@_W@2@@std@@H@std@@PEAX@2@@Z 000000018000a410 f i i18nW.obj
 0001:00009450       ?_Buynode0@?$_Tree_buy@U?$pair@$$CBV?$basic_string@_WU?$char_traits@_W@std@@V?$allocator@_W@2@@std@@H@std@@V?$allocator@U?$pair@$$CBV?$basic_string@_WU?$char_traits@_W@std@@V?$allocator@_W@2@@std@@H@std@@@2@@std@@QEAAPEAU?$_Tree_node@U?$pair@$$CBV?$basic_string@_WU?$char_traits@_W@std@@V?$allocator@_W@2@@std@@H@std@@PEAX@2@XZ 000000018000a450 f i i18nW.obj
 0001:000094b0       ??$_Insert_at@AEAU?$pair@$$CBV?$basic_string@_WU?$char_traits@_W@std@@V?$allocator@_W@2@@std@@H@std@@PEAU?$_Tree_node@U?$pair@$$CBV?$basic_string@_WU?$char_traits@_W@std@@V?$allocator@_W@2@@std@@H@std@@PEAX@2@@?$_Tree@V?$_Tmap_traits@V?$basic_string@_WU?$char_traits@_W@std@@V?$allocator@_W@2@@std@@HU?$less@V?$basic_string@_WU?$char_traits@_W@std@@V?$allocator@_W@2@@std@@@2@V?$allocator@U?$pair@$$CBV?$basic_string@_WU?$char_traits@_W@std@@V?$allocator@_W@2@@std@@H@std@@@2@$0A@@std@@@std@@IEAA?AV?$_Tree_iterator@V?$_Tree_val@U?$_Tree_simple_types@U?$pair@$$CBV?$basic_string@_WU?$char_traits@_W@std@@V?$allocator@_W@2@@std@@H@std@@@std@@@std@@@1@_NPEAU?$_Tree_node@U?$pair@$$CBV?$basic_string@_WU?$char_traits@_W@std@@V?$allocator@_W@2@@std@@H@std@@PEAX@1@AEAU?$pair@$$CBV?$basic_string@_WU?$char_traits@_W@std@@V?$allocator@_W@2@@std@@H@1@1@Z 000000018000a4b0 f i i18nW.obj
 0001:000097b0       ??$_Insert_nohint@AEAU?$pair@$$CBV?$basic_string@_WU?$char_traits@_W@std@@V?$allocator@_W@2@@std@@H@std@@PEAU?$_Tree_node@U?$pair@$$CBV?$basic_string@_WU?$char_traits@_W@std@@V?$allocator@_W@2@@std@@H@std@@PEAX@2@@?$_Tree@V?$_Tmap_traits@V?$basic_string@_WU?$char_traits@_W@std@@V?$allocator@_W@2@@std@@HU?$less@V?$basic_string@_WU?$char_traits@_W@std@@V?$allocator@_W@2@@std@@@2@V?$allocator@U?$pair@$$CBV?$basic_string@_WU?$char_traits@_W@std@@V?$allocator@_W@2@@std@@H@std@@@2@$0A@@std@@@std@@IEAA?AU?$pair@V?$_Tree_iterator@V?$_Tree_val@U?$_Tree_simple_types@U?$pair@$$CBV?$basic_string@_WU?$char_traits@_W@std@@V?$allocator@_W@2@@std@@H@std@@@std@@@std@@@std@@_N@1@_NAEAU?$pair@$$CBV?$basic_string@_WU?$char_traits@_W@std@@V?$allocator@_W@2@@std@@H@1@PEAU?$_Tree_node@U?$pair@$$CBV?$basic_string@_WU?$char_traits@_W@std@@V?$allocator@_W@2@@std@@H@std@@PEAX@1@@Z 000000018000a7b0 f i i18nW.obj
 0001:000099d0       ??1CProfileIHVSecurity@@QEAA@XZ 000000018000a9d0 f   CCXProfile.obj
 0001:00009a30       ?IsValid@CProfileIHVSecurity@@QEAAHXZ 000000018000aa30 f   CCXProfile.obj
 0001:00009ae0       ?xmlSet@CProfileIHVSecurity@@QEAAXPEB_W@Z 000000018000aae0 f   CCXProfile.obj
 0001:0000a1d0       ?xmlGet@CProfileIHVSecurity@@QEAAPEA_WXZ 000000018000b1d0 f   CCXProfile.obj
 0001:0000a880       ?IsValid@CProfileIHVConnectivity@@QEAAHXZ 000000018000b880 f   CCXProfile.obj
 0001:0000a960       ?xmlSet@CProfileIHVConnectivity@@QEAAXPEB_W@Z 000000018000b960 f   CCXProfile.obj
 0001:0000b1f0       ?xmlGet@CProfileIHVConnectivity@@QEAAPEA_WXZ 000000018000c1f0 f   CCXProfile.obj
 0001:0000ba60       ?Hex2Ssid@CProfileIHVConnectivity@@SA_NPEB_WPEAEPEAH@Z 000000018000ca60 f   CCXProfile.obj
 0001:0000bc00       ?Name2Ssid@CProfileIHVConnectivity@@SA_NPEB_WPEAEPEAH@Z 000000018000cc00 f   CCXProfile.obj
 0001:0000bc60       ?LoadStringResource@@YAKPEAUHINSTANCE__@@IAEAPEA_WPEAK@Z 000000018000cc60 f   strings.obj
 0001:0000bd50       ?OnInitDialog@CertPropertyDlg@@MEAAHPEAUHWND__@@@Z 000000018000cd50 f   CertPropertyDlg.obj
 0001:0000bd80       ?OnOK@CertPropertyDlg@@UEAAXXZ 000000018000cd80 f   CertPropertyDlg.obj
 0001:0000bdc0       ?OnCancel@CertPropertyDlg@@UEAAXXZ 000000018000cdc0 f   CertPropertyDlg.obj
 0001:0000bde0       ?CertificateFilterFunction@@YAHPEBU_CERT_CONTEXT@@PEAHPEAX@Z 000000018000cde0 f   CertPropertyDlg.obj
 0001:0000be80       ?OnViewCertificate@CertPropertyDlg@@UEAAHXZ 000000018000ce80 f   CertPropertyDlg.obj
 0001:0000bef0       ?OnSelectCertificate@CertPropertyDlg@@UEAAHXZ 000000018000cef0 f   CertPropertyDlg.obj
 0001:0000c080       ?CheckValid@CertPropertyDlg@@UEBAKPEBU_CERT_CONTEXT@@@Z 000000018000d080 f   CertPropertyDlg.obj
 0001:0000c0b0       ?SetCertificate@CertPropertyDlg@@EEAAXPEBU_CERT_CONTEXT@@@Z 000000018000d0b0 f   CertPropertyDlg.obj
 0001:0000c0f0       ?Refresh@CertPropertyDlg@@EEAAXXZ 000000018000d0f0 f   CertPropertyDlg.obj
 0001:0000c270       ?DialogProc@CertPropertyDlg@@SA_JPEAUHWND__@@I_K_J@Z 000000018000d270 f   CertPropertyDlg.obj
 0001:0000c370       ?InitCertificateListView@@YAXPEAUHINSTANCE__@@PEAUHWND__@@PEAXP6AHPEBU_CERT_CONTEXT@@PEAH2@Z2@Z 000000018000d370 f   CertPropertyDlg.obj
 0001:0000c5a0       ?CleanupCertificateListView@@YAXPEAUHWND__@@@Z 000000018000d5a0 f   CertPropertyDlg.obj
 0001:0000c630       ?Refresh@CertSelectorDlg@@EEAAXXZ 000000018000d630 f   CertPropertyDlg.obj
 0001:0000c6c0       ?DialogProc@CertSelectorDlg@@SA_JPEAUHWND__@@I_K_J@Z 000000018000d6c0 f   CertPropertyDlg.obj
 0001:0000c840       ?DialogProc@KeyInputDlg@@SA_JPEAUHWND__@@I_K_J@Z 000000018000d840 f   KeyInputDlgW.obj
 0001:0000c9b0       ??0KeyInputDlg@@QEAA@PEAUHINSTANCE__@@PEA_WHHK@Z 000000018000d9b0 f   KeyInputDlgW.obj
 0001:0000ca80       ?OnInitDialog@KeyInputDlg@@UEAAHPEAUHWND__@@@Z 000000018000da80 f   KeyInputDlgW.obj
 0001:0000cac0       ?InitEditGroup@KeyInputDlg@@UEAAXXZ 000000018000dac0 f   KeyInputDlgW.obj
 0001:0000cbb0       ?Refresh@KeyInputDlg@@UEAAXXZ 000000018000dbb0 f   KeyInputDlgW.obj
 0001:0000cd50       ?SelectEditGroup@KeyInputDlg@@IEAAXPEAU_tKeyInEditGroup@1@@Z 000000018000dd50 f   KeyInputDlgW.obj
 0001:0000cdf0       ?ReflectEnableState@KeyInputDlg@@IEAAXPEAU_tKeyInEditGroup@1@@Z 000000018000ddf0 f   KeyInputDlgW.obj
 0001:0000cee0       ?OnEditChange@KeyInputDlg@@UEAAXH@Z 000000018000dee0 f   KeyInputDlgW.obj
 0001:0000cf00       ?OnChangeKey@KeyInputDlg@@IEAAXPEAU_tKeyInEditGroup@1@@Z 000000018000df00 f   KeyInputDlgW.obj
 0001:0000d080       ?OnChangeConfirmKey@KeyInputDlg@@IEAAXPEAU_tKeyInEditGroup@1@@Z 000000018000e080 f   KeyInputDlgW.obj
 0001:0000d210       ?UpdateKeyDisplay@KeyInputDlg@@IEAAXPEAU_tKeyInEditGroup@1@HH@Z 000000018000e210 f   KeyInputDlgW.obj
 0001:0000d300       ?OnEditFocus@KeyInputDlg@@UEAAXH@Z 000000018000e300 f   KeyInputDlgW.obj
 0001:0000d340       ?OnHideChars@KeyInputDlg@@UEAAXXZ 000000018000e340 f   KeyInputDlgW.obj
 0001:0000d390       ?HideEditGroup@KeyInputDlg@@IEAAXHPEAU_tKeyInEditGroup@1@H@Z 000000018000e390 f   KeyInputDlgW.obj
 0001:0000d4e0       ?ReportError@KeyInputDlg@@IEAAXH@Z 000000018000e4e0 f   KeyInputDlgW.obj
 0001:0000d590       ?IsValid@KeyInputDlg@@IEAAHPEAU_tKeyInEditGroup@1@@Z 000000018000e590 f   KeyInputDlgW.obj
 0001:0000d6e0       ?ValidateKey@KeyInputDlg@@UEAAHPEB_W@Z 000000018000e6e0 f   KeyInputDlgW.obj
 0001:0000d780       ?OnOK@KeyInputDlg@@UEAAXXZ 000000018000e780 f   KeyInputDlgW.obj
 0001:0000d7d0       ?OnCancel@KeyInputDlg@@UEAAXXZ 000000018000e7d0 f   KeyInputDlgW.obj
 0001:0000d7f0       ?OnKeyDown@KeyInputDlg@@UEAAH_K_J@Z 000000018000e7f0 f   KeyInputDlgW.obj
 0001:0000d810       ?OnKeyDown@KeyInputDlg@@UEAAHPEAU_tKeyInEditGroup@1@_K_J@Z 000000018000e810 f   KeyInputDlgW.obj
 0001:0000d8d0       ?IsKeyModified@KeyInputDlg@@UEAAHXZ 000000018000e8d0 f   KeyInputDlgW.obj
 0001:0000d920       ?_com_issue_error@@YAXJ@Z  000000018000e920 f   comsuppw:comsupp.obj
 0001:0000d930       ??0_com_error@@QEAA@AEBV0@@Z 000000018000e930 f i comsuppw:comraise.obj
 0001:0000d970       ??1_com_error@@UEAA@XZ     000000018000e970 f i comsuppw:comraise.obj
 0001:0000d9b0       ??_G_com_error@@UEAAPEAXI@Z 000000018000e9b0 f i comsuppw:comraise.obj
 0001:0000d9b0       ??_E_com_error@@UEAAPEAXI@Z 000000018000e9b0 f i comsuppw:comraise.obj
 0001:0000da10       ?_com_raise_error@@YAXJPEAUIErrorInfo@@@Z 000000018000ea10 f   comsuppw:comraise.obj
 0001:0000da60       __security_check_cookie    000000018000ea60 f   LIBCMT:amdsecgs.obj
 0001:0000da80       ??3@YAXPEAX@Z              000000018000ea80 f   LIBCMT:delete.obj
 0001:0000da88       ??8type_info@@QEBA_NAEBV0@@Z 000000018000ea88 f   LIBCMT:typinfo.obj
 0001:0000daa8       ??_Etype_info@@UEAAPEAXI@Z 000000018000eaa8 f i LIBCMT:typinfo.obj
 0001:0000daa8       ??_Gtype_info@@UEAAPEAXI@Z 000000018000eaa8 f i LIBCMT:typinfo.obj
 0001:0000dae4       ??0bad_alloc@std@@QEAA@AEBV01@@Z 000000018000eae4 f i LIBCMT:new.obj
 0001:0000db08       ??1bad_alloc@std@@UEAA@XZ  000000018000eb08 f i LIBCMT:new.obj
 0001:0000db18       ??2@YAPEAX_K@Z             000000018000eb18 f   LIBCMT:new.obj
 0001:0000db84       ??_Gbad_alloc@std@@UEAAPEAXI@Z 000000018000eb84 f i LIBCMT:new.obj
 0001:0000db84       ??_Ebad_alloc@std@@UEAAPEAXI@Z 000000018000eb84 f i LIBCMT:new.obj
 0001:0000dbc0       swprintf_s                 000000018000ebc0 f   LIBCMT:swprintf.obj
 0001:0000dbe4       wcsncpy_s                  000000018000ebe4 f   LIBCMT:wcsncpy_s.obj
 0001:0000dcc0       memcpy                     000000018000ecc0 f   LIBCMT:memcpy.obj
 0001:0000dcc0       memmove                    000000018000ecc0 f   LIBCMT:memcpy.obj
 0001:0000e228       ??_U@YAPEAX_K@Z            000000018000f228 f   LIBCMT:new2.obj
 0001:0000e230       ??_U@YAPEAX_KAEBUnothrow_t@std@@@Z 000000018000f230 f   LIBCMT:newaopnt.obj
 0001:0000e238       __onexitinit               000000018000f238 f   LIBCMT:onexit.obj
 0001:0000e27c       _onexit                    000000018000f27c f   LIBCMT:onexit.obj
 0001:0000e388       atexit                     000000018000f388 f   LIBCMT:onexit.obj
 0001:0000e3a0       wcsstr                     000000018000f3a0 f   LIBCMT:wcsstr.obj
 0001:0000e59c       ??_V@YAXPEAX@Z             000000018000f59c f   LIBCMT:delete2.obj
 0001:0000e5a4       _purecall                  000000018000f5a4 f   LIBCMT:purevirt.obj
 0001:0000e5d0       memcpy_s                   000000018000f5d0 f   LIBCMT:memcpy_s.obj
 0001:0000e658       ??2@YAPEAX_KAEBUnothrow_t@std@@@Z 000000018000f658 f   LIBCMT:newopnt.obj
 0001:0000e678       wcschr                     000000018000f678 f   LIBCMT:wcschr.obj
 0001:0000e8ec       wcstol                     000000018000f8ec f   LIBCMT:wcstol.obj
 0001:0000e8f4       wcstoul                    000000018000f8f4 f   LIBCMT:wcstol.obj
 0001:0000e900       ??0_LocaleUpdate@@QEAA@PEAUlocaleinfo_struct@@@Z 000000018000f900 f i LIBCMT:wcsnicmp.obj
 0001:0000e9a8       _wcsnicmp                  000000018000f9a8 f   LIBCMT:wcsnicmp.obj
 0001:0000ea40       _wcsnicmp_l                000000018000fa40 f   LIBCMT:wcsnicmp.obj
 0001:0000eb58       __raise_securityfailure    000000018000fb58 f   LIBCMT:gs_report.obj
 0001:0000eba4       __report_gsfailure         000000018000fba4 f   LIBCMT:gs_report.obj
 0001:0000ec78       wcscpy_s                   000000018000fc78 f   LIBCMT:wcscpy_s.obj
 0001:0000ece4       _wtoi                      000000018000fce4 f   LIBCMT:wtox.obj
 0001:0000ecf0       free                       000000018000fcf0 f   LIBCMT:free.obj
 0001:0000ed30       malloc                     000000018000fd30 f   LIBCMT:malloc.obj
 0001:0000ede8       wcsspn                     000000018000fde8 f   LIBCMT:wcsspn.obj
 0001:0000ee2c       _wcsicmp                   000000018000fe2c f   LIBCMT:wcsicmp.obj
 0001:0000eeb0       _wcsicmp_l                 000000018000feb0 f   LIBCMT:wcsicmp.obj
 0001:0000efa0       _itow                      000000018000ffa0 f   LIBCMT:xtow.obj
 0001:0000f03c       _CRT_INIT                  000000018001003c f   LIBCMT:dllcrt0.obj
 0001:0000f19c       _DllMainCRTStartup         000000018001019c f   LIBCMT:dllcrt0.obj
 0001:0000f2fc       _CxxThrowException         00000001800102fc f   LIBCMT:throw.obj
 0001:0000f3f0       __GSHandlerCheck_SEH       00000001800103f0 f   LIBCMT:gshandlerseh.obj
 0001:0000f4a0       __chkstk                   00000001800104a0 f   LIBCMT:chkstk.obj
 0001:0000f4a0       _alloca_probe              00000001800104a0 f   LIBCMT:chkstk.obj
 0001:0000f500       memset                     0000000180010500 f   LIBCMT:memset.obj
 0001:0000f72c       _fpmath                    000000018001072c f   LIBCMT:fpinit.obj
 0001:0000f734       _cfltcvt_init              0000000180010734 f   LIBCMT:fpinit.obj
 0001:0000f7d0       strcmp                     00000001800107d0 f   LIBCMT:strcmp.obj
 0001:0000f838       ?_Type_info_dtor@type_info@@CAXPEAV1@@Z 0000000180010838 f   LIBCMT:typname.obj
 0001:0000f8a4       ??0exception@std@@QEAA@AEBQEBD@Z 00000001800108a4 f   LIBCMT:stdexcpt.obj
 0001:0000f8d4       ??0exception@std@@QEAA@AEBQEBDH@Z 00000001800108d4 f   LIBCMT:stdexcpt.obj
 0001:0000f8f0       ??0exception@std@@QEAA@AEBV01@@Z 00000001800108f0 f   LIBCMT:stdexcpt.obj
 0001:0000f91c       ??1exception@std@@UEAA@XZ  000000018001091c f   LIBCMT:stdexcpt.obj
 0001:0000f92c       ??4exception@std@@QEAAAEAV01@AEBV01@@Z 000000018001092c f   LIBCMT:stdexcpt.obj
 0001:0000f970       ??_Eexception@std@@UEAAPEAXI@Z 0000000180010970 f i LIBCMT:stdexcpt.obj
 0001:0000f970       ??_Gexception@std@@UEAAPEAXI@Z 0000000180010970 f i LIBCMT:stdexcpt.obj
 0001:0000f9ac       ?_Copy_str@exception@std@@AEAAXPEBD@Z 00000001800109ac f   LIBCMT:stdexcpt.obj
 0001:0000fa08       ?_Tidy@exception@std@@AEAAXXZ 0000000180010a08 f   LIBCMT:stdexcpt.obj
 0001:0000fa30       ?what@exception@std@@UEBAPEBDXZ 0000000180010a30 f   LIBCMT:stdexcpt.obj
 0001:0000fa44       _callnewh                  0000000180010a44 f   LIBCMT:handler.obj
 0001:0000fa78       _initp_heap_handler        0000000180010a78 f   LIBCMT:handler.obj
 0001:0000fa80       _call_reportfault          0000000180010a80 f   LIBCMT:invarg.obj
 0001:0000fb74       _initp_misc_invarg         0000000180010b74 f   LIBCMT:invarg.obj
 0001:0000fb7c       _invalid_parameter         0000000180010b7c f   LIBCMT:invarg.obj
 0001:0000fbe4       _invalid_parameter_noinfo  0000000180010be4 f   LIBCMT:invarg.obj
 0001:0000fc04       _invoke_watson             0000000180010c04 f   LIBCMT:invarg.obj
 0001:0000fc40       _flsbuf                    0000000180010c40 f   LIBCMT:_flsbuf.obj
 0001:0000fdcc       _vswprintf_helper          0000000180010dcc f   LIBCMT:vswprnc.obj
 0001:0000fee8       _vswprintf_s_l             0000000180010ee8 f   LIBCMT:vswprnc.obj
 0001:0000ff64       __doserrno                 0000000180010f64 f   LIBCMT:dosmap.obj
 0001:0000ff84       _dosmaperr                 0000000180010f84 f   LIBCMT:dosmap.obj
 0001:0000ffd4       _errno                     0000000180010fd4 f   LIBCMT:dosmap.obj
 0001:0000fff4       _get_errno_from_oserr      0000000180010ff4 f   LIBCMT:dosmap.obj
 0001:00010044       __isa_available_init       0000000180011044 f   LIBCMT:cpu_disp.obj
 0001:000101bc       __crtCorExitProcess        00000001800111bc f   LIBCMT:crt0dat.obj
 0001:00010200       __crtExitProcess           0000000180011200 f   LIBCMT:crt0dat.obj
 0001:00010218       __freeCrtMemory            0000000180011218 f   LIBCMT:crt0dat.obj
 0001:00010360       _amsg_exit                 0000000180011360 f   LIBCMT:crt0dat.obj
 0001:00010388       _cexit                     0000000180011388 f   LIBCMT:crt0dat.obj
 0001:00010398       _cinit                     0000000180011398 f   LIBCMT:crt0dat.obj
 0001:00010448       _exit                      0000000180011448 f   LIBCMT:crt0dat.obj
 0001:00010454       _init_pointers             0000000180011454 f   LIBCMT:crt0dat.obj
 0001:000104d4       _initterm_e                00000001800114d4 f   LIBCMT:crt0dat.obj
 0001:00010510       _lockexit                  0000000180011510 f   LIBCMT:crt0dat.obj
 0001:0001051c       _unlockexit                000000018001151c f   LIBCMT:crt0dat.obj
 0001:000106c0       _msize                     00000001800116c0 f   LIBCMT:msize.obj
 0001:000106fc       _calloc_crt                00000001800116fc f   LIBCMT:crtheap.obj
 0001:0001077c       _malloc_crt                000000018001177c f   LIBCMT:crtheap.obj
 0001:000107f8       _realloc_crt               00000001800117f8 f   LIBCMT:crtheap.obj
 0001:0001087c       __C_specific_handler       000000018001187c f   LIBCMT:chandler.obj
 0001:00010a60       _set_abort_behavior        0000000180011a60 f   LIBCMT:abort.obj
 0001:00010a7c       abort                      0000000180011a7c f   LIBCMT:abort.obj
 0001:00010ad4       _initp_misc_purevirt       0000000180011ad4 f   LIBCMT:inithelp.obj
 0001:00010adc       ?_GetEstablisherFrame@@YAPEA_KPEA_KPEAU_xDISPATCHER_CONTEXT@@PEBU_s_FuncInfo@@0@Z 0000000180011adc f   LIBCMT:trnsctrl.obj
 0001:00010ba8       ?_GetRangeOfTrysToCheck@@YAPEBU_s_TryBlockMapEntry@@PEA_KPEBU_s_FuncInfo@@HHPEAI2PEAU_xDISPATCHER_CONTEXT@@@Z 0000000180011ba8 f   LIBCMT:trnsctrl.obj
 0001:00010cd4       ?__FrameUnwindToEmptyState@@YAXPEA_KPEAU_xDISPATCHER_CONTEXT@@PEBU_s_FuncInfo@@@Z 0000000180011cd4 f   LIBCMT:trnsctrl.obj
 0001:00010d68       ?__SehTransFilter@@YAHPEAU_EXCEPTION_POINTERS@@PEAUEHExceptionRecord@@PEA_KPEAU_CONTEXT@@PEAU_xDISPATCHER_CONTEXT@@PEBU_s_FuncInfo@@PEAH@Z 0000000180011d68 f   LIBCMT:trnsctrl.obj
 0001:00010e0c       _CallSETranslator          0000000180011e0c f   LIBCMT:trnsctrl.obj
 0001:00010e60       _CreateFrameInfo           0000000180011e60 f   LIBCMT:trnsctrl.obj
 0001:00010ea4       _FindAndUnlinkFrame        0000000180011ea4 f   LIBCMT:trnsctrl.obj
 0001:00010f04       _GetImageBase              0000000180011f04 f   LIBCMT:trnsctrl.obj
 0001:00010f1c       _GetThrowImageBase         0000000180011f1c f   LIBCMT:trnsctrl.obj
 0001:00010f34       _IsExceptionObjectToBeDestroyed 0000000180011f34 f   LIBCMT:trnsctrl.obj
 0001:00010f68       _SetImageBase              0000000180011f68 f   LIBCMT:trnsctrl.obj
 0001:00010f84       _SetThrowImageBase         0000000180011f84 f   LIBCMT:trnsctrl.obj
 0001:00010fa0       _UnwindNestedFrames        0000000180011fa0 f   LIBCMT:trnsctrl.obj
 0001:00011118       __CxxFrameHandler3         0000000180012118 f   LIBCMT:trnsctrl.obj
 0001:000111a0       iswctype                   00000001800121a0 f   LIBCMT:iswctype.obj
 0001:00011208       _wchartodigit              0000000180012208 f   LIBCMT:wchtodig.obj
 0001:000113a0       __addlocaleref             00000001800123a0 f   LIBCMT:localref.obj
 0001:0001142c       __freetlocinfo             000000018001242c f   LIBCMT:localref.obj
 0001:000115c4       __removelocaleref          00000001800125c4 f   LIBCMT:localref.obj
 0001:00011668       __updatetlocinfo           0000000180012668 f   LIBCMT:localref.obj
 0001:000116e0       _updatetlocinfoEx_nolock   00000001800126e0 f   LIBCMT:localref.obj
 0001:00011744       __initmbctable             0000000180012744 f   LIBCMT:mbctype.obj
 0001:00011a60       __updatetmbcinfo           0000000180012a60 f   LIBCMT:mbctype.obj
 0001:00011b1c       _setmbcp                   0000000180012b1c f   LIBCMT:mbctype.obj
 0001:00011d78       _setmbcp_nolock            0000000180012d78 f   LIBCMT:mbctype.obj
 0001:00012028       _towlower_l                0000000180013028 f   LIBCMT:towlower.obj
 0001:000120f4       _freefls                   00000001800130f4 f   LIBCMT:tidtable.obj
 0001:00012228       _freeptd                   0000000180013228 f   LIBCMT:tidtable.obj
 0001:00012264       _getptd                    0000000180013264 f   LIBCMT:tidtable.obj
 0001:00012288       _getptd_noexit             0000000180013288 f   LIBCMT:tidtable.obj
 0001:0001230c       _initptd                   000000018001330c f   LIBCMT:tidtable.obj
 0001:000123d0       _mtinit                    00000001800133d0 f   LIBCMT:tidtable.obj
 0001:00012450       _mtterm                    0000000180013450 f   LIBCMT:tidtable.obj
 0001:00012474       _locterm                   0000000180013474 f   LIBCMT:wsetloca.obj
 0001:000124bc       __crt_debugger_hook        00000001800134bc f   LIBCMT:dbghook.obj
 0001:000124c4       __crtCaptureCurrentContext 00000001800134c4 f   LIBCMT:winapisupp.obj
 0001:00012534       __crtCapturePreviousContext 0000000180013534 f   LIBCMT:winapisupp.obj
 0001:000125a8       __crtFlsAlloc              00000001800135a8 f   LIBCMT:winapisupp.obj
 0001:000125c4       __crtFlsFree               00000001800135c4 f   LIBCMT:winapisupp.obj
 0001:000125e0       __crtFlsGetValue           00000001800135e0 f   LIBCMT:winapisupp.obj
 0001:000125fc       __crtFlsSetValue           00000001800135fc f   LIBCMT:winapisupp.obj
 0001:00012618       __crtInitializeCriticalSectionEx 0000000180013618 f   LIBCMT:winapisupp.obj
 0001:00012644       __crtIsPackagedApp         0000000180013644 f   LIBCMT:winapisupp.obj
 0001:00012690       __crtLoadWinApiPointers    0000000180013690 f   LIBCMT:winapisupp.obj
 0001:00012a8c       __crtSleep                 0000000180013a8c f   LIBCMT:winapisupp.obj
 0001:00012a94       __crtTerminateProcess      0000000180013a94 f   LIBCMT:winapisupp.obj
 0001:00012ab4       __crtUnhandledException    0000000180013ab4 f   LIBCMT:winapisupp.obj
 0001:00012ad4       _heap_init                 0000000180013ad4 f   LIBCMT:heapinit.obj
 0001:00012af4       _heap_term                 0000000180013af4 f   LIBCMT:heapinit.obj
 0001:00012b00       _FF_MSGBANNER              0000000180013b00 f   LIBCMT:crt0msg.obj
 0001:00012b44       _GET_RTERRMSG              0000000180013b44 f   LIBCMT:crt0msg.obj
 0001:00012b74       _NMSG_WRITE                0000000180013b74 f   LIBCMT:crt0msg.obj
 0001:00012de4       _XcptFilter                0000000180013de4 f   LIBCMT:winxfltr.obj
 0001:00012fb0       __CppXcptFilter            0000000180013fb0 f   LIBCMT:winxfltr.obj
 0001:00012fc4       _ioinit                    0000000180013fc4 f   LIBCMT:ioinit.obj
 0001:000132f4       _ioterm                    00000001800142f4 f   LIBCMT:ioinit.obj
 0001:00013368       _setargv                   0000000180014368 f   LIBCMT:stdargv.obj
 0001:00013624       _setenvp                   0000000180014624 f   LIBCMT:stdenvp.obj
 0001:00013758       __security_init_cookie     0000000180014758 f   LIBCMT:gs_support.obj
 0001:00013804       __crtGetEnvironmentStringsA 0000000180014804 f   LIBCMT:a_env.obj
 0001:000138f8       _RTC_Initialize            00000001800148f8 f   LIBCMT:initsect.obj
 0001:00013930       _RTC_Terminate             0000000180014930 f   LIBCMT:initsect.obj
 0001:00013968       __GSHandlerCheck           0000000180014968 f   LIBCMT:gshandler.obj
 0001:00013988       __GSHandlerCheckCommon     0000000180014988 f   LIBCMT:gshandler.obj
 0001:000139ec       _cfltcvt                   00000001800149ec f   LIBCMT:cvt.obj
 0001:00013a10       _cfltcvt_l                 0000000180014a10 f   LIBCMT:cvt.obj
 0001:00013a90       _cftoa_l                   0000000180014a90 f   LIBCMT:cvt.obj
 0001:0001403c       _cftoe_l                   000000018001503c f   LIBCMT:cvt.obj
 0001:00014298       _cftof_l                   0000000180015298 f   LIBCMT:cvt.obj
 0001:0001436c       _cftog_l                   000000018001536c f   LIBCMT:cvt.obj
 0001:000144a0       _cropzeros                 00000001800154a0 f   LIBCMT:cvt.obj
 0001:000144a8       _cropzeros_l               00000001800154a8 f   LIBCMT:cvt.obj
 0001:00014540       _fassign                   0000000180015540 f   LIBCMT:cvt.obj
 0001:00014548       _fassign_l                 0000000180015548 f   LIBCMT:cvt.obj
 0001:00014588       _forcdecpt                 0000000180015588 f   LIBCMT:cvt.obj
 0001:00014590       _forcdecpt_l               0000000180015590 f   LIBCMT:cvt.obj
 0001:00014610       _positive                  0000000180015610 f   LIBCMT:cvt.obj
 0001:00014624       _initp_misc_cfltcvt_tab    0000000180015624 f   LIBCMT:cmiscdat.obj
 0001:00014660       strcpy_s                   0000000180015660 f   LIBCMT:strcpy_s.obj
 0001:000146e0       strlen                     00000001800156e0 f   LIBCMT:strlen.obj
 0001:00014788       _lock                      0000000180015788 f   LIBCMT:mlock.obj
 0001:000147cc       _mtdeletelocks             00000001800157cc f   LIBCMT:mlock.obj
 0001:00014854       _mtinitlocknum             0000000180015854 f   LIBCMT:mlock.obj
 0001:00014914       _mtinitlocks               0000000180015914 f   LIBCMT:mlock.obj
 0001:00014978       _unlock                    0000000180015978 f   LIBCMT:mlock.obj
 0001:000149a0       _local_unwind              00000001800159a0 f   LIBCMT:jmpuwind.obj
 0001:000149d0       _NLG_Notify                00000001800159d0 f   LIBCMT:jmpuwind.obj
 0001:000149f0       __NLG_Dispatch2            00000001800159f0 f   LIBCMT:jmpuwind.obj
 0001:00014a00       __NLG_Return2              0000000180015a00 f   LIBCMT:jmpuwind.obj
 0001:00014a04       __initstdio                0000000180015a04 f   LIBCMT:_file.obj
 0001:00014a9c       __endstdio                 0000000180015a9c f   LIBCMT:_file.obj
 0001:00014acc       __iob_func                 0000000180015acc f   LIBCMT:_file.obj
 0001:00014ad4       _lock_file                 0000000180015ad4 f   LIBCMT:_file.obj
 0001:00014b3c       _lock_file2                0000000180015b3c f   LIBCMT:_file.obj
 0001:00014b70       _unlock_file               0000000180015b70 f   LIBCMT:_file.obj
 0001:00014bc0       _unlock_file2              0000000180015bc0 f   LIBCMT:_file.obj
 0001:00014be0       _fileno                    0000000180015be0 f   LIBCMT:fileno.obj
 0001:00014c08       _isatty                    0000000180015c08 f   LIBCMT:isatty.obj
 0001:00014c68       _write                     0000000180015c68 f   LIBCMT:write.obj
 0001:00014d4c       _write_nolock              0000000180015d4c f   LIBCMT:write.obj
 0001:00015540       _lseeki64                  0000000180016540 f   LIBCMT:lseeki64.obj
 0001:00015628       _lseeki64_nolock           0000000180016628 f   LIBCMT:lseeki64.obj
 0001:000156bc       _getbuf                    00000001800166bc f   LIBCMT:_getbuf.obj
 0001:00015710       _woutput_s_l               0000000180016710 f   LIBCMT:woutputs.obj
 0001:00016324       _isleadbyte_l              0000000180017324 f i LIBCMT:_wctype.obj
 0001:00016368       isleadbyte                 0000000180017368 f i LIBCMT:_wctype.obj
 0001:000163b0       _get_printf_count_output   00000001800173b0 f   LIBCMT:printf.obj
 0001:000163c8       _fputwc_nolock             00000001800173c8 f   LIBCMT:fputwc.obj
 0001:000165bc       _mbtowc_l                  00000001800175bc f   LIBCMT:mbtowc.obj
 0001:00016710       mbtowc                     0000000180017710 f   LIBCMT:mbtowc.obj
 0001:00016720       _FindPESection             0000000180017720 f   LIBCMT:pesect.obj
 0001:00016770       _IsNonwritableInCurrentImage 0000000180017770 f   LIBCMT:pesect.obj
 0001:000167c0       _ValidateImageBase         00000001800177c0 f   LIBCMT:pesect.obj
 0001:000167f0       ?_inconsistency@@YAXXZ     00000001800177f0 f   LIBCMT:hooks.obj
 0001:00016810       ?terminate@@YAXXZ          0000000180017810 f   LIBCMT:hooks.obj
 0001:00016830       _initp_eh_hooks            0000000180017830 f   LIBCMT:hooks.obj
 0001:00016850       __get_sigabrt              0000000180017850 f   LIBCMT:winsig.obj
 0001:00016860       _initp_misc_winsig         0000000180017860 f   LIBCMT:winsig.obj
 0001:00016880       raise                      0000000180017880 f   LIBCMT:winsig.obj
 0001:00016ab4       _initp_misc_rand_s         0000000180017ab4 f   LIBCMT:rand_s.obj
 0001:00016abc       realloc                    0000000180017abc f   LIBCMT:realloc.obj
 0001:00016b90       _calloc_impl               0000000180017b90 f   LIBCMT:calloc_impl.obj
 0001:00016c2c       GetTableIndexFromLocaleName 0000000180017c2c f   LIBCMT:winapinls.obj
 0001:00016cb8       __crtDownlevelLocaleNameToLCID 0000000180017cb8 f   LIBCMT:winapinls.obj
 0001:00016cec       __crtLCMapStringEx         0000000180017cec f   LIBCMT:winapinls.obj
 0001:00016d7c       __wcsnicmp_ascii           0000000180017d7c f   LIBCMT:winapinls.obj
 0001:00016dd4       __DestructExceptionObject  0000000180017dd4 f   LIBCMT:frame.obj
 0001:00016e44       ??0bad_exception@std@@QEAA@AEBV01@@Z 0000000180017e44 f i LIBCMT:frame.obj
 0001:00016e68       ??1bad_exception@std@@UEAA@XZ 0000000180017e68 f i LIBCMT:frame.obj
 0001:00016e78       ??_Gbad_exception@std@@UEAAPEAXI@Z 0000000180017e78 f i LIBCMT:frame.obj
 0001:00016e78       ??_Ebad_exception@std@@UEAAPEAXI@Z 0000000180017e78 f i LIBCMT:frame.obj
 0001:0001776c       __AdjustPointer            000000018001876c f   LIBCMT:frame.obj
 0001:00017790       __BuildCatchObject         0000000180018790 f   LIBCMT:frame.obj
 0001:00017848       __BuildCatchObjectHelper   0000000180018848 f   LIBCMT:frame.obj
 0001:00017a98       __CxxCallCatchBlock        0000000180018a98 f   LIBCMT:frame.obj
 0001:00017c9c       __FrameUnwindFilter        0000000180018c9c f   LIBCMT:frame.obj
 0001:00017cf0       __FrameUnwindToState       0000000180018cf0 f   LIBCMT:frame.obj
 0001:00017e84       __InternalCxxFrameHandler  0000000180018e84 f   LIBCMT:frame.obj
 0001:000180a8       __TypeMatch                00000001800190a8 f   LIBCMT:frame.obj
 0001:000181d8       ?__GetCurrentState@@YAHPEA_KPEAU_xDISPATCHER_CONTEXT@@PEBU_s_FuncInfo@@@Z 00000001800191d8 f   LIBCMT:ehstate.obj
 0001:00018200       ?__GetUnwindTryBlock@@YAHPEA_KPEAU_xDISPATCHER_CONTEXT@@PEBU_s_FuncInfo@@@Z 0000000180019200 f   LIBCMT:ehstate.obj
 0001:0001822c       ?__SetState@@YAXPEA_KPEAU_xDISPATCHER_CONTEXT@@PEBU_s_FuncInfo@@H@Z 000000018001922c f   LIBCMT:ehstate.obj
 0001:00018238       ?__SetUnwindTryBlock@@YAXPEA_KPEAU_xDISPATCHER_CONTEXT@@PEBU_s_FuncInfo@@H@Z 0000000180019238 f   LIBCMT:ehstate.obj
 0001:00018274       ?__StateFromControlPc@@YAHPEBU_s_FuncInfo@@PEAU_xDISPATCHER_CONTEXT@@@Z 0000000180019274 f   LIBCMT:ehstate.obj
 0001:0001827c       ?__StateFromIp@@YAHPEBU_s_FuncInfo@@PEAU_xDISPATCHER_CONTEXT@@_J@Z 000000018001927c f   LIBCMT:ehstate.obj
 0001:00018308       __free_lconv_mon           0000000180019308 f   LIBCMT:initmon.obj
 0001:00018414       __free_lconv_num           0000000180019414 f   LIBCMT:initnum.obj
 0001:00018480       __free_lc_time             0000000180019480 f   LIBCMT:inittime.obj
 0001:00018b68       __crtLCMapStringA          0000000180019b68 f   LIBCMT:a_map.obj
 0001:00018d78       __crtGetStringTypeA        0000000180019d78 f   LIBCMT:a_str.obj
 0001:00018df4       __crtLCMapStringW          0000000180019df4 f   LIBCMT:w_map.obj
 0001:00018e50       memcmp                     0000000180019e50 f   LIBCMT:memcmp.obj
 0001:00018f18       wcscat_s                   0000000180019f18 f   LIBCMT:wcscat_s.obj
 0001:00018fa0       wcslen                     0000000180019fa0 f   LIBCMT:wcslen.obj
 0001:00018fbc       wcsnlen                    0000000180019fbc f   LIBCMT:wcslen_s.obj
 0001:00018fdc       _atodbl_l                  0000000180019fdc f   LIBCMT:atodbl.obj
 0001:000190a4       _atoflt_l                  000000018001a0a4 f   LIBCMT:atodbl.obj
 0001:0001916c       _set_error_mode            000000018001a16c f   LIBCMT:errmode.obj
 0001:000191ac       __crtMessageBoxW           000000018001a1ac f   LIBCMT:crtmboxw.obj
 0001:0001949c       _ismbblead                 000000018001a49c f   LIBCMT:ismbbyte.obj
 0001:000194b0       isdigit                    000000018001a4b0 f i LIBCMT:_ctype.obj
 0001:0001952c       _tolower_l                 000000018001a52c f   LIBCMT:tolower.obj
 0001:00019680       tolower                    000000018001a680 f   LIBCMT:tolower.obj
 0001:000196a0       strrchr                    000000018001a6a0 f   LIBCMT:strrchr.obj
 0001:000197e4       _fptostr                   000000018001a7e4 f   LIBCMT:_fptostr.obj
 0001:000198b0       __dtold                    000000018001a8b0 f   LIBCMT:cfout.obj
 0001:00019980       _fltout2                   000000018001a980 f   LIBCMT:cfout.obj
 0001:00019a38       _fptrap                    000000018001aa38 f   LIBCMT:crt0fp.obj
 0001:00019a44       _fcloseall                 000000018001aa44 f   LIBCMT:closeall.obj
 0001:00019aec       _fflush_nolock             000000018001aaec f   LIBCMT:fflush.obj
 0001:00019b38       _flush                     000000018001ab38 f   LIBCMT:fflush.obj
 0001:00019bb4       _flushall                  000000018001abb4 f   LIBCMT:fflush.obj
 0001:00019ca8       __lock_fhandle             000000018001aca8 f   LIBCMT:osfinfo.obj
 0001:00019d40       _free_osfhnd               000000018001ad40 f   LIBCMT:osfinfo.obj
 0001:00019dec       _get_osfhandle             000000018001adec f   LIBCMT:osfinfo.obj
 0001:00019e60       _unlock_fhandle            000000018001ae60 f   LIBCMT:osfinfo.obj
 0001:00019e8c       _putwch_nolock             000000018001ae8c f   LIBCMT:putwch.obj
 0001:00019ee8       _wctomb_s_l                000000018001aee8 f   LIBCMT:wctomb.obj
 0001:0001a074       wctomb_s                   000000018001b074 f   LIBCMT:wctomb.obj
 0001:0001a088       _flswbuf                   000000018001b088 f   LIBCMT:_flswbuf.obj
 0001:0001a218       ?_ValidateRead@@YAHPEBXI@Z 000000018001b218 f   LIBCMT:validate.obj
 0001:0001a218       ?_ValidateExecute@@YAHP6A_JXZ@Z 000000018001b218 f   LIBCMT:validate.obj
 0001:0001a218       ?_ValidateWrite@@YAHPEAXI@Z 000000018001b218 f   LIBCMT:validate.obj
 0001:0001a240       _CallSettingFrame          000000018001b240 f   LIBCMT:handlers.obj
 0001:0001a280       _GetNextInstrOffset        000000018001b280 f   LIBCMT:handlers.obj
 0001:0001a290       _ld12tod                   000000018001b290 f   LIBCMT:intrncvt.obj
 0001:0001a848       _ld12tof                   000000018001b848 f   LIBCMT:intrncvt.obj
 0001:0001ae00       __strgtold12_l             000000018001be00 f   LIBCMT:strgtold.obj
 0001:0001b65c       _isctype_l                 000000018001c65c f   LIBCMT:isctype.obj
 0001:0001b738       $I10_OUTPUT                000000018001c738 f   LIBCMT:x10fout.obj
 0001:0001c204       _fclose_nolock             000000018001d204 f   LIBCMT:fclose.obj
 0001:0001c280       fclose                     000000018001d280 f   LIBCMT:fclose.obj
 0001:0001c2e8       _commit                    000000018001d2e8 f   LIBCMT:commit.obj
 0001:0001c3c0       __termconout               000000018001d3c0 f   LIBCMT:initcon.obj
 0001:0001c3e0       __initconout               000000018001d3e0 f   LIBCMT:initcon.obj
 0001:0001c41c       __mtold12                  000000018001d41c f   LIBCMT:mantold.obj
 0001:0001c648       _close                     000000018001d648 f   LIBCMT:close.obj
 0001:0001c70c       _close_nolock              000000018001d70c f   LIBCMT:close.obj
 0001:0001c7c8       _freebuf                   000000018001d7c8 f   LIBCMT:_freebuf.obj
 0001:0001c800       ?_Syserror_map@std@@YAPEBDH@Z 000000018001d800 f   libcpmt:syserror.obj
 0001:0001c828       ?_Winerror_map@std@@YAPEBDH@Z 000000018001d828 f   libcpmt:syserror.obj
 0001:0001c850       ??0length_error@std@@QEAA@AEBV01@@Z 000000018001d850 f i libcpmt:xthrow.obj
 0001:0001c874       ??0logic_error@std@@QEAA@AEBV01@@Z 000000018001d874 f i libcpmt:xthrow.obj
 0001:0001c898       ??0out_of_range@std@@QEAA@AEBV01@@Z 000000018001d898 f i libcpmt:xthrow.obj
 0001:0001c8bc       ??1length_error@std@@UEAA@XZ 000000018001d8bc f i libcpmt:xthrow.obj
 0001:0001c8bc       ??1out_of_range@std@@UEAA@XZ 000000018001d8bc f i libcpmt:xthrow.obj
 0001:0001c8c4       ??_Elogic_error@std@@UEAAPEAXI@Z 000000018001d8c4 f i libcpmt:xthrow.obj
 0001:0001c8c4       ??_Glength_error@std@@UEAAPEAXI@Z 000000018001d8c4 f i libcpmt:xthrow.obj
 0001:0001c8c4       ??_Gout_of_range@std@@UEAAPEAXI@Z 000000018001d8c4 f i libcpmt:xthrow.obj
 0001:0001c8c4       ??_Elength_error@std@@UEAAPEAXI@Z 000000018001d8c4 f i libcpmt:xthrow.obj
 0001:0001c8c4       ??_Eout_of_range@std@@UEAAPEAXI@Z 000000018001d8c4 f i libcpmt:xthrow.obj
 0001:0001c8c4       ??_Glogic_error@std@@UEAAPEAXI@Z 000000018001d8c4 f i libcpmt:xthrow.obj
 0001:0001c8f4       ?_Xbad_alloc@std@@YAXXZ    000000018001d8f4 f   libcpmt:xthrow.obj
 0001:0001c938       ?_Xlength_error@std@@YAXPEBD@Z 000000018001d938 f   libcpmt:xthrow.obj
 0001:0001c970       ?_Xout_of_range@std@@YAXPEBD@Z 000000018001d970 f   libcpmt:xthrow.obj
 0001:0001c9a6       IsProcessorFeaturePresent  000000018001d9a6 f   kernel32:KERNEL32.dll
 0001:0001c9ac       RtlUnwindEx                000000018001d9ac f   kernel32:KERNEL32.dll
 0001:0001c9b4       __GSHandlerCheck_EH        000000018001d9b4 f   LIBCMT:gshandlereh.obj
 0002:00000000       __imp_RegOpenKeyExW        000000018001f000     advapi32:ADVAPI32.dll
 0002:00000008       __imp_RegCloseKey          000000018001f008     advapi32:ADVAPI32.dll
 0002:00000010       __imp_RegCreateKeyExW      000000018001f010     advapi32:ADVAPI32.dll
 0002:00000018       __imp_RegDeleteKeyW        000000018001f018     advapi32:ADVAPI32.dll
 0002:00000020       __imp_RegSetValueExW       000000018001f020     advapi32:ADVAPI32.dll
 0002:00000028       __imp_RegEnumKeyW          000000018001f028     advapi32:ADVAPI32.dll
 0002:00000030       __imp_RegGetValueW         000000018001f030     advapi32:ADVAPI32.dll
 0002:00000038       __imp_RegQueryValueExW     000000018001f038     advapi32:ADVAPI32.dll
 0002:00000040       \177ADVAPI32_NULL_THUNK_DATA 000000018001f040     advapi32:ADVAPI32.dll
 0002:00000048       __imp_CryptBinaryToStringW 000000018001f048     crypt32:CRYPT32.dll
 0002:00000050       __imp_CertCompareCertificateName 000000018001f050     crypt32:CRYPT32.dll
 0002:00000058       __imp_CertNameToStrW       000000018001f058     crypt32:CRYPT32.dll
 0002:00000060       __imp_CertGetNameStringW   000000018001f060     crypt32:CRYPT32.dll
 0002:00000068       __imp_CryptStringToBinaryW 000000018001f068     crypt32:CRYPT32.dll
 0002:00000070       __imp_CertDuplicateCertificateContext 000000018001f070     crypt32:CRYPT32.dll
 0002:00000078       __imp_CertDuplicateStore   000000018001f078     crypt32:CRYPT32.dll
 0002:00000080       __imp_CertEnumCertificatesInStore 000000018001f080     crypt32:CRYPT32.dll
 0002:00000088       __imp_CertGetCertificateContextProperty 000000018001f088     crypt32:CRYPT32.dll
 0002:00000090       __imp_CertCloseStore       000000018001f090     crypt32:CRYPT32.dll
 0002:00000098       __imp_CertFindCertificateInStore 000000018001f098     crypt32:CRYPT32.dll
 0002:000000a0       __imp_CertCompareCertificate 000000018001f0a0     crypt32:CRYPT32.dll
 0002:000000a8       __imp_CertFreeCertificateContext 000000018001f0a8     crypt32:CRYPT32.dll
 0002:000000b0       __imp_CertOpenSystemStoreW 000000018001f0b0     crypt32:CRYPT32.dll
 0002:000000b8       __imp_CryptUnprotectData   000000018001f0b8     crypt32:CRYPT32.dll
 0002:000000c0       __imp_CryptProtectData     000000018001f0c0     crypt32:CRYPT32.dll
 0002:000000c8       \177CRYPT32_NULL_THUNK_DATA 000000018001f0c8     crypt32:CRYPT32.dll
 0002:000000d0       __imp_CryptUIDlgViewCertificateW 000000018001f0d0     cryptui:CRYPTUI.dll
 0002:000000d8       \177CRYPTUI_NULL_THUNK_DATA 000000018001f0d8     cryptui:CRYPTUI.dll
 0002:000000e0       __imp_QueryActCtxW         000000018001f0e0     kernel32:KERNEL32.dll
 0002:000000e8       __imp_CreateActCtxW        000000018001f0e8     kernel32:KERNEL32.dll
 0002:000000f0       __imp_ActivateActCtx       000000018001f0f0     kernel32:KERNEL32.dll
 0002:000000f8       __imp_LoadLibraryW         000000018001f0f8     kernel32:KERNEL32.dll
 0002:00000100       __imp_GetModuleFileNameW   000000018001f100     kernel32:KERNEL32.dll
 0002:00000108       __imp_DeactivateActCtx     000000018001f108     kernel32:KERNEL32.dll
 0002:00000110       __imp_GetLastError         000000018001f110     kernel32:KERNEL32.dll
 0002:00000118       __imp_SetLastError         000000018001f118     kernel32:KERNEL32.dll
 0002:00000120       __imp_GetProcAddress       000000018001f120     kernel32:KERNEL32.dll
 0002:00000128       __imp_DisableThreadLibraryCalls 000000018001f128     kernel32:KERNEL32.dll
 0002:00000130       __imp_LocalAlloc           000000018001f130     kernel32:KERNEL32.dll
 0002:00000138       __imp_OutputDebugStringA   000000018001f138     kernel32:KERNEL32.dll
 0002:00000140       __imp_FindActCtxSectionStringW 000000018001f140     kernel32:KERNEL32.dll
 0002:00000148       __imp_InitializeCriticalSection 000000018001f148     kernel32:KERNEL32.dll
 0002:00000150       __imp_GetDateFormatW       000000018001f150     kernel32:KERNEL32.dll
 0002:00000158       __imp_SystemTimeToFileTime 000000018001f158     kernel32:KERNEL32.dll
 0002:00000160       __imp_CompareFileTime      000000018001f160     kernel32:KERNEL32.dll
 0002:00000168       __imp_FileTimeToSystemTime 000000018001f168     kernel32:KERNEL32.dll
 0002:00000170       __imp_FileTimeToLocalFileTime 000000018001f170     kernel32:KERNEL32.dll
 0002:00000178       __imp_GetSystemTime        000000018001f178     kernel32:KERNEL32.dll
 0002:00000180       __imp_GetModuleHandleW     000000018001f180     kernel32:KERNEL32.dll
 0002:00000188       __imp_EnumResourceNamesW   000000018001f188     kernel32:KERNEL32.dll
 0002:00000190       __imp_FindResourceExW      000000018001f190     kernel32:KERNEL32.dll
 0002:00000198       __imp_LoadResource         000000018001f198     kernel32:KERNEL32.dll
 0002:000001a0       __imp_GetUserDefaultLangID 000000018001f1a0     kernel32:KERNEL32.dll
 0002:000001a8       __imp_LeaveCriticalSection 000000018001f1a8     kernel32:KERNEL32.dll
 0002:000001b0       __imp_SetThreadLocale      000000018001f1b0     kernel32:KERNEL32.dll
 0002:000001b8       __imp_GetThreadLocale      000000018001f1b8     kernel32:KERNEL32.dll
 0002:000001c0       __imp_EnterCriticalSection 000000018001f1c0     kernel32:KERNEL32.dll
 0002:000001c8       __imp_DeleteCriticalSection 000000018001f1c8     kernel32:KERNEL32.dll
 0002:000001d0       __imp_GetModuleHandleExW   000000018001f1d0     kernel32:KERNEL32.dll
 0002:000001d8       __imp_CreateFileW          000000018001f1d8     kernel32:KERNEL32.dll
 0002:000001e0       __imp_FlushFileBuffers     000000018001f1e0     kernel32:KERNEL32.dll
 0002:000001e8       __imp_WriteConsoleW        000000018001f1e8     kernel32:KERNEL32.dll
 0002:000001f0       __imp_SetStdHandle         000000018001f1f0     kernel32:KERNEL32.dll
 0002:000001f8       __imp_OutputDebugStringW   000000018001f1f8     kernel32:KERNEL32.dll
 0002:00000200       __imp_LCMapStringW         000000018001f200     kernel32:KERNEL32.dll
 0002:00000208       __imp_HeapReAlloc          000000018001f208     kernel32:KERNEL32.dll
 0002:00000210       __imp_LoadLibraryExW       000000018001f210     kernel32:KERNEL32.dll
 0002:00000218       __imp_SetFilePointerEx     000000018001f218     kernel32:KERNEL32.dll
 0002:00000220       __imp_GetConsoleMode       000000018001f220     kernel32:KERNEL32.dll
 0002:00000228       __imp_GetConsoleCP         000000018001f228     kernel32:KERNEL32.dll
 0002:00000230       __imp_FreeEnvironmentStringsW 000000018001f230     kernel32:KERNEL32.dll
 0002:00000238       __imp_GetEnvironmentStringsW 000000018001f238     kernel32:KERNEL32.dll
 0002:00000240       __imp_GetSystemTimeAsFileTime 000000018001f240     kernel32:KERNEL32.dll
 0002:00000248       __imp_GetCurrentProcessId  000000018001f248     kernel32:KERNEL32.dll
 0002:00000250       __imp_QueryPerformanceCounter 000000018001f250     kernel32:KERNEL32.dll
 0002:00000258       __imp_GetModuleFileNameA   000000018001f258     kernel32:KERNEL32.dll
 0002:00000260       __imp_GetFileType          000000018001f260     kernel32:KERNEL32.dll
 0002:00000268       __imp_WriteFile            000000018001f268     kernel32:KERNEL32.dll
 0002:00000270       __imp_LocalFree            000000018001f270     kernel32:KERNEL32.dll
 0002:00000278       __imp_GetProcessHeap       000000018001f278     kernel32:KERNEL32.dll
 0002:00000280       __imp_HeapFree             000000018001f280     kernel32:KERNEL32.dll
 0002:00000288       __imp_HeapAlloc            000000018001f288     kernel32:KERNEL32.dll
 0002:00000290       __imp_GetStdHandle         000000018001f290     kernel32:KERNEL32.dll
 0002:00000298       __imp_FreeLibrary          000000018001f298     kernel32:KERNEL32.dll
 0002:000002a0       __imp_GetStartupInfoW      000000018001f2a0     kernel32:KERNEL32.dll
 0002:000002a8       __imp_TlsFree              000000018001f2a8     kernel32:KERNEL32.dll
 0002:000002b0       __imp_TlsSetValue          000000018001f2b0     kernel32:KERNEL32.dll
 0002:000002b8       __imp_TlsGetValue          000000018001f2b8     kernel32:KERNEL32.dll
 0002:000002c0       __imp_TlsAlloc             000000018001f2c0     kernel32:KERNEL32.dll
 0002:000002c8       __imp_TerminateProcess     000000018001f2c8     kernel32:KERNEL32.dll
 0002:000002d0       __imp_CloseHandle          000000018001f2d0     kernel32:KERNEL32.dll
 0002:000002d8       __imp_GetCurrentProcess    000000018001f2d8     kernel32:KERNEL32.dll
 0002:000002e0       __imp_Sleep                000000018001f2e0     kernel32:KERNEL32.dll
 0002:000002e8       __imp_InitializeCriticalSectionAndSpinCount 000000018001f2e8     kernel32:KERNEL32.dll
 0002:000002f0       __imp_SetUnhandledExceptionFilter 000000018001f2f0     kernel32:KERNEL32.dll
 0002:000002f8       __imp_UnhandledExceptionFilter 000000018001f2f8     kernel32:KERNEL32.dll
 0002:00000300       __imp_RtlVirtualUnwind     000000018001f300     kernel32:KERNEL32.dll
 0002:00000308       __imp_RtlCaptureContext    000000018001f308     kernel32:KERNEL32.dll
 0002:00000310       __imp_GetCPInfo            000000018001f310     kernel32:KERNEL32.dll
 0002:00000318       __imp_GetOEMCP             000000018001f318     kernel32:KERNEL32.dll
 0002:00000320       __imp_GetACP               000000018001f320     kernel32:KERNEL32.dll
 0002:00000328       __imp_EncodePointer        000000018001f328     kernel32:KERNEL32.dll
 0002:00000330       __imp_DecodePointer        000000018001f330     kernel32:KERNEL32.dll
 0002:00000338       __imp_IsDebuggerPresent    000000018001f338     kernel32:KERNEL32.dll
 0002:00000340       __imp_IsProcessorFeaturePresent 000000018001f340     kernel32:KERNEL32.dll
 0002:00000348       __imp_GetCommandLineA      000000018001f348     kernel32:KERNEL32.dll
 0002:00000350       __imp_GetCurrentThreadId   000000018001f350     kernel32:KERNEL32.dll
 0002:00000358       __imp_RtlPcToFileHeader    000000018001f358     kernel32:KERNEL32.dll
 0002:00000360       __imp_RaiseException       000000018001f360     kernel32:KERNEL32.dll
 0002:00000368       __imp_ExitProcess          000000018001f368     kernel32:KERNEL32.dll
 0002:00000370       __imp_MultiByteToWideChar  000000018001f370     kernel32:KERNEL32.dll
 0002:00000378       __imp_WideCharToMultiByte  000000018001f378     kernel32:KERNEL32.dll
 0002:00000380       __imp_HeapSize             000000018001f380     kernel32:KERNEL32.dll
 0002:00000388       __imp_RtlUnwindEx          000000018001f388     kernel32:KERNEL32.dll
 0002:00000390       __imp_RtlLookupFunctionEntry 000000018001f390     kernel32:KERNEL32.dll
 0002:00000398       __imp_GetStringTypeW       000000018001f398     kernel32:KERNEL32.dll
 0002:000003a0       __imp_IsValidCodePage      000000018001f3a0     kernel32:KERNEL32.dll
 0002:000003a8       \177KERNEL32_NULL_THUNK_DATA 000000018001f3a8     kernel32:KERNEL32.dll
 0002:000003b0       __imp_SysFreeString        000000018001f3b0     oleaut32:OLEAUT32.dll
 0002:000003b8       __imp_SysStringByteLen     000000018001f3b8     oleaut32:OLEAUT32.dll
 0002:000003c0       __imp_VariantInit          000000018001f3c0     oleaut32:OLEAUT32.dll
 0002:000003c8       __imp_SysAllocStringByteLen 000000018001f3c8     oleaut32:OLEAUT32.dll
 0002:000003d0       __imp_VariantClear         000000018001f3d0     oleaut32:OLEAUT32.dll
 0002:000003d8       __imp_SysStringLen         000000018001f3d8     oleaut32:OLEAUT32.dll
 0002:000003e0       __imp_SysAllocString       000000018001f3e0     oleaut32:OLEAUT32.dll
 0002:000003e8       \177OLEAUT32_NULL_THUNK_DATA 000000018001f3e8     oleaut32:OLEAUT32.dll
 0002:000003f0       __imp_UuidToStringW        000000018001f3f0     rpcrt4:RPCRT4.dll
 0002:000003f8       __imp_RpcStringFreeW       000000018001f3f8     rpcrt4:RPCRT4.dll
 0002:00000400       \177RPCRT4_NULL_THUNK_DATA 000000018001f400     rpcrt4:RPCRT4.dll
 0002:00000408       __imp_MessageBoxW          000000018001f408     user32:USER32.dll
 0002:00000410       __imp_LoadStringW          000000018001f410     user32:USER32.dll
 0002:00000418       __imp_SetWindowLongPtrW    000000018001f418     user32:USER32.dll
 0002:00000420       __imp_EnableWindow         000000018001f420     user32:USER32.dll
 0002:00000428       __imp_SetWindowTextW       000000018001f428     user32:USER32.dll
 0002:00000430       __imp_GetPropW             000000018001f430     user32:USER32.dll
 0002:00000438       __imp_GetWindowTextLengthW 000000018001f438     user32:USER32.dll
 0002:00000440       __imp_GetFocus             000000018001f440     user32:USER32.dll
 0002:00000448       __imp_InvalidateRect       000000018001f448     user32:USER32.dll
 0002:00000450       __imp_UpdateWindow         000000018001f450     user32:USER32.dll
 0002:00000458       __imp_GetClientRect        000000018001f458     user32:USER32.dll
 0002:00000460       __imp_SendMessageW         000000018001f460     user32:USER32.dll
 0002:00000468       __imp_GetWindowTextW       000000018001f468     user32:USER32.dll
[...]
 0005:00330bd8       $R319238                   0000000180364bd8     CCXExtUI.res
 0005:00331058       $R3196B8                   0000000180365058     CCXExtUI.res
 0005:003314f8       $R319B58                   00000001803654f8     CCXExtUI.res
 0005:003319a0       $R31A000                   00000001803659a0     CCXExtUI.res
 0005:00331c88       $R31A2E8                   0000000180365c88     CCXExtUI.res
 0005:003323f8       $R31AA58                   00000001803663f8     CCXExtUI.res
 0005:00332a40       $R31B0A0                   0000000180366a40     CCXExtUI.res
 0005:00332fb8       $R31B618                   0000000180366fb8     CCXExtUI.res
 0005:00333288       $R31B8E8                   0000000180367288     CCXExtUI.res
 0005:00333a20       $R31C080                   0000000180367a20     CCXExtUI.res
 0005:00333d08       $R31C368                   0000000180367d08     CCXExtUI.res
 0005:00334018       $R31C678                   0000000180368018     CCXExtUI.res
 0005:00334290       $R31C8F0                   0000000180368290     CCXExtUI.res
 0005:00334578       $R31CBD8                   0000000180368578     CCXExtUI.res
 0005:00334dd0       $R31D430                   0000000180368dd0     CCXExtUI.res
 0005:003352e0       $R31D940                   00000001803692e0     CCXExtUI.res
 0005:003355d0       $R31DC30                   00000001803695d0     CCXExtUI.res
 0005:00335b08       $R31E168                   0000000180369b08     CCXExtUI.res
 0005:00335fb0       $R31E610                   0000000180369fb0     CCXExtUI.res
 0005:003365b0       $R31EC10                   000000018036a5b0     CCXExtUI.res
 0005:00336970       $R31EFD0                   000000018036a970     CCXExtUI.res
 0005:00336df8       $R31F458                   000000018036adf8     CCXExtUI.res
 0005:003371c8       $R31F828                   000000018036b1c8     CCXExtUI.res
 0005:003375a8       $R31FC08                   000000018036b5a8     CCXExtUI.res
 0005:00337988       $R31FFE8                   000000018036b988     CCXExtUI.res
 0005:00337b50       $R3201B0                   000000018036bb50     CCXExtUI.res
 0005:00337db0       $R320410                   000000018036bdb0     CCXExtUI.res
 0005:00338188       $R3207E8                   000000018036c188     CCXExtUI.res
 0005:00338490       $R320AF0                   000000018036c490     CCXExtUI.res
 0005:00338668       $R320CC8                   000000018036c668     CCXExtUI.res
 0005:00338a30       $R321090                   000000018036ca30     CCXExtUI.res
 0005:00339190       $R3217F0                   000000018036d190     CCXExtUI.res
 0005:00339b70       $R3221D0                   000000018036db70     CCXExtUI.res
 0005:0033a030       $R322690                   000000018036e030     CCXExtUI.res
 0005:0033a9e0       $R323040                   000000018036e9e0     CCXExtUI.res
 0005:0033af48       $R3235A8                   000000018036ef48     CCXExtUI.res
 0005:0033b480       $R323AE0                   000000018036f480     CCXExtUI.res
 0005:0033b870       $R323ED0                   000000018036f870     CCXExtUI.res
 0005:0033bf88       $R3245E8                   000000018036ff88     CCXExtUI.res
 0005:0033c800       $R324E60                   0000000180370800     CCXExtUI.res
 0005:0033cb70       $R3251D0                   0000000180370b70     CCXExtUI.res
 0005:0033d068       $R3256C8                   0000000180371068     CCXExtUI.res
 0005:0033d428       $R325A88                   0000000180371428     CCXExtUI.res
 0005:0033d9d8       $R326038                   00000001803719d8     CCXExtUI.res
 0005:0033e028       $R326688                   0000000180372028     CCXExtUI.res
 0005:0033e518       $R326B78                   0000000180372518     CCXExtUI.res
 0005:0033ec58       $R3272B8                   0000000180372c58     CCXExtUI.res
 0005:0033f0b8       $R327718                   00000001803730b8     CCXExtUI.res
 0005:0033f548       $R327BA8                   0000000180373548     CCXExtUI.res
 0005:0033fb60       $R3281C0                   0000000180373b60     CCXExtUI.res
 0005:00340170       $R3287D0                   0000000180374170     CCXExtUI.res
 0005:00340740       $R328DA0                   0000000180374740     CCXExtUI.res
 0005:00340b18       $R329178                   0000000180374b18     CCXExtUI.res
 0005:00340ba8       $R329208                   0000000180374ba8     CCXExtUI.res
 0005:00340cf8       $R329358                   0000000180374cf8     CCXExtUI.res
 0005:00340e28       $R329488                   0000000180374e28     CCXExtUI.res
 0005:00340f90       $R3295F0                   0000000180374f90     CCXExtUI.res
 0005:00341118       $R329778                   0000000180375118     CCXExtUI.res
 0005:003412e0       $R329940                   00000001803752e0     CCXExtUI.res
 0005:00341430       $R329A90                   0000000180375430     CCXExtUI.res
 0005:00341530       $R329B90                   0000000180375530     CCXExtUI.res
 0005:00341688       $R329CE8                   0000000180375688     CCXExtUI.res
 0005:003417a8       $R329E08                   00000001803757a8     CCXExtUI.res
 0005:003418f8       $R329F58                   00000001803758f8     CCXExtUI.res
 0005:00341a20       $R32A080                   0000000180375a20     CCXExtUI.res
 0005:00341bd8       $R32A238                   0000000180375bd8     CCXExtUI.res
 0005:00341d50       $R32A3B0                   0000000180375d50     CCXExtUI.res
 0005:00341f00       $R32A560                   0000000180375f00     CCXExtUI.res
 0005:00342070       $R32A6D0                   0000000180376070     CCXExtUI.res
 0005:003420c8       $R32A728                   00000001803760c8     CCXExtUI.res
 0005:003421f8       $R32A858                   00000001803761f8     CCXExtUI.res
 0005:003426c0       $R32AD20                   00000001803766c0     CCXExtUI.res
 0005:003429f8       $R32B058                   00000001803769f8     CCXExtUI.res
 0005:00342cd0       $R32B330                   0000000180376cd0     CCXExtUI.res
 0005:00342ea0       $R32B500                   0000000180376ea0     CCXExtUI.res
 0005:00342fc0       $R32B620                   0000000180376fc0     CCXExtUI.res
 0005:00343478       $R32BAD8                   0000000180377478     CCXExtUI.res
 0005:00343820       $R32BE80                   0000000180377820     CCXExtUI.res
 0005:00343b30       $R32C190                   0000000180377b30     CCXExtUI.res
 0005:00343cf8       $R32C358                   0000000180377cf8     CCXExtUI.res
 0005:00343e18       $R32C478                   0000000180377e18     CCXExtUI.res
 0005:00344300       $R32C960                   0000000180378300     CCXExtUI.res
 0005:00344718       $R32CD78                   0000000180378718     CCXExtUI.res
 0005:00344a90       $R32D0F0                   0000000180378a90     CCXExtUI.res
 0005:00344c68       $R32D2C8                   0000000180378c68     CCXExtUI.res
 0005:00344d40       $R32D3A0                   0000000180378d40     CCXExtUI.res
 0005:00345058       $R32D6B8                   0000000180379058     CCXExtUI.res
 0005:00345200       $R32D860                   0000000180379200     CCXExtUI.res
 0005:00345438       $R32DA98                   0000000180379438     CCXExtUI.res
 0005:003455c0       $R32DC20                   00000001803795c0     CCXExtUI.res
 0005:00345688       $R32DCE8                   0000000180379688     CCXExtUI.res
 0005:00345978       $R32DFD8                   0000000180379978     CCXExtUI.res
 0005:00345b18       $R32E178                   0000000180379b18     CCXExtUI.res
 0005:00345d40       $R32E3A0                   0000000180379d40     CCXExtUI.res
 0005:00345ed8       $R32E538                   0000000180379ed8     CCXExtUI.res
 0005:00346018       $R32E678                   000000018037a018     CCXExtUI.res
 0005:003464f8       $R32EB58                   000000018037a4f8     CCXExtUI.res
 0005:003468b8       $R32EF18                   000000018037a8b8     CCXExtUI.res
 0005:00346bf0       $R32F250                   000000018037abf0     CCXExtUI.res
 0005:00346e28       $R32F488                   000000018037ae28     CCXExtUI.res
 0005:00346f38       $R32F598                   000000018037af38     CCXExtUI.res
 0005:003473d8       $R32FA38                   000000018037b3d8     CCXExtUI.res
 0005:003477c0       $R32FE20                   000000018037b7c0     CCXExtUI.res
 0005:00347af0       $R330150                   000000018037baf0     CCXExtUI.res
 0005:00347ce0       $R330340                   000000018037bce0     CCXExtUI.res
 0005:00347df8       $R330458                   000000018037bdf8     CCXExtUI.res
 0005:00348280       $R3308E0                   000000018037c280     CCXExtUI.res
 0005:003485f8       $R330C58                   000000018037c5f8     CCXExtUI.res
 0005:003488e0       $R330F40                   000000018037c8e0     CCXExtUI.res
 0005:00348aa8       $R331108                   000000018037caa8     CCXExtUI.res
 0005:00348be8       $R331248                   000000018037cbe8     CCXExtUI.res
 0005:003490a0       $R331700                   000000018037d0a0     CCXExtUI.res
 0005:00349440       $R331AA0                   000000018037d440     CCXExtUI.res
 0005:00349778       $R331DD8                   000000018037d778     CCXExtUI.res
 0005:00349960       $R331FC0                   000000018037d960     CCXExtUI.res
 0005:00349a78       $R3320D8                   000000018037da78     CCXExtUI.res
 0005:00349f10       $R332570                   000000018037df10     CCXExtUI.res
 0005:0034a250       $R3328B0                   000000018037e250     CCXExtUI.res
 0005:0034a518       $R332B78                   000000018037e518     CCXExtUI.res
 0005:0034a6e8       $R332D48                   000000018037e6e8     CCXExtUI.res
 0005:0034ab88       $R3331E8                   000000018037eb88     CCXExtUI.res
 0005:0034ad30       $R333390                   000000018037ed30     CCXExtUI.res
 0005:0034af18       $R333578                   000000018037ef18     CCXExtUI.res
 0005:0034b1a0       $R333800                   000000018037f1a0     CCXExtUI.res
 0005:0034b488       $R333AE8                   000000018037f488     CCXExtUI.res
 0005:0034b598       $R333BF8                   000000018037f598     CCXExtUI.res
 0005:0034ba18       $R334078                   000000018037fa18     CCXExtUI.res
 0005:0034be10       $R334470                   000000018037fe10     CCXExtUI.res
 0005:0034c0d0       $R334730                   00000001803800d0     CCXExtUI.res
 0005:0034c298       $R3348F8                   0000000180380298     CCXExtUI.res
 0005:0034c3b0       $R334A10                   00000001803803b0     CCXExtUI.res
 0005:0034c870       $R334ED0                   0000000180380870     CCXExtUI.res
 0005:0034cbb8       $R335218                   0000000180380bb8     CCXExtUI.res
 0005:0034ceb8       $R335518                   0000000180380eb8     CCXExtUI.res
 0005:0034d090       $R3356F0                   0000000180381090     CCXExtUI.res
 0005:0034d1a0       $R335800                   00000001803811a0     CCXExtUI.res
 0005:0034d678       $R335CD8                   0000000180381678     CCXExtUI.res
 0005:0034da20       $R336080                   0000000180381a20     CCXExtUI.res
 0005:0034dd68       $R3363C8                   0000000180381d68     CCXExtUI.res
 0005:0034df30       $R336590                   0000000180381f30     CCXExtUI.res
 0005:0034e050       $R3366B0                   0000000180382050     CCXExtUI.res
 0005:0034e510       $R336B70                   0000000180382510     CCXExtUI.res
 0005:0034e898       $R336EF8                   0000000180382898     CCXExtUI.res
 0005:0034ebb8       $R337218                   0000000180382bb8     CCXExtUI.res
 0005:0034ed88       $R3373E8                   0000000180382d88     CCXExtUI.res
 0005:0034ef00       $R337560                   0000000180382f00     CCXExtUI.res
 0005:0034f438       $R337A98                   0000000180383438     CCXExtUI.res
 0005:0034f8a8       $R337F08                   00000001803838a8     CCXExtUI.res
 0005:0034fc30       $R338290                   0000000180383c30     CCXExtUI.res
 0005:0034fe40       $R3384A0                   0000000180383e40     CCXExtUI.res
 0005:0034ff50       $R3385B0                   0000000180383f50     CCXExtUI.res
 0005:00350368       $R3389C8                   0000000180384368     CCXExtUI.res
 0005:00350678       $R338CD8                   0000000180384678     CCXExtUI.res
 0005:00350960       $R338FC0                   0000000180384960     CCXExtUI.res
 0005:00350b38       $R339198                   0000000180384b38     CCXExtUI.res
 0005:00350c78       $R3392D8                   0000000180384c78     CCXExtUI.res
 0005:00351168       $R3397C8                   0000000180385168     CCXExtUI.res
 0005:00351570       $R339BD0                   0000000180385570     CCXExtUI.res
 0005:003518b0       $R339F10                   00000001803858b0     CCXExtUI.res
 0005:00351ab8       $R33A118                   0000000180385ab8     CCXExtUI.res
 0005:00351bc8       $R33A228                   0000000180385bc8     CCXExtUI.res
 0005:003520b0       $R33A710                   00000001803860b0     CCXExtUI.res
 0005:00352440       $R33AAA0                   0000000180386440     CCXExtUI.res
 0005:00352738       $R33AD98                   0000000180386738     CCXExtUI.res
 0005:00352920       $R33AF80                   0000000180386920     CCXExtUI.res
 0005:00352a20       $R33B080                   0000000180386a20     CCXExtUI.res
 0005:00352e10       $R33B470                   0000000180386e10     CCXExtUI.res
 0005:00353010       $R33B670                   0000000180387010     CCXExtUI.res
 0005:00353290       $R33B8F0                   0000000180387290     CCXExtUI.res
 0005:00353438       $R33BA98                   0000000180387438     CCXExtUI.res
 0005:00353520       $R33BB80                   0000000180387520     CCXExtUI.res
 0005:00353898       $R33BEF8                   0000000180387898     CCXExtUI.res
 0005:00353ad0       $R33C130                   0000000180387ad0     CCXExtUI.res
 0005:00353d28       $R33C388                   0000000180387d28     CCXExtUI.res
 0005:00353eb8       $R33C518                   0000000180387eb8     CCXExtUI.res
 0005:00353fe0       $R33C640                   0000000180387fe0     CCXExtUI.res
 0005:00354490       $R33CAF0                   0000000180388490     CCXExtUI.res
 0005:00354838       $R33CE98                   0000000180388838     CCXExtUI.res
 0005:00354b40       $R33D1A0                   0000000180388b40     CCXExtUI.res
 0005:00354d10       $R33D370                   0000000180388d10     CCXExtUI.res
 0005:00354e38       $R33D498                   0000000180388e38     CCXExtUI.res
 0005:00355338       $R33D998                   0000000180389338     CCXExtUI.res
 0005:00355710       $R33DD70                   0000000180389710     CCXExtUI.res
 0005:00355a50       $R33E0B0                   0000000180389a50     CCXExtUI.res
 0005:00355c58       $R33E2B8                   0000000180389c58     CCXExtUI.res
 0005:00355d80       $R33E3E0                   0000000180389d80     CCXExtUI.res
 0005:00356220       $R33E880                   000000018038a220     CCXExtUI.res
 0005:003565a0       $R33EC00                   000000018038a5a0     CCXExtUI.res
 0005:00356890       $R33EEF0                   000000018038a890     CCXExtUI.res
 0005:00356a50       $R33F0B0                   000000018038aa50     CCXExtUI.res
 0005:00356b78       $R33F1D8                   000000018038ab78     CCXExtUI.res
 0005:00357040       $R33F6A0                   000000018038b040     CCXExtUI.res
 0005:00357440       $R33FAA0                   000000018038b440     CCXExtUI.res
 0005:003577d0       $R33FE30                   000000018038b7d0     CCXExtUI.res
 0005:003579c0       $R340020                   000000018038b9c0     CCXExtUI.res
 0005:00357ad0       $R340130                   000000018038bad0     CCXExtUI.res
 0005:00357f70       $R3405D0                   000000018038bf70     CCXExtUI.res
 0005:00358328       $R340988                   000000018038c328     CCXExtUI.res
 0005:00358640       $R340CA0                   000000018038c640     CCXExtUI.res
 0005:00358808       $R340E68                   000000018038c808     CCXExtUI.res
 0005:00358948       $R340FA8                   000000018038c948     CCXExtUI.res
 0005:00358e58       $R3414B8                   000000018038ce58     CCXExtUI.res
 0005:00359248       $R3418A8                   000000018038d248     CCXExtUI.res
 0005:00359560       $R341BC0                   000000018038d560     CCXExtUI.res
 0005:00359740       $R341DA0                   000000018038d740     CCXExtUI.res
 0005:00359858       $R341EB8                   000000018038d858     CCXExtUI.res
 0005:00359d50       $R3423B0                   000000018038dd50     CCXExtUI.res
 0005:0035a140       $R3427A0                   000000018038e140     CCXExtUI.res
 0005:0035a498       $R342AF8                   000000018038e498     CCXExtUI.res
 0005:0035a680       $R342CE0                   000000018038e680     CCXExtUI.res
 0005:0035a7a8       $R342E08                   000000018038e7a8     CCXExtUI.res
 0005:0035ac70       $R3432D0                   000000018038ec70     CCXExtUI.res
 0005:0035afc0       $R343620                   000000018038efc0     CCXExtUI.res
 0005:0035b2e8       $R343948                   000000018038f2e8     CCXExtUI.res
 0005:0035b4e8       $R343B48                   000000018038f4e8     CCXExtUI.res
 0005:0035b600       $R343C60                   000000018038f600     CCXExtUI.res
 0005:0035bae0       $R344140                   000000018038fae0     CCXExtUI.res
 0005:0035be50       $R3444B0                   000000018038fe50     CCXExtUI.res
 0005:0035c150       $R3447B0                   0000000180390150     CCXExtUI.res
 0005:0035c350       $R3449B0                   0000000180390350     CCXExtUI.res
 0005:0035c478       $R344AD8                   0000000180390478     CCXExtUI.res
 0005:0035c9c0       $R345020                   00000001803909c0     CCXExtUI.res
 0005:0035cdc0       $R345420                   0000000180390dc0     CCXExtUI.res
 0005:0035d0f0       $R345750                   00000001803910f0     CCXExtUI.res
 0005:0035d310       $R345970                   0000000180391310     CCXExtUI.res
 0005:0035d428       $R345A88                   0000000180391428     CCXExtUI.res
 0005:0035d920       $R345F80                   0000000180391920     CCXExtUI.res
 0005:0035dcc8       $R346328                   0000000180391cc8     CCXExtUI.res
 0005:0035dfe8       $R346648                   0000000180391fe8     CCXExtUI.res
 0005:0035e1c0       $R346820                   00000001803921c0     CCXExtUI.res
 0005:0035e2e0       $R346940                   00000001803922e0     CCXExtUI.res
 0005:0035e820       $R346E80                   0000000180392820     CCXExtUI.res
 0005:0035eb68       $R3471C8                   0000000180392b68     CCXExtUI.res
 0005:0035ee48       $R3474A8                   0000000180392e48     CCXExtUI.res
 0005:0035f018       $R347678                   0000000180393018     CCXExtUI.res
 0005:0035f148       $R3477A8                   0000000180393148     CCXExtUI.res
 0005:0035f5d0       $R347C30                   00000001803935d0     CCXExtUI.res
 0005:0035f928       $R347F88                   0000000180393928     CCXExtUI.res
 0005:0035fc50       $R3482B0                   0000000180393c50     CCXExtUI.res
 0005:0035fe38       $R348498                   0000000180393e38     CCXExtUI.res
