 bcmihvsrv

 Timestamp is 524cd181 (Wed Oct 02 19:08:01 2013)

 Preferred load address is 10000000

 Start         Length     Name                   Class
 0001:00000000 00000055H .text$di                CODE
 0001:00000060 00044c42H .text$mn                CODE
 0001:00044cb0 000003c6H .text$x                 CODE
 0001:00045080 0000002bH .text$yd                CODE
 0002:00000000 00000308H .idata$5                DATA
 0002:00000308 00000004H .CRT$XCA                DATA
 0002:0000030c 00000008H .CRT$XCU                DATA
 0002:00000314 00000004H .CRT$XCZ                DATA
 0002:00000318 00000004H .CRT$XIA                DATA
 0002:0000031c 00000010H .CRT$XIC                DATA
 0002:0000032c 00000004H .CRT$XIZ                DATA
 0002:00000330 00000004H .CRT$XPA                DATA
 0002:00000334 00000008H .CRT$XPX                DATA
 0002:0000033c 00000004H .CRT$XPXA               DATA
 0002:00000340 00000004H .CRT$XPZ                DATA
 0002:00000344 00000004H .CRT$XTA                DATA
 0002:00000348 00000004H .CRT$XTZ                DATA
 0002:00000350 00013db8H .rdata                  DATA
 0002:00014108 000000a0H .rdata$debug            DATA
 0002:000141a8 0000026cH .rdata$r                DATA
 0002:00014420 00000054H .rdata$sxdata           DATA
 0002:00014474 00000004H .rtc$IAA                DATA
 0002:00014478 00000004H .rtc$IZZ                DATA
 0002:0001447c 00000004H .rtc$TAA                DATA
 0002:00014480 00000004H .rtc$TZZ                DATA
 0002:00014488 00000b04H .xdata$x                DATA
 0002:00014f90 000000e2H .edata                  DATA
 0002:00015074 000000dcH .idata$2                DATA
 0002:00015150 00000014H .idata$3                DATA
 0002:00015164 00000308H .idata$4                DATA
 0002:0001546c 00000ef4H .idata$6                DATA
 0003:00000000 0000a8a0H .data                   DATA
 0003:0000a8a0 00000130H .data$r                 DATA
 0003:0000a9e0 00005938H .bss                    DATA
 0004:00000000 000177d0H .rsrc$01                DATA
 0004:000177d0 00346748H .rsrc$02                DATA

  Address         Publics by Value              Rva+Base       Lib:Object

 0000:00000000       ___guard_flags             00000000     <absolute>
 0000:00000000       __except_list              00000000     <absolute>
 0000:00000000       ___guard_fids_table        00000000     <absolute>
 0000:00000000       ___guard_fids_count        00000000     <absolute>
 0000:00000015       ___safe_se_handler_count   00000015     <absolute>
 0000:00000000       ___ImageBase               10000000     <linker-defined>
 0001:00000060       ?InitIhvCommon@@YAXXZ      10001060 f   ihv_common.obj
 0001:00000180       ?CopyCredential@@YAKPBU_IHV_CREDENTIAL@@PAPAU1@@Z 10001180 f   ihv_common.obj
 0001:000001f0       ??0CIHVS_ADAPTER_CONTEXT@@QAE@PAU_DOT11_ADAPTER@@PAX@Z 100011f0 f i cihvs.obj
 0001:000004b0       ??1CIHVS_ADAPTER_CONTEXT@@QAE@XZ 100014b0 f i cihvs.obj
 0001:00000580       ?setCredential@CIHVS_ADAPTER_CONTEXT@@QAEXPAU_IHV_CREDENTIAL@@@Z 10001580 f i cihvs.obj
 0001:000005c0       ??0CIhvIeCollector@@QAE@XZ 100015c0 f i cihvs.obj
 0001:000005d0       ??1CIhvIeCollector@@UAE@XZ 100015d0 f i cihvs.obj
 0001:000005e0       ??_GCIhvIeCollector@@UAEPAXI@Z 100015e0 f i cihvs.obj
 0001:000005e0       ??_ECIhvIeCollector@@UAEPAXI@Z 100015e0 f i * CIL library *:* CIL module *
 0001:00000610       _DllMain@12                10001610 f   cihvs.obj
 0001:000006a0       ?BcmSetDriverIovarMBytes@@YAKPAVCIHVS_ADAPTER_CONTEXT@@PADPAXK@Z 100016a0 f   cihvs.obj
 0001:00000780       ?BcmGetDriverIovarMBytes@@YAKPAVCIHVS_ADAPTER_CONTEXT@@PAD1K@Z 10001780 f   cihvs.obj
 0001:00000860       ?BcmGetDriverMBytes@@YAKPAVCIHVS_ADAPTER_CONTEXT@@KPAXK@Z 10001860 f   cihvs.obj
 0001:00000930       ?BcmGetDriverMBytes@@YAKPAVCIHVS_ADAPTER_CONTEXT@@KKPAXPAK@Z 10001930 f   cihvs.obj
 0001:00000a60       ?BcmSetDriverIovarInt@@YAKPAVCIHVS_ADAPTER_CONTEXT@@PADH@Z 10001a60 f   cihvs.obj
 0001:00000b30       ?BcmGetDriverIovarInt@@YAKPAVCIHVS_ADAPTER_CONTEXT@@PADPAK@Z 10001b30 f   cihvs.obj
 0001:00000c00       _Dot11ExtIhvGetVersionInfo@4 10001c00 f   cihvs.obj
 0001:00000c20       _Dot11ExtIhvInitService@16 10001c20 f   cihvs.obj
 0001:00000da0       ?Dot11ExtIhvAdapterReset@@YGKPAX@Z 10001da0 f   cihvs.obj
 0001:00000f00       ?Dot11ExtIhvCreateDiscoveryProfiles@@YGKPAXHPAU_DOT11EXT_IHV_PROFILE_PARAMS@@PAU_DOT11_BSS_LIST@@PAU_DOT11EXT_IHV_DISCOVERY_PROFILE_LIST@@PAK@Z 10001f00 f   cihvs.obj
 0001:00000f50       ?Dot11ExtIhvDeinitAdapter@@YGXPAX@Z 10001f50 f   cihvs.obj
 0001:00000ff0       ?Dot11ExtIhvDeinitService@@YGXXZ 10001ff0 f   cihvs.obj
 0001:00001020       ?Dot11ExtIhvInitAdapter@@YGKPAU_DOT11_ADAPTER@@PAXPAPAX@Z 10002020 f   cihvs.obj
 0001:000011c0       ?FindInAdaptersList@CIHVS_ADAPTER_CONTEXT@@SAPAV1@P6AHPAV1@PAX@Z1@Z 100021c0 f   cihvs.obj
 0001:00001260       ?Dot11ExtIhvIsUIRequestPending@@YGKU_GUID@@PAH@Z 10002260 f   cihvs.obj
 0001:000012d0       ?Dot11ExtIhvReceiveIndication@@YGKPAXW4_DOT11EXT_IHV_INDICATION_TYPE@@K0@Z 100022d0 f   cihvs.obj
 0001:000013b0       ?Dot11ExtIhvPerformCapabilityMatch@@YGKPAXPAU_DOT11EXT_IHV_PROFILE_PARAMS@@PAU_DOT11EXT_IHV_CONNECTIVITY_PROFILE@@PAU_DOT11EXT_IHV_SECURITY_PROFILE@@PAU_DOT11_BSS_LIST@@PAK@Z 100023b0 f   cihvs.obj
 0001:00001580       ?Dot11ExtIhvPerformPostAssociate@@YGKPAX0PAU_DOT11_PORT_STATE@@KPAUDOT11_ASSOCIATION_COMPLETION_PARAMETERS@@@Z 10002580 f   cihvs.obj
 0001:00001640       ?Dot11ExtIhvPerformPreAssociate@@YGKPAX0PAU_DOT11EXT_IHV_PROFILE_PARAMS@@PAU_DOT11EXT_IHV_CONNECTIVITY_PROFILE@@PAU_DOT11EXT_IHV_SECURITY_PROFILE@@PAU_DOT11_BSS_LIST@@PAK@Z 10002640 f   cihvs.obj
 0001:00001790       ?PreAssociate@@YGKPAX@Z    10002790 f   cihvs.obj
 0001:00001870       ?Dot11ExtIhvProcessSessionChange@@YGKKPAUtagWTSSESSION_NOTIFICATION@@@Z 10002870 f   cihvs.obj
 0001:00001880       ?Dot11ExtIhvProcessUIResponse@@YGKU_GUID@@KPAX@Z 10002880 f   cihvs.obj
 0001:000019a0       ?Dot11ExtIhvQueryUIRequest@@YGKPAXW4_DOT11EXT_IHV_CONNECTION_PHASE@@PAPAU_DOT11EXT_IHV_UI_REQUEST@@@Z 100029a0 f   cihvs.obj
 0001:000019b0       ?Dot11ExtIhvOnexIndicateResult@@YGKPAXW4_DOT11_MSONEX_RESULT@@PAU_DOT11_MSONEX_RESULT_PARAMS@@@Z 100029b0 f   cihvs.obj
 0001:000019c0       ?Dot11ExtIhvReceivePacket@@YGKPAXK0@Z 100029c0 f   cihvs.obj
 0001:00001a10       ?Dot11ExtIhvSendPacketCompletion@@YGKPAX@Z 10002a10 f   cihvs.obj
 0001:00001a30       ?Dot11ExtIhvStopPostAssociate@@YGKPAXPAY05EK@Z 10002a30 f   cihvs.obj
 0001:00001aa0       ?Dot11ExtIhvValidateProfile@@YGKPAXPAU_DOT11EXT_IHV_PROFILE_PARAMS@@PAU_DOT11EXT_IHV_CONNECTIVITY_PROFILE@@PAU_DOT11EXT_IHV_SECURITY_PROFILE@@PAK@Z 10002aa0 f   cihvs.obj
 0001:00001b80       ?BcmGet@@YAKPAVCIHVS_ADAPTER_CONTEXT@@KPBXKPAXKPAK@Z 10002b80 f   cihvs.obj
 0001:00001c70       ?Dot11ExtIhvControl@@YGKPAXKPAEK1PAK@Z 10002c70 f   cihvs.obj
 0001:00001db0       ?waitForThreads@CIHVS_ADAPTER_CONTEXT@@QAEXXZ 10002db0 f   cihvs.obj
 0001:00001e00       ?setAssocCompleteParams@CIHVS_ADAPTER_CONTEXT@@QAEXPAUDOT11_ASSOCIATION_COMPLETION_PARAMETERS@@@Z 10002e00 f   cihvs.obj
 0001:00001e80       ?readProfileSecurity@CIHVS_ADAPTER_CONTEXT@@QAEHPAU_DOT11EXT_IHV_SECURITY_PROFILE@@@Z 10002e80 f   cihvs.obj
 0001:00001fc0       ?readProfileConnectivity@CIHVS_ADAPTER_CONTEXT@@QAEHPAU_DOT11EXT_IHV_CONNECTIVITY_PROFILE@@@Z 10002fc0 f   cihvs.obj
 0001:00002090       ?IndicatePostAssociate@CIHVS_ADAPTER_CONTEXT@@QAEXKK@Z 10003090 f   cihvs.obj
 0001:00002110       ?startThread@CIHVS_ADAPTER_CONTEXT@@QAEXP6GKPAX@Z0@Z 10003110 f   cihvs.obj
 0001:00002190       ?threadFunc@CIHVS_ADAPTER_CONTEXT@@CGKPAX@Z 10003190 f   cihvs.obj
 0001:000021e0       ?SetDPTConnection@CIHVS_ADAPTER_CONTEXT@@QAEXXZ 100031e0 f   cihvs.obj
 0001:00002240       ?SetDPTPassphrase@CIHVS_ADAPTER_CONTEXT@@AAEKPAG@Z 10003240 f   cihvs.obj
 0001:00002320       ?DecryptUserData@@YAKPAEKPAU_CRYPTOAPI_BLOB@@@Z 10003320 f   cihvs.obj
 0001:00002390       ?ImpersonateActiveConsoleSessionId@@YGKXZ 10003390 f   cihvs.obj
 0001:00002450       ?CopySecurityProfile@@YAKPAU_DOT11EXT_IHV_SECURITY_PROFILE@@0@Z 10003450 f   cihvs.obj
 0001:000024c0       ?CopyDiscoveryProfile@@YAKPAU_DOT11EXT_IHV_DISCOVERY_PROFILE@@0@Z 100034c0 f   cihvs.obj
 0001:00002570       ?InitCritSect@@YAKPAU_RTL_CRITICAL_SECTION@@@Z 10003570 f   ihvutils.obj
 0001:000025f0       ?BinaryToHexRawString@@YAPAGQAEK@Z 100035f0 f   ihvutils.obj
 0001:00002690       ?HexRawStringToBinary@@YAPAEPBGPAK@Z 10003690 f   ihvutils.obj
 0001:00002740       _bcm_parse_tlvs            10003740 f   bcmutils.obj
 0001:00002780       ?GetRootCertificate@@YAKPBU_CERT_CONTEXT@@PAXPAPBU1@@Z 10003780 f   certutil.obj
 0001:00002840       ??1CBstr@@QAE@XZ           10003840 f i DPTProfile.obj
 0001:00002850       ?xmlSet@DPTProfile@@QAEXPAUIXMLDOMDocument@@PAG@Z 10003850 f   DPTProfile.obj
 0001:00002b00       ?xmlSet@DPTProfile@@QAEXPBG@Z 10003b00 f   DPTProfile.obj
 0001:00002c30       ?HexString2Byte@DPTProfile@@SAPAEPBGPAK@Z 10003c30 f   DPTProfile.obj
 0001:00002d50       ?Hex2DPTKey@DPTProfile@@SAPAGPBG@Z 10003d50 f   DPTProfile.obj
 0001:00002d90       ?GetProfileFragment@DPTProfile@@SAPAGPBG0@Z 10003d90 f   DPTProfile.obj
 0001:00002f50       ?GetRegistryBinaryValue@DPTUtils@@YAPAEPAUHKEY__@@PAGPAK@Z 10003f50 f   DPTUtils.obj
 0001:00003010       ?DecryptDPTKey@DPTUtils@@YAHPAEKPAU_CRYPTOAPI_BLOB@@@Z 10004010 f   DPTUtils.obj
 0001:00003080       ?DecryptDPTKey@DPTUtils@@YAPAGPAEK@Z 10004080 f   DPTUtils.obj
 0001:00003150       ?LoadDPTGlobalKey@DPTUtils@@YAHPAU_CRYPTOAPI_BLOB@@@Z 10004150 f   DPTUtils.obj
 0001:00003210       ?LoadDPTGlobalKey@DPTUtils@@YAPAGXZ 10004210 f   DPTUtils.obj
 0001:000032b0       ?GetTempDPTGlobalKey@DPTUtils@@YAPAGXZ 100042b0 f   DPTUtils.obj
 0001:00003320       ??0CProfileIHVSecurity@@QAE@XZ 10004320 f   CCXProfile.obj
 0001:00003380       ??1CProfileIHVSecurity@@QAE@XZ 10004380 f   CCXProfile.obj
 0001:000033c0       ?setCredential@CProfileIHVSecurity@@QAEXPAU_IHV_CREDENTIAL@@@Z 100043c0 f   CCXProfile.obj
 0001:00003440       ?IsValid@CProfileIHVSecurity@@QAEHXZ 10004440 f   CCXProfile.obj
 0001:00003560       ?xmlSet@CProfileIHVSecurity@@QAEXPBG@Z 10004560 f   CCXProfile.obj
 0001:00003c10       ?xmlGet@CProfileIHVSecurity@@QAEPAGXZ 10004c10 f   CCXProfile.obj
 0001:00004250       ??0CProfileIHVConnectivity@@QAE@XZ 10005250 f   CCXProfile.obj
 0001:000042a0       ?SetDefaults@CProfileIHVConnectivity@@QAEXXZ 100052a0 f   CCXProfile.obj
 0001:000042f0       ?IsValid@CProfileIHVConnectivity@@QAEHXZ 100052f0 f   CCXProfile.obj
 0001:000043e0       ?xmlSet@CProfileIHVConnectivity@@QAEXPBG@Z 100053e0 f   CCXProfile.obj
 0001:00004cd0       ?xmlGet@CProfileIHVConnectivity@@QAEPAGXZ 10005cd0 f   CCXProfile.obj
 0001:00005580       ?Hex2Ssid@CProfileIHVConnectivity@@SA_NPBGPAEPAH@Z 10006580 f   CCXProfile.obj
 0001:000056b0       ?Ssid2Hex@CProfileIHVConnectivity@@SA_NPBEHPAG@Z 100066b0 f   CCXProfile.obj
 0001:00005700       ?Name2Ssid@CProfileIHVConnectivity@@SA_NPBGPAEPAH@Z 10006700 f   CCXProfile.obj
 0001:00005e30       ?DoWapiPskPreAssociate@@YGKPAVCIHVS_ADAPTER_CONTEXT@@PAXPAK@Z 10006e30 f   ihvwapi.obj
 0001:00005e70       ?DoWapiCertPreAssociate@@YGKPAVCIHVS_ADAPTER_CONTEXT@@PAXPAK@Z 10006e70 f   ihvwapi.obj
 0001:00005eb0       ?WaiIhvAdapterReset@@YGKPAX@Z 10006eb0 f   ihvwapi.obj
 0001:00005ed0       ?WaiIhvStopPostAssociate@@YGKPAXPAY05EK@Z 10006ed0 f   ihvwapi.obj
 0001:00005ef0       ?WaiPostAssociate@@YGKPAX@Z 10006ef0 f   ihvwapi.obj
 0001:00005fc0       ?PostAssociateComplete@@YGKPAX@Z 10006fc0 f   ihvwapi.obj
 0001:00006180       ?WaiReceivePacket@@YGKPAXK0@Z 10007180 f   ihvwapi.obj
 0001:000063c0       ?CopySecurityProfilesToDiscoveryBuffer@@YAKPAVCProfileIHVSecurity@@PAU_DOT11EXT_IHV_DISCOVERY_PROFILE@@K@Z 100073c0 f   ihvwapi.obj
 0001:000064b0       ?ParseWapiIe@@YAKPBUDOT11_BSS_ENTRY@@PAUrsn_parms@@@Z 100074b0 f   ihvwapi.obj
 0001:000065a0       ?WapiCreateDiscoveryProfiles@@YAKPAU_DOT11EXT_IHV_PROFILE_PARAMS@@PAU_DOT11_BSS_LIST@@PAU_DOT11EXT_IHV_DISCOVERY_PROFILE_LIST@@@Z 100075a0 f   ihvwapi.obj
 0001:00006840       ?PerformCapabilityMatch@@YAKPAVCProfileIHVConnectivity@@PAVCProfileIHVSecurity@@PAU_DOT11EXT_IHV_PROFILE_PARAMS@@PAU_DOT11_BSS_LIST@@@Z 10007840 f   ihvwapi.obj
 0001:00006940       ?InitWapi@@YAHPAUHINSTANCE__@@@Z 10007940 f   ihvwapi.obj
 0001:00006a00       ?DeinitWapi@@YAXXZ         10007a00 f   ihvwapi.obj
 0001:00006af0       ?CreateWapiSession@@YAKPAXPAPAU_WAPI_SESSION@@@Z 10007af0 f   ihvwapi.obj
 0001:00006bc0       ?DestroyWapiSession@@YAXPAU_WAPI_SESSION@@@Z 10007bc0 f   ihvwapi.obj
 0001:00006d60       _OS_timer_setup            10007d60 f   ihvwapi.obj
 0001:00006dd0       _WIFI_TX_packet            10007dd0 f   ihvwapi.obj
 0001:00006ef0       _WIFI_Action_Deauth        10007ef0 f   ihvwapi.obj
 0001:00006f60       _WIFI_unicast_key_set      10007f60 f   ihvwapi.obj
 0001:00007030       _WIFI_group_key_set        10008030 f   ihvwapi.obj
 0001:00007380       _ecc192_verify             10008380 f   wapiwin.obj
 0001:000074f0       _ecc192_sign               100084f0 f   wapiwin.obj
 0001:00007580       _ecc192_genkey             10008580 f   wapiwin.obj
 0001:00007710       _ecc192_ecdh               10008710 f   wapiwin.obj
 0001:000078d0       _get_x509_cert             100088d0 f   wapiwin.obj
 0001:00007b50       _x509_free_obj_data        10008b50 f   wapiwin.obj
 0001:00007be0       _mhash_sha256              10008be0 f   wapiwin.obj
 0001:00007ce0       _wapi_hmac_sha256          10008ce0 f   wapiwin.obj
 0001:00007e40       _KD_hmac_sha256            10008e40 f   wapiwin.obj
 0001:00008020       ?GetActionFrameRxInfo@@YAHPBXIPAW4IEBLOBINFO_FC@@PAIPAPBX2@Z 10009020 f   FrameRxInfo.obj
 0001:000080e0       ?GetMgmtFrameRxInfo@@YAHIPBXIPAW4IEBLOBINFO_FC@@PAIPAPBX2@Z 100090e0 f   FrameRxInfo.obj
 0001:00008160       ?CacheInsertIeInfo@@YAHPBEPBUIEINFO@@@Z 10009160 f   IeCollector.obj
 0001:00008320       ?PersistentDeviceGet@@YAPAUPERSISTENTDEVICE@@PBE@Z 10009320 f   IeCollector.obj
 0001:00008470       ?PersistentDeviceGetIeBlobInfo@@YAHPAUPERSISTENTDEVICE@@PAUIEBLOBINFO@@PAK@Z 10009470 f   IeCollector.obj
 0001:000084f0       ?PersistentDeviceSetIeInfo@@YAHPAUPERSISTENTDEVICE@@PBUIEINFO@@I@Z 100094f0 f   IeCollector.obj
 0001:00008830       ?IeCollectorDiscoveryCompletion@@YAHPBEPBUIECOLLECTORBCNPRBDATA@@@Z 10009830 f   IeCollector.obj
 0001:00008920       ?IeCollectorProcessFrame@@YAHPBEW4IEBLOBINFO_FC@@IPBXI@Z 10009920 f   IeCollector.obj
 0001:000089c0       ?IeCollectorProcessNewPersistentDevice@@YAHPBEPBUIECOLLECTORBCNPRBDATA@@@Z 100099c0 f   IeCollector.obj
 0001:00008c60       ?IeCollectorGetIeInfo@@YA?AW4IECOLLECTORERR@@PBEPAUIEBLOBINFO@@PAK@Z 10009c60 f   IeCollector.obj
 0001:00008eb0       ?OnEvent@CFunctionDiscoveryNotificationWrapper@@UAGJK_KPBG@Z 10009eb0 f i IhvIeCollector.obj
 0001:00008eb0       ?OnError@CFunctionDiscoveryNotificationWrapper@@UAGJJ_KPBG@Z 10009eb0 f i IhvIeCollector.obj
 0001:00008ec0       ?QueryInterface@CFDWfdDevicePaired@@UAGJABU_GUID@@PAPAX@Z 10009ec0 f i IhvIeCollector.obj
 0001:00008f30       ?AddRef@CFDWfdDevicePaired@@UAGKXZ 10009f30 f i IhvIeCollector.obj
 0001:00008f50       ?Release@CFDWfdDevicePaired@@UAGKXZ 10009f50 f i IhvIeCollector.obj
 0001:00008f80       ??_ECFDWfdDevicePaired@@UAEPAXI@Z 10009f80 f i * CIL library *:* CIL module *
 0001:00008f80       ??_GCFDWfdDevicePaired@@UAEPAXI@Z 10009f80 f i IhvIeCollector.obj
 0001:00008fb0       ??0IFunctionDiscoveryNotification@@QAE@XZ 10009fb0 f i IhvIeCollector.obj
 0001:00009590       ?InitializeAdapter@CIhvIeCollector@@QAE_NPAVCIHVS_ADAPTER_CONTEXT@@@Z 1000a590 f   IhvIeCollector.obj
 0001:00009630       ?Initialize@CIhvIeCollector@@QAE_NXZ 1000a630 f   IhvIeCollector.obj
 0001:000096b0       ?Deinitialize@CIhvIeCollector@@QAEXXZ 1000a6b0 f   IhvIeCollector.obj
 0001:00009760       ?OnIndication@CIhvIeCollector@@QAEXPBU_IHV_NIC_SPECIFIC_EXTENSION@@K@Z 1000a760 f   IhvIeCollector.obj
 0001:000097c0       ?GetIeInfo@CIhvIeCollector@@QAEKPBEPAUIEBLOBINFO@@PAK@Z 1000a7c0 f   IhvIeCollector.obj
 0001:000097f0       ?Initialize@CFDWfdDevicePaired@@QAEJPAXP6AX0PBE@Z@Z 1000a7f0 f   NotifyWfdDevicePaired.obj
 0001:00009890       ?OnUpdate@CFDWfdDevicePaired@@UAGJW4tagQueryUpdateAction@@_KPAUIFunctionInstance@@@Z 1000a890 f   NotifyWfdDevicePaired.obj
 0001:000099c0       _wlan_deauth_for_otherc    1000a9c0 f   waiprot:interface.obj
 0001:00009b70       _timer_resend              1000ab70 f   waiprot:interface.obj
 0001:00009bf0       _iwn_free_buffer           1000abf0 f   waiprot:interface.obj
 0001:00009c10       _lib_get_wapi_state        1000ac10 f   waiprot:interface.obj
 0001:00009dc0       _WAI_CNTAPPARA_SET         1000adc0 f   waiprot:interface.obj
 0001:00009fc0       _WAI_Msg_Input             1000afc0 f   waiprot:interface.obj
 0001:0000a350       _WAI_RX_packets_indication 1000b350 f   waiprot:interface.obj
 0001:0000a3a0       _WIFI_lib_init             1000b3a0 f   waiprot:interface.obj
 0001:0000a8a0       _ParsePubKey               1000b8a0 f   waiprot:cert.obj
 0001:0000aa50       _iwn_x509_get_pubkey       1000ba50 f   waiprot:cert.obj
 0001:0000ad80       _iwn_x509_get_subject_name 1000bd80 f   waiprot:cert.obj
 0001:0000b070       _iwn_x509_get_serial_number 1000c070 f   waiprot:cert.obj
 0001:0000b230       _iwn_x509_get_issuer_name  1000c230 f   waiprot:cert.obj
 0001:0000b4d0       _iwn_x509_get_sign         1000c4d0 f   waiprot:cert.obj
 0001:0000b6d0       _iwn_x509_get_sign_inlen   1000c6d0 f   waiprot:cert.obj
 0001:0000b770       _cert_obj_register         1000c770 f   waiprot:cert.obj
 0001:0000b830       _cert_obj_unregister       1000c830 f   waiprot:cert.obj
 0001:0000b900       _get_cert_obj              1000c900 f   waiprot:cert.obj
 0001:0000b920       _x509_verify_cert          1000c920 f   waiprot:cert.obj
 0001:0000ba60       _init_cert                 1000ca60 f   waiprot:cert.obj
 0001:0000bc40       _free_rxfrag               1000cc40 f   waiprot:wapi.obj
 0001:0000bc80       _iwn_wpa_defrag            1000cc80 f   waiprot:wapi.obj
 0001:0000c170       _iwn_wai_fixdata_id_by_ident 1000d170 f   waiprot:wapi.obj
 0001:0000c600       _iwn_wapi_sm_rx_wai        1000d600 f   waiprot:wapi.obj
 0001:0000def0       _get_random                1000eef0 f   waiprot:common.obj
 0001:0000dfa0       _iwn_wpa_printf            1000efa0 f   waiprot:common.obj
 0001:0000dfd0       _print_buf                 1000efd0 f   waiprot:common.obj
 0001:0000e2c0       _x509_ecc_verify           1000f2c0 f   waiprot:common.obj
 0001:0000e310       _x509_ecc_sign             1000f310 f   waiprot:common.obj
 0001:0000e340       _x509_ecc_verify_key       1000f340 f   waiprot:common.obj
 0001:0000e410       _wpi_encrypt               1000f410 f   waiprot:wpi_pcrypt.obj
 0001:0000e5b0       _SMS4Crypt                 1000f5b0 f   waiprot:sms4c.obj
 0001:0000e8b0       _SMS4KeyExt                1000f8b0 f   waiprot:sms4c.obj
 0001:0000eb40       _GetKeyStorageInterface@12 1000fb40 f   IHVCngLib:bwcgksp.obj
 0001:0000eb60       ?BwcgKspOpenProvider@@YGJPAKPB_WK@Z 1000fb60 f   IHVCngLib:bwcgksp.obj
 0001:0000ec10       ?BwcgKspFreeProvider@@YGJK@Z 1000fc10 f   IHVCngLib:bwcgksp.obj
 0001:0000ec80       ?BwcgKspOpenKey@@YGJKPAKPB_WKK@Z 1000fc80 f   IHVCngLib:bwcgksp.obj
 0001:0000ed40       ?BwcgKspCreatePersistedKey@@YGJKPAKPB_W1KK@Z 1000fd40 f   IHVCngLib:bwcgksp.obj
 0001:0000ee80       ?BwcgKspGetProviderProperty@@YGJKPB_WPAEKPAKK@Z 1000fe80 f   IHVCngLib:bwcgksp.obj
 0001:0000f210       ?BwcgKspGetKeyProperty@@YGJKKPB_WPAEKPAKK@Z 10010210 f   IHVCngLib:bwcgksp.obj
 0001:0000f7e0       ?BwcgKspSetProviderProperty@@YGJKPB_WPAEKK@Z 100107e0 f   IHVCngLib:bwcgksp.obj
 0001:0000f8f0       ?BwcgKspSetKeyProperty@@YGJKKPB_WPAEKK@Z 100108f0 f   IHVCngLib:bwcgksp.obj
 0001:0000fad0       ?BwcgKspFinalizeKey@@YGJKKK@Z 10010ad0 f   IHVCngLib:bwcgksp.obj
 0001:0000fba0       ?BwcgKspDeleteKey@@YGJKKK@Z 10010ba0 f   IHVCngLib:bwcgksp.obj
 0001:0000fc00       ?BwcgKspFreeKey@@YGJKK@Z   10010c00 f   IHVCngLib:bwcgksp.obj
 0001:0000fc40       ?BwcgKspFreeBuffer@@YGJPAX@Z 10010c40 f   IHVCngLib:bwcgksp.obj
 0001:0000fcc0       ?BwcgKspEncrypt@@YGJKKPAEKPAX0KPAKK@Z 10010cc0 f   IHVCngLib:bwcgksp.obj
 0001:0000fd60       ?BwcgKspDecrypt@@YGJKKPAEKPAX0KPAKK@Z 10010d60 f   IHVCngLib:bwcgksp.obj
 0001:0000fe10       ?BwcgKspIsAlgSupported@@YGJKPB_WK@Z 10010e10 f   IHVCngLib:bwcgksp.obj
 0001:0000fea0       ?BwcgKspEnumAlgorithms@@YGJKKPAKPAPAU_NCryptAlgorithmName@@K@Z 10010ea0 f   IHVCngLib:bwcgksp.obj
 0001:0000ffa0       ?BwcgKspEnumKeys@@YGJKPB_WPAPAUNCryptKeyName@@PAPAXK@Z 10010fa0 f   IHVCngLib:bwcgksp.obj
 0001:00010150       ?BwcgKspImportKey@@YGJKKPB_WPAU_BCryptBufferDesc@@PAKPAEKK@Z 10011150 f   IHVCngLib:bwcgksp.obj
 0001:00010510       ?BwcgKspExportKey@@YGJKKKPB_WPAU_BCryptBufferDesc@@PAEKPAKK@Z 10011510 f   IHVCngLib:bwcgksp.obj
 0001:000107f0       ?BwcgKspSignHash@@YGJKKPAXPAEK1KPAKK@Z 100117f0 f   IHVCngLib:bwcgksp.obj
 0001:00010900       ?BwcgKspVerifySignature@@YGJKKPAXPAEK1KK@Z 10011900 f   IHVCngLib:bwcgksp.obj
 0001:00010990       ?BwcgKspPromptUser@@YGJKKPB_WK@Z 10011990 f   IHVCngLib:bwcgksp.obj
 0001:000109a0       ?BwcgKspNotifyChangeKey@@YGJKPAPAXK@Z 100119a0 f   IHVCngLib:bwcgksp.obj
 0001:000109b0       ?BwcgKspSecretAgreement@@YGJKKKPAKK@Z 100119b0 f   IHVCngLib:bwcgksp.obj
 0001:00010a10       ?BwcgKspDeriveKey@@YGJKKPB_WPAU_BCryptBufferDesc@@PAEKPAKK@Z 10011a10 f   IHVCngLib:bwcgksp.obj
 0001:00010a50       ?BwcgKspFreeSecret@@YGJKK@Z 10011a50 f   IHVCngLib:bwcgksp.obj
 0001:00010a80       ?EC192OpenAlgorithmProvider@@YGJPAPAXPB_WK@Z 10011a80 f   IHVCngLib:bwcgsap.obj
 0001:00010f20       ?EC192GetProperty@@YGJPAXPB_WPAEKPAKK@Z 10011f20 f   IHVCngLib:bwcgsap.obj
 0001:00010f90       ?EC192SetProperty@@YGJPAXPB_WPAEKK@Z 10011f90 f   IHVCngLib:bwcgsap.obj
 0001:00010fa0       ?EC192CloseAlgorithmProvider@@YGJPAXK@Z 10011fa0 f   IHVCngLib:bwcgsap.obj
 0001:00010ff0       ?EC192GenerateKeyPair@@YGJPAXPAPAXKK@Z 10011ff0 f   IHVCngLib:bwcgsap.obj
 0001:00011080       ?EC192FinalizeKeyPair@@YGJPAXK@Z 10012080 f   IHVCngLib:bwcgsap.obj
 0001:00011120       ?EC192DestroyKey@@YGJPAX@Z 10012120 f   IHVCngLib:bwcgsap.obj
 0001:00011170       ?EC192SignHash@@YGJPAX0PAEK1KPAKK@Z 10012170 f   IHVCngLib:bwcgsap.obj
 0001:000111c0       ?EC192VerifySignature@@YGJPAX0PAEK1KK@Z 100121c0 f   IHVCngLib:bwcgsap.obj
 0001:00011210       ?EC192ImportKeyPair@@YGJPAX0PB_WPAPAXPAEKK@Z 10012210 f   IHVCngLib:bwcgsap.obj
 0001:00011410       ?EC192ExportKeyPair@@YGJPAX0PB_WPAEKPAKK@Z 10012410 f   IHVCngLib:bwcgsap.obj
 0001:000115d0       ?EC192SecretAgreement@@YGJPAX0PAPAXK@Z 100125d0 f   IHVCngLib:bwcgsap.obj
 0001:00011740       ?EC192DeriveKey@@YGJPAXPB_WPAU_BCryptBufferDesc@@PAEKPAKK@Z 10012740 f   IHVCngLib:bwcgsap.obj
 0001:000117c0       ?EC192DestroySecret@@YGJPAX@Z 100127c0 f   IHVCngLib:bwcgsap.obj
 0001:00011810       _GetSignatureInterface@16  10012810 f   IHVCngLib:bwcgsap.obj
 0001:000118b0       _GetSecretAgreementInterface@16 100128b0 f   IHVCngLib:bwcgsap.obj
 0001:00011950       _BwcgSapEC192Register@4    10012950 f   IHVCngLib:bwcgsapreg.obj
 0001:000119d0       _BwcgKspRegister@4         100129d0 f   IHVCngLib:bwcgkspreg.obj
 0001:00011ad0       ?NormalizeNteStatus@@YAJJ@Z 10012ad0 f   IHVCngLib:bwcgksphlp.obj
 0001:00011bf0       ?AllocAndDecryptPrivateKey@@YAJPAEKPAPAEPAK@Z 10012bf0 f   IHVCngLib:bwcgksphlp.obj
 0001:00011cc0       ?ProtectAndSetPrivateKey@@YAJPB_WPAEKPAU_BWCGKSP_KEY@@@Z 10012cc0 f   IHVCngLib:bwcgksphlp.obj
 0001:00011e10       ?ImportKeyPair@@YAJPAU_BWCGKSP_KEY@@@Z 10012e10 f   IHVCngLib:bwcgksphlp.obj
 0001:00011fd0       ?AllocAndGetEccPrivateKeyBlob@@YAJPAU_BWCGKSP_KEY@@PB_WPAPAEPAK@Z 10012fd0 f   IHVCngLib:bwcgksphlp.obj
 0001:00012110       ?FinalizeKey@@YAJPAU_BWCGKSP_KEY@@@Z 10013110 f   IHVCngLib:bwcgksphlp.obj
 0001:00012230       ?VerifyKey@@YAJPAU_BWCGKSP_KEY@@@Z 10013230 f   IHVCngLib:bwcgksphlp.obj
 0001:00012300       ?CreateNewKeyObject@@YGJPB_WPAPAU_BWCGKSP_KEY@@@Z 10013300 f   IHVCngLib:bwcgksphlp.obj
 0001:00012490       ?DeleteKeyObject@@YGJPAU_BWCGKSP_KEY@@@Z 10013490 f   IHVCngLib:bwcgksphlp.obj
 0001:000125c0       ?CreateNewProperty@@YAJPB_WPAEKKPAPAU_BWCGKSP_PROPERTY@@@Z 100135c0 f   IHVCngLib:bwcgksphlp.obj
 0001:000126a0       ?LookupExistingKeyProperty@@YAJPAU_BWCGKSP_KEY@@PB_WPAPAU_BWCGKSP_PROPERTY@@@Z 100136a0 f   IHVCngLib:bwcgksphlp.obj
 0001:00012720       ?SetBuildinKeyProperty@@YAJPAU_BWCGKSP_KEY@@PB_WPAEKPAK@Z 10013720 f   IHVCngLib:bwcgksphlp.obj
 0001:00012b10       ?FindFirstKeyFile@@YAJPAPAXPAPAUNCryptKeyName@@@Z 10013b10 f   IHVCngLib:bwcgksphlp.obj
 0001:00012db0       ?FindNextKeyFile@@YAJPAXPAPAUNCryptKeyName@@@Z 10013db0 f   IHVCngLib:bwcgksphlp.obj
 0001:00013080       ?ReadKeyNameFromParams@@YAJPBU_BCryptBufferDesc@@PAPA_W@Z 10014080 f   IHVCngLib:bwcgksphlp.obj
 0001:00013110       ?ULongAdd@@YAJKKPAK@Z      10014110 f i IHVCngLib:bwcgkspstorage.obj
 0001:00013130       ?ValidateKeyFile@@YAJPAEK@Z 10014130 f   IHVCngLib:bwcgkspstorage.obj
 0001:000131b0       ?ValidateKeyFileExistence@@YAJPAU_BWCGKSP_KEY@@@Z 100141b0 f   IHVCngLib:bwcgkspstorage.obj
 0001:00013230       ?IsThreadWellKnownSid@@YAJKPAH@Z 10014230 f   IHVCngLib:bwcgkspstorage.obj
 0001:00013400       ?GetSampleKeyStorageArea@@YAJPAPA_W@Z 10014400 f   IHVCngLib:bwcgkspstorage.obj
 0001:00013580       ?BuildKeyFilePath@@YAJU_BWCGKSP_KEY@@PAPA_W@Z 10014580 f   IHVCngLib:bwcgkspstorage.obj
 0001:00013640       ?ZeroizeFile@@YAJPB_W@Z    10014640 f   IHVCngLib:bwcgkspstorage.obj
 0001:000136f0       ?RemoveKeyFromStore@@YAJPAU_BWCGKSP_KEY@@@Z 100146f0 f   IHVCngLib:bwcgkspstorage.obj
 0001:00013780       ?ReadKeyNameFromFile@@YAJPA_W0PAPAUNCryptKeyName@@@Z 10014780 f   IHVCngLib:bwcgkspstorage.obj
 0001:00013960       ?ReadKeyFile@@YAJPAU_BWCGKSP_KEY@@@Z 10014960 f   IHVCngLib:bwcgkspstorage.obj
 0001:00013ba0       ?WriteKeyFile@@YAJPAU_BWCGKSP_KEY@@@Z 10014ba0 f   IHVCngLib:bwcgkspstorage.obj
 0001:00013c60       ?WriteKeyToStore@@YAJPAU_BWCGKSP_KEY@@@Z 10014c60 f   IHVCngLib:bwcgkspstorage.obj
 0001:00013d90       ?ParseKeyFile@@YAJPAU_BWCGKSP_KEY@@@Z 10014d90 f   IHVCngLib:bwcgkspstorage.obj
 0001:00013f20       ?ConvertContainerSecurityDescriptor@@YAJPAXPAPAXPAK@Z 10014f20 f   IHVCngLib:bwcgkspstorage.obj
 0001:00014000       ?CheckAndChangeAccessMasks@@YAJPAU_ACL@@@Z 10015000 f   IHVCngLib:bwcgkspstorage.obj
 0001:000140e0       ?GetSecurityOnKeyFile@@YAJPAU_BWCGKSP_KEY@@KPAPAXPAK@Z 100150e0 f   IHVCngLib:bwcgkspstorage.obj
 0001:00014220       ?SetSecurityOnKeyFile@@YAJPAU_BWCGKSP_KEY@@KPAX@Z 10015220 f   IHVCngLib:bwcgkspstorage.obj
 0001:00014400       ?ComputeSerializedPropertyListLength@@YAXPAU_BWCGKSP_KEY@@PAK@Z 10015400 f   IHVCngLib:bwcgkspstorage.obj
 0001:00014470       ?BuildSerializedPropertyList@@YAJPAU_BWCGKSP_KEY@@PAEK@Z 10015470 f   IHVCngLib:bwcgkspstorage.obj
 0001:000145a0       ?SerializeProperties@@YAJPAU_BWCGKSP_KEY@@PAPAEPAK@Z 100155a0 f   IHVCngLib:bwcgkspstorage.obj
 0001:00014630       ?DeserializeProperties@@YAJPAU_BWCGKSP_KEY@@PAEK@Z 10015630 f   IHVCngLib:bwcgkspstorage.obj
 0001:00014770       ?SerializeKeyForStorage@@YAJPAU_BWCGKSP_KEY@@PAPAEPAK@Z 10015770 f   IHVCngLib:bwcgkspstorage.obj
 0001:000148b0       ?NewSapKeyObject@@YGPAU_EC192_KEY_OBJECT@@PAU_EC192_ALG_OBJECT@@PAPAU1@PAK@Z 100158b0 f   IHVCngLib:bwcgsaphlp.obj
 0001:00014960       ?ec192_signature_length@@YGJPAU_EC192_KEY_OBJECT@@PAK@Z 10015960 f   IHVCngLib:ecc192.obj
 0001:00014990       ?ec192_sign_hash@@YGJPAU_EC192_KEY_OBJECT@@QAEKPAEKPAK@Z 10015990 f   IHVCngLib:ecc192.obj
 0001:00014a90       ?ec192_verify_signature@@YGJPAU_EC192_KEY_OBJECT@@QAEK1K@Z 10015a90 f   IHVCngLib:ecc192.obj
 0001:00015190       _cngimpl_ecc192_genkey     10016190 f   IHVCngLib:ecc_openssl.obj
 0001:00015230       _cngimpl_ecc192_sign_hash  10016230 f   IHVCngLib:ecc_openssl.obj
 0001:00015360       _cngimpl_ecc192_verify_sig 10016360 f   IHVCngLib:ecc_openssl.obj
 0001:000154a0       _cngimpl_ecc192_ecdh       100164a0 f   IHVCngLib:ecc_openssl.obj
 0001:0001554c       @__security_check_cookie@4 1001654c f   LIBCMT:secchk.obj
 0001:0001555b       ??_M@YGXPAXIHP6EX0@Z@Z     1001655b f   LIBCMT:ehvecdtr.obj
 0001:000155ca       ?__ArrayUnwind@@YGXPAXIHP6EX0@Z@Z 100165ca f   LIBCMT:ehvecdtr.obj
 0001:00015628       ___onexitinit              10016628 f   LIBCMT:onexit.obj
 0001:00015657       __onexit                   10016657 f   LIBCMT:onexit.obj
 0001:00015751       _atexit                    10016751 f   LIBCMT:onexit.obj
 0001:00015766       ??_L@YGXPAXIHP6EX0@Z1@Z    10016766 f   LIBCMT:ehvecctr.obj
 0001:000157c8       ??3@YAXPAX@Z               100167c8 f   LIBCMT:delete.obj
 0001:000157cd       ??1type_info@@UAE@XZ       100167cd f   LIBCMT:typinfo.obj
 0001:000157db       ??8type_info@@QBE_NABV0@@Z 100167db f   LIBCMT:typinfo.obj
 0001:000157f9       ??_Etype_info@@UAEPAXI@Z   100167f9 f i LIBCMT:typinfo.obj
 0001:000157f9       ??_Gtype_info@@UAEPAXI@Z   100167f9 f i LIBCMT:typinfo.obj
 0001:00015818       ??0bad_alloc@std@@QAE@ABV01@@Z 10016818 f i LIBCMT:new.obj
 0001:00015833       ??1bad_alloc@std@@UAE@XZ   10016833 f i LIBCMT:new.obj
 0001:0001583e       ??2@YAPAXI@Z               1001683e f   LIBCMT:new.obj
 0001:0001588d       ??_Ebad_alloc@std@@UAEPAXI@Z 1001688d f i LIBCMT:new.obj
 0001:0001588d       ??_Gbad_alloc@std@@UAEPAXI@Z 1001688d f i LIBCMT:new.obj
 0001:000158c0       _strncpy                   100168c0 f   LIBCMT:strncpy.obj
 0001:000159e4       __get_printf_count_output  100169e4 f   LIBCMT:printf.obj
 0001:000159f9       _printf                    100169f9 f   LIBCMT:printf.obj
 0001:00015aa8       _wcschr                    10016aa8 f   LIBCMT:wcschr.obj
 0001:00015b56       _swprintf_s                10016b56 f   LIBCMT:swprintf.obj
 0001:00015b72       _wcsncpy_s                 10016b72 f   LIBCMT:wcsncpy_s.obj
 0001:00015e0c       _wcstol                    10016e0c f   LIBCMT:wcstol.obj
 0001:00015e24       _wcstoul                   10016e24 f   LIBCMT:wcstol.obj
 0001:00015e3c       ??0_LocaleUpdate@@QAE@PAUlocaleinfo_struct@@@Z 10016e3c f i LIBCMT:wcsnicmp.obj
 0001:00015ec4       __wcsnicmp                 10016ec4 f   LIBCMT:wcsnicmp.obj
 0001:00015f78       __wcsnicmp_l               10016f78 f   LIBCMT:wcsnicmp.obj
 0001:0001606f       _wcsstr                    1001706f f   LIBCMT:wcsstr.obj
 0001:00016302       ___raise_securityfailure   10017302 f   LIBCMT:gs_report.obj
 0001:0001633f       ___report_gsfailure        1001733f f   LIBCMT:gs_report.obj
 0001:00016438       ___report_rangecheckfailure 10017438 f   LIBCMT:gs_report.obj
 0001:00016444       ___report_securityfailure  10017444 f   LIBCMT:gs_report.obj
 0001:00016512       _wcscpy_s                  10017512 f   LIBCMT:wcscpy_s.obj
 0001:0001656e       __wcsicmp                  1001756e f   LIBCMT:wcsicmp.obj
 0001:00016601       __wcsicmp_l                10017601 f   LIBCMT:wcsicmp.obj
 0001:000166da       __wtoi                     100176da f   LIBCMT:wtox.obj
 0001:000166e3       __wtol                     100176e3 f   LIBCMT:wtox.obj
 0001:000166f7       __itow                     100176f7 f   LIBCMT:xtow.obj
 0001:00016783       __wcstombs_l_helper        10017783 f   LIBCMT:wcstombs.obj
 0001:000169e8       _wcstombs                  100179e8 f   LIBCMT:wcstombs.obj
 0001:00016a00       __CRT_INIT@12              10017a00 f   LIBCMT:dllcrt0.obj
 0001:00016b72       __DllMainCRTStartup@12     10017b72 f   LIBCMT:dllcrt0.obj
 0001:00016ca3       ___DllXcptFilter           10017ca3 f   LIBCMT:dllcrt0.obj
 0001:00016cc8       _free                      10017cc8 f   LIBCMT:free.obj
 0001:00016d00       _malloc                    10017d00 f   LIBCMT:malloc.obj
 0001:00016d92       _sprintf                   10017d92 f   LIBCMT:sprintf.obj
 0001:00016e14       _vprintf                   10017e14 f   LIBCMT:vprintf.obj
 0001:00016e2e       _vprintf_helper            10017e2e f   LIBCMT:vprintf.obj
 0001:00016ebb       _wcscat_s                  10017ebb f   LIBCMT:wcscat_s.obj
 0001:00016f27       ?_inconsistency@@YAXXZ     10017f27 f   LIBCMT:hooks.obj
 0001:00016f5f       ?terminate@@YAXXZ          10017f5f f   LIBCMT:hooks.obj
 0001:00016f93       ?unexpected@@YAXXZ         10017f93 f   LIBCMT:hooks.obj
 0001:00016fa6       __initp_eh_hooks           10017fa6 f   LIBCMT:hooks.obj
 0001:00016fc0       __SEH_prolog4              10017fc0 f   LIBCMT:sehprolg4.obj
 0001:00017005       __SEH_epilog4              10018005 f   LIBCMT:sehprolg4.obj
 0001:00017020       __except_handler4          10018020 f   LIBCMT:chandler4.obj
 0001:000171b5       ___copy_path_to_wide_string 100181b5 f   LIBCMT:crt0dat.obj
 0001:00017265       ___crtCorExitProcess       10018265 f   LIBCMT:crt0dat.obj
 0001:00017297       ___crtExitProcess          10018297 f   LIBCMT:crt0dat.obj
 0001:000172ad       ___freeCrtMemory           100182ad f   LIBCMT:crt0dat.obj
 0001:000173bd       __amsg_exit                100183bd f   LIBCMT:crt0dat.obj
 0001:000173d9       __cexit                    100183d9 f   LIBCMT:crt0dat.obj
 0001:000173e8       __cinit                    100183e8 f   LIBCMT:crt0dat.obj
 0001:00017479       __exit                     10018479 f   LIBCMT:crt0dat.obj
 0001:0001748d       __init_pointers            1001848d f   LIBCMT:crt0dat.obj
 0001:000174e1       __initterm_e               100184e1 f   LIBCMT:crt0dat.obj
 0001:00017503       __lockexit                 10018503 f   LIBCMT:crt0dat.obj
 0001:0001750c       __unlockexit               1001850c f   LIBCMT:crt0dat.obj
 0001:00017644       __msize                    10018644 f   LIBCMT:msize.obj
 0001:00017675       __calloc_crt               10018675 f   LIBCMT:crtheap.obj
 0001:000176bd       __malloc_crt               100186bd f   LIBCMT:crtheap.obj
 0001:00017704       __realloc_crt              10018704 f   LIBCMT:crtheap.obj
 0001:00017750       _strcmp                    10018750 f   LIBCMT:strcmp.obj
 0001:000177dc       ?_Type_info_dtor@type_info@@CAXPAV1@@Z 100187dc f   LIBCMT:typname.obj
 0001:0001784d       ??0exception@std@@QAE@ABQBD@Z 1001884d f   LIBCMT:stdexcpt.obj
 0001:00017872       ??0exception@std@@QAE@ABQBDH@Z 10018872 f   LIBCMT:stdexcpt.obj
 0001:0001788d       ??0exception@std@@QAE@ABV01@@Z 1001888d f   LIBCMT:stdexcpt.obj
 0001:000178b0       ??1exception@std@@UAE@XZ   100188b0 f   LIBCMT:stdexcpt.obj
 0001:000178bb       ??4exception@std@@QAEAAV01@ABV01@@Z 100188bb f   LIBCMT:stdexcpt.obj
 0001:000178ee       ??_Eexception@std@@UAEPAXI@Z 100188ee f i LIBCMT:stdexcpt.obj
 0001:000178ee       ??_Gexception@std@@UAEPAXI@Z 100188ee f i LIBCMT:stdexcpt.obj
 0001:00017913       ?_Copy_str@exception@std@@AAEXPBD@Z 10018913 f   LIBCMT:stdexcpt.obj
 0001:00017951       ?_Tidy@exception@std@@AAEXXZ 10018951 f   LIBCMT:stdexcpt.obj
 0001:0001796d       ?what@exception@std@@UBEPBDXZ 1001896d f   LIBCMT:stdexcpt.obj
 0001:0001797a       __callnewh                 1001897a f   LIBCMT:handler.obj
 0001:000179a0       __initp_heap_handler       100189a0 f   LIBCMT:handler.obj
 0001:000179ad       __CxxThrowException@8      100189ad f   LIBCMT:throw.obj
 0001:00017a0e       __call_reportfault         10018a0e f   LIBCMT:invarg.obj
 0001:00017b31       __initp_misc_invarg        10018b31 f   LIBCMT:invarg.obj
 0001:00017b3e       __invalid_parameter        10018b3e f   LIBCMT:invarg.obj
 0001:00017b69       __invalid_parameter_noinfo 10018b69 f   LIBCMT:invarg.obj
 0001:00017b79       __invoke_watson            10018b79 f   LIBCMT:invarg.obj
 0001:00017ba4       __flsbuf                   10018ba4 f   LIBCMT:_flsbuf.obj
 0001:00017cf1       __output_l                 10018cf1 f   LIBCMT:output.obj
 0001:0001895b       ___doserrno                1001995b f   LIBCMT:dosmap.obj
 0001:0001896e       __dosmaperr                1001996e f   LIBCMT:dosmap.obj
 0001:0001898f       __errno                    1001998f f   LIBCMT:dosmap.obj
 0001:000189a2       __get_errno_from_oserr     100199a2 f   LIBCMT:dosmap.obj
 0001:000189e3       ___initstdio               100199e3 f   LIBCMT:_file.obj
 0001:00018a56       ___endstdio                10019a56 f   LIBCMT:_file.obj
 0001:00018a7d       ___iob_func                10019a7d f   LIBCMT:_file.obj
 0001:00018a83       __lock_file                10019a83 f   LIBCMT:_file.obj
 0001:00018ac2       __lock_file2               10019ac2 f   LIBCMT:_file.obj
 0001:00018af2       __unlock_file              10019af2 f   LIBCMT:_file.obj
 0001:00018b2c       __unlock_file2             10019b2c f   LIBCMT:_file.obj
 0001:00018b59       __ftbuf                    10019b59 f   LIBCMT:_sftbuf.obj
 0001:00018b8a       __stbuf                    10019b8a f   LIBCMT:_sftbuf.obj
 0001:00018c30       ___isa_available_init      10019c30 f   LIBCMT:cpu_disp.obj
 0001:00018d82       __vswprintf_helper         10019d82 f   LIBCMT:vswprnc.obj
 0001:00018e7b       __vswprintf_s_l            10019e7b f   LIBCMT:vswprnc.obj
 0001:00018ef2       _iswctype                  10019ef2 f   LIBCMT:iswctype.obj
 0001:00018f44       __wchartodigit             10019f44 f   LIBCMT:wchtodig.obj
 0001:000190e3       ___addlocaleref            1001a0e3 f   LIBCMT:localref.obj
 0001:00019173       ___freetlocinfo            1001a173 f   LIBCMT:localref.obj
 0001:000192cd       ___removelocaleref         1001a2cd f   LIBCMT:localref.obj
 0001:00019368       ___updatetlocinfo          1001a368 f   LIBCMT:localref.obj
 0001:000193e8       __updatetlocinfoEx_nolock  1001a3e8 f   LIBCMT:localref.obj
 0001:00019433       ___initmbctable            1001a433 f   LIBCMT:mbctype.obj
 0001:000196ee       ___updatetmbcinfo          1001a6ee f   LIBCMT:mbctype.obj
 0001:00019796       __setmbcp                  1001a796 f   LIBCMT:mbctype.obj
 0001:00019944       __setmbcp_nolock           1001a944 f   LIBCMT:mbctype.obj
 0001:00019b37       __towlower_l               1001ab37 f   LIBCMT:towlower.obj
 0001:00019be9       __freefls@4                1001abe9 f   LIBCMT:tidtable.obj
 0001:00019d20       __freeptd                  1001ad20 f   LIBCMT:tidtable.obj
 0001:00019d56       __getptd                   1001ad56 f   LIBCMT:tidtable.obj
 0001:00019d6e       __getptd_noexit            1001ad6e f   LIBCMT:tidtable.obj
 0001:00019ddd       __initptd                  1001addd f   LIBCMT:tidtable.obj
 0001:00019e90       __mtinit                   1001ae90 f   LIBCMT:tidtable.obj
 0001:00019f06       __mtterm                   1001af06 f   LIBCMT:tidtable.obj
 0001:00019f23       __locterm                  1001af23 f   LIBCMT:wsetloca.obj
 0001:00019f75       __crt_debugger_hook        1001af75 f   LIBCMT:dbghook.obj
 0001:00019f7d       ___crtFlsAlloc             1001af7d f   LIBCMT:winapisupp.obj
 0001:00019f9b       ___crtFlsFree              1001af9b f   LIBCMT:winapisupp.obj
 0001:00019fba       ___crtFlsGetValue          1001afba f   LIBCMT:winapisupp.obj
 0001:00019fd9       ___crtFlsSetValue          1001afd9 f   LIBCMT:winapisupp.obj
 0001:00019ffc       ___crtInitializeCriticalSectionEx 1001affc f   LIBCMT:winapisupp.obj
 0001:0001a02a       ___crtIsPackagedApp        1001b02a f   LIBCMT:winapisupp.obj
 0001:0001a068       ___crtLoadWinApiPointers   1001b068 f   LIBCMT:winapisupp.obj
 0001:0001a2f3       ___crtSleep                1001b2f3 f   LIBCMT:winapisupp.obj
 0001:0001a301       ___crtTerminateProcess     1001b301 f   LIBCMT:winapisupp.obj
 0001:0001a316       ___crtUnhandledException   1001b316 f   LIBCMT:winapisupp.obj
 0001:0001a330       __aulldvrm                 1001b330 f   LIBCMT:ulldvrm.obj
 0001:0001a3c5       _abort                     1001b3c5 f   LIBCMT:abort.obj
 0001:0001a408       __initp_misc_purevirt      1001b408 f   LIBCMT:inithelp.obj
 0001:0001a415       __XcptFilter               1001b415 f   LIBCMT:winxfltr.obj
 0001:0001a570       ___CppXcptFilter           1001b570 f   LIBCMT:winxfltr.obj
 0001:0001a58e       __heap_init                1001b58e f   LIBCMT:heapinit.obj
 0001:0001a5a3       __heap_term                1001b5a3 f   LIBCMT:heapinit.obj
 0001:0001a5ab       __ioinit                   1001b5ab f   LIBCMT:ioinit.obj
 0001:0001a85f       __ioterm                   1001b85f f   LIBCMT:ioinit.obj
 0001:0001a8b1       __setargv                  1001b8b1 f   LIBCMT:stdargv.obj
 0001:0001aade       __setenvp                  1001bade f   LIBCMT:stdenvp.obj
 0001:0001abbf       ___security_init_cookie    1001bbbf f   LIBCMT:gs_support.obj
 0001:0001ac59       ___crtGetEnvironmentStringsA 1001bc59 f   LIBCMT:a_env.obj
 0001:0001ace4       __RTC_Initialize           1001bce4 f   LIBCMT:initsect.obj
 0001:0001ad04       __RTC_Terminate            1001bd04 f   LIBCMT:initsect.obj
 0001:0001ad24       __FF_MSGBANNER             1001bd24 f   LIBCMT:crt0msg.obj
 0001:0001ad5d       __GET_RTERRMSG             1001bd5d f   LIBCMT:crt0msg.obj
 0001:0001ad81       __NMSG_WRITE               1001bd81 f   LIBCMT:crt0msg.obj
 0001:0001af40       __FindPESection            1001bf40 f   LIBCMT:pesect.obj
 0001:0001af90       __IsNonwritableInCurrentImage 1001bf90 f   LIBCMT:pesect.obj
 0001:0001b050       __ValidateImageBase        1001c050 f   LIBCMT:pesect.obj
 0001:0001b090       __local_unwind4            1001c090 f   LIBCMT:exsup4.obj
 0001:0001b166       __seh_longjmp_unwind4@4    1001c166 f   LIBCMT:exsup4.obj
 0001:0001b182       @_EH4_CallFilterFunc@8     1001c182 f   LIBCMT:exsup4.obj
 0001:0001b199       @_EH4_TransferToHandler@8  1001c199 f   LIBCMT:exsup4.obj
 0001:0001b1b2       @_EH4_GlobalUnwind2@8      1001c1b2 f   LIBCMT:exsup4.obj
 0001:0001b1cb       @_EH4_LocalUnwind@16       1001c1cb f   LIBCMT:exsup4.obj
 0001:0001b1e2       __lock                     1001c1e2 f   LIBCMT:mlock.obj
 0001:0001b216       __mtdeletelocks            1001c216 f   LIBCMT:mlock.obj
 0001:0001b26a       __mtinitlocknum            1001c26a f   LIBCMT:mlock.obj
 0001:0001b313       __mtinitlocks              1001c313 f   LIBCMT:mlock.obj
 0001:0001b34c       __unlock                   1001c34c f   LIBCMT:mlock.obj
 0001:0001b361       __initp_misc_cfltcvt_tab   1001c361 f   LIBCMT:cmiscdat.obj
 0001:0001b380       ___get_sigabrt             1001c380 f   LIBCMT:winsig.obj
 0001:0001b38d       __initp_misc_winsig        1001c38d f   LIBCMT:winsig.obj
 0001:0001b3a9       _raise                     1001c3a9 f   LIBCMT:winsig.obj
 0001:0001b59e       __initp_misc_rand_s        1001c59e f   LIBCMT:rand_s.obj
 0001:0001b5ab       _realloc                   1001c5ab f   LIBCMT:realloc.obj
 0001:0001b656       __calloc_impl              1001c656 f   LIBCMT:calloc_impl.obj
 0001:0001b6d0       _strcpy_s                  1001c6d0 f   LIBCMT:strcpy_s.obj
 0001:0001b730       _strlen                    1001c730 f   LIBCMT:strlen.obj
 0001:0001b7c0       _memset                    1001c7c0 f   LIBCMT:memset.obj
 0001:0001b850       __fileno                   1001c850 f   LIBCMT:fileno.obj
 0001:0001b850       _fileno                    1001c850 f   LIBCMT:fileno.obj
 0001:0001b874       __isatty                   1001c874 f   LIBCMT:isatty.obj
 0001:0001b8c8       __write                    1001c8c8 f   LIBCMT:write.obj
 0001:0001b9b7       __write_nolock             1001c9b7 f   LIBCMT:write.obj
 0001:0001c21a       __lseeki64                 1001d21a f   LIBCMT:lseeki64.obj
 0001:0001c316       __lseeki64_nolock          1001d316 f   LIBCMT:lseeki64.obj
 0001:0001c387       __getbuf                   1001d387 f   LIBCMT:_getbuf.obj
 0001:0001c3cd       __isleadbyte_l             1001d3cd f i LIBCMT:_wctype.obj
 0001:0001c403       _isleadbyte                1001d403 f i LIBCMT:_wctype.obj
 0001:0001c414       __wctomb_s_l               1001d414 f   LIBCMT:wctomb.obj
 0001:0001c536       _wctomb_s                  1001d536 f   LIBCMT:wctomb.obj
 0001:0001c551       __fcloseall                1001d551 f   LIBCMT:closeall.obj
 0001:0001c5ee       __fflush_nolock            1001d5ee f   LIBCMT:fflush.obj
 0001:0001c634       __flush                    1001d634 f   LIBCMT:fflush.obj
 0001:0001c698       __flushall                 1001d698 f   LIBCMT:fflush.obj
 0001:0001c6a1       _fflush                    1001d6a1 f   LIBCMT:fflush.obj
 0001:0001c7de       __woutput_s_l              1001d7de f   LIBCMT:woutputs.obj
 0001:0001d4f5       __fputwc_nolock            1001e4f5 f   LIBCMT:fputwc.obj
 0001:0001d67a       __mbtowc_l                 1001e67a f   LIBCMT:mbtowc.obj
 0001:0001d76d       _mbtowc                    1001e76d f   LIBCMT:mbtowc.obj
 0001:0001d785       ___free_lconv_mon          1001e785 f   LIBCMT:initmon.obj
 0001:0001d881       ___free_lconv_num          1001e881 f   LIBCMT:initnum.obj
 0001:0001d8e8       ___free_lc_time            1001e8e8 f   LIBCMT:inittime.obj
 0001:0001de6a       ___crtLCMapStringA         1001ee6a f   LIBCMT:a_map.obj
 0001:0001deae       __freea                    1001eeae f i LIBCMT:a_map.obj
 0001:0001dfc2       ___crtGetStringTypeA       1001efc2 f   LIBCMT:a_str.obj
 0001:0001e000       ___crtLCMapStringW         1001f000 f   LIBCMT:w_map.obj
 0001:0001e030       _memcpy                    1001f030 f   LIBCMT:memcpy.obj
 0001:0001e674       _wcslen                    1001f674 f   LIBCMT:wcslen.obj
 0001:0001e68d       _wcsnlen                   1001f68d f   LIBCMT:wcslen_s.obj
 0001:0001e6ac       _GetTableIndexFromLocaleName 1001f6ac f   LIBCMT:winapinls.obj
 0001:0001e6fa       ___crtDownlevelLocaleNameToLCID 1001f6fa f   LIBCMT:winapinls.obj
 0001:0001e724       ___crtLCMapStringEx        1001f724 f   LIBCMT:winapinls.obj
 0001:0001e770       ___wcsnicmp_ascii          1001f770 f   LIBCMT:winapinls.obj
 0001:0001e7de       __atodbl_l                 1001f7de f   LIBCMT:atodbl.obj
 0001:0001e86a       __atoflt_l                 1001f86a f   LIBCMT:atodbl.obj
 0001:0001e900       __allmul                   1001f900 f   LIBCMT:llmul.obj
 0001:0001e934       __fpmath                   1001f934 f   LIBCMT:fpinit.obj
 0001:0001e94b       __cfltcvt_init             1001f94b f   LIBCMT:fpinit.obj
 0001:0001ea01       __ismbblead                1001fa01 f   LIBCMT:ismbbyte.obj
 0001:0001ea17       __set_error_mode           1001fa17 f   LIBCMT:errmode.obj
 0001:0001ea57       ___crtMessageBoxW          1001fa57 f   LIBCMT:crtmboxw.obj
 0001:0001ec40       __global_unwind2           1001fc40 f   LIBCMT:exsup.obj
 0001:0001eca5       __local_unwind2            1001fca5 f   LIBCMT:exsup.obj
 0001:0001ed29       __abnormal_termination     1001fd29 f   LIBCMT:exsup.obj
 0001:0001ed4c       __NLG_Notify1              1001fd4c f   LIBCMT:exsup.obj
 0001:0001ed55       __NLG_Notify               1001fd55 f   LIBCMT:exsup.obj
 0001:0001ed6c       __NLG_Dispatch             1001fd6c     LIBCMT:exsup.obj
 0001:0001ed6c       __NLG_Dispatch2            1001fd6c     LIBCMT:exsup.obj
 0001:0001ed74       __NLG_Call                 1001fd74 f   LIBCMT:exsup.obj
 0001:0001ed76       __NLG_Return2              1001fd76     LIBCMT:exsup.obj
 0001:0001ed77       __fptrap                   1001fd77 f   LIBCMT:crt0fp.obj
 0001:0001ed80       __VEC_memset               1001fd80 f   LIBCMT:p4_memset.obj
 0001:0001ee48       ___lock_fhandle            1001fe48 f   LIBCMT:osfinfo.obj
 0001:0001eed9       __alloc_osfhnd             1001fed9 f   LIBCMT:osfinfo.obj
 0001:0001f082       __free_osfhnd              10020082 f   LIBCMT:osfinfo.obj
 0001:0001f108       __get_osfhandle            10020108 f   LIBCMT:osfinfo.obj
 0001:0001f16f       __set_osfhnd               1002016f f   LIBCMT:osfinfo.obj
 0001:0001f1f1       __unlock_fhandle           100201f1 f   LIBCMT:osfinfo.obj
 0001:0001f217       __putwch_nolock            10020217 f   LIBCMT:putwch.obj
 0001:0001f260       __chkstk                   10020260 f   LIBCMT:chkstk.obj
 0001:0001f260       __alloca_probe             10020260 f   LIBCMT:chkstk.obj
 0001:0001f28b       __fclose_nolock            1002028b f   LIBCMT:fclose.obj
 0001:0001f2f7       _fclose                    100202f7 f   LIBCMT:fclose.obj
 0001:0001f36e       __commit                   1002036e f   LIBCMT:commit.obj
 0001:0001f457       __flswbuf                  10020457 f   LIBCMT:_flswbuf.obj
 0001:0001f5c0       __alloca_probe_16          100205c0 f   LIBCMT:alloca16.obj
 0001:0001f5d6       __alloca_probe_8           100205d6     LIBCMT:alloca16.obj
 0001:0001f5f0       __ld12tod                  100205f0 f   LIBCMT:intrncvt.obj
 0001:0001fb61       __ld12tof                  10020b61 f   LIBCMT:intrncvt.obj
 0001:000200d1       ___strgtold12_l            100210d1 f   LIBCMT:strgtold.obj
 0001:00020879       __cfltcvt                  10021879 f   LIBCMT:cvt.obj
 0001:0002089a       __cfltcvt_l                1002189a f   LIBCMT:cvt.obj
 0001:00020920       __cftoa_l                  10021920 f   LIBCMT:cvt.obj
 0001:00020c7a       __cftoe                    10021c7a f   LIBCMT:cvt.obj
 0001:00020de7       __cftoe_l                  10021de7 f   LIBCMT:cvt.obj
 0001:00020f9d       __cftof_l                  10021f9d f   LIBCMT:cvt.obj
 0001:0002105c       __cftog_l                  1002205c f   LIBCMT:cvt.obj
 0001:00021159       __cropzeros                10022159 f   LIBCMT:cvt.obj
 0001:0002116a       __cropzeros_l              1002216a f   LIBCMT:cvt.obj
 0001:000211e8       __fassign                  100221e8 f   LIBCMT:cvt.obj
 0001:00021200       __fassign_l                10022200 f   LIBCMT:cvt.obj
 0001:00021240       __forcdecpt                10022240 f   LIBCMT:cvt.obj
 0001:00021251       __forcdecpt_l              10022251 f   LIBCMT:cvt.obj
 0001:000212c3       __positive                 100222c3 f   LIBCMT:cvt.obj
 0001:00021305       __setdefaultprecision      10022305 f   LIBCMT:fp8.obj
 0001:0002132c       __isctype_l                1002232c f   LIBCMT:isctype.obj
 0001:000213db       ___termconout              100223db f   LIBCMT:initcon.obj
 0001:000213f2       ___initconout              100223f2 f   LIBCMT:initcon.obj
 0001:00021411       __close                    10022411 f   LIBCMT:close.obj
 0001:000214ec       __close_nolock             100224ec f   LIBCMT:close.obj
 0001:00021586       __freebuf                  10022586 f   LIBCMT:_freebuf.obj
 0001:000215b6       ___mtold12                 100225b6 f   LIBCMT:mantold.obj
 0001:00021794       __isdigit_l                10022794 f i LIBCMT:_ctype.obj
 0001:000217e4       __isxdigit_l               100227e4 f i LIBCMT:_ctype.obj
 0001:0002183a       _isdigit                   1002283a f i LIBCMT:_ctype.obj
 0001:00021865       _isxdigit                  10022865 f i LIBCMT:_ctype.obj
 0001:00021892       __tolower_l                10022892 f   LIBCMT:tolower.obj
 0001:000219d3       _tolower                   100229d3 f   LIBCMT:tolower.obj
 0001:00021a00       _memmove                   10022a00 f   LIBCMT:memmove.obj
 0001:00022050       _strrchr                   10023050 f   LIBCMT:strrchr.obj
 0001:00022187       __fptostr                  10023187 f   LIBCMT:_fptostr.obj
 0001:00022237       ___dtold                   10023237 f   LIBCMT:cfout.obj
 0001:000222fd       __fltout2                  100232fd f   LIBCMT:cfout.obj
 0001:00022390       __alldvrm                  10023390 f   LIBCMT:lldvrm.obj
 0001:00022470       __aullshr                  10023470 f   LIBCMT:ullshr.obj
 0001:0002248f       __controlfp_s              1002348f f   LIBCMT:contrlfp.obj
 0001:000224ec       _$I10_OUTPUT               100234ec f   LIBCMT:x10fout.obj
 0001:00022f67       __control87                10023f67 f i LIBCMT:ieee87.obj
 0001:000232fe       ___set_fpsr_sse2           100242fe f   LIBCMT:fpctrl.obj
 0001:00023380       _EC_KEY_free               10024380 f   libeay32120:ec_key.obj
 0001:000233f0       _EC_KEY_generate_key       100243f0 f   libeay32120:ec_key.obj
 0001:00023520       _EC_KEY_get0_group         10024520 f   libeay32120:ec_key.obj
 0001:00023520       _EC_GROUP_get0_generator   10024520 f   libeay32120:ec_lib.obj
 0001:00023530       _EC_KEY_get0_private_key   10024530 f   libeay32120:ec_key.obj
 0001:00023540       _EC_KEY_get0_public_key    10024540 f   libeay32120:ec_key.obj
 0001:00023550       _EC_KEY_get_key_method_data 10024550 f   libeay32120:ec_key.obj
 0001:00023570       _EC_KEY_insert_key_method_data 10024570 f   libeay32120:ec_key.obj
 0001:000235e0       _EC_KEY_new                100245e0 f   libeay32120:ec_key.obj
 0001:00023650       _EC_KEY_set_group          10024650 f   libeay32120:ec_key.obj
 0001:00023680       _EC_KEY_set_private_key    10024680 f   libeay32120:ec_key.obj
 0001:000236b0       _EC_KEY_set_public_key     100246b0 f   libeay32120:ec_key.obj
 0001:000236f0       _BN_bin2bn                 100246f0 f   libeay32120:bn_lib.obj
 0001:000237e0       _BN_bn2bin                 100247e0 f   libeay32120:bn_lib.obj
 0001:00023840       _BN_clear                  10024840 f   libeay32120:bn_lib.obj
 0001:00023870       _BN_clear_free             10024870 f   libeay32120:bn_lib.obj
 0001:000238c0       _BN_cmp                    100248c0 f   libeay32120:bn_lib.obj
 0001:00023960       _BN_copy                   10024960 f   libeay32120:bn_lib.obj
 0001:00023a30       _BN_dup                    10024a30 f   libeay32120:bn_lib.obj
 0001:00023a70       _BN_free                   10024a70 f   libeay32120:bn_lib.obj
 0001:00023ab0       _BN_init                   10024ab0 f   libeay32120:bn_lib.obj
 0001:00023ad0       _BN_is_bit_set             10024ad0 f   libeay32120:bn_lib.obj
 0001:00023b10       _BN_new                    10024b10 f   libeay32120:bn_lib.obj
 0001:00023b70       _BN_num_bits               10024b70 f   libeay32120:bn_lib.obj
 0001:00023be0       _BN_num_bits_word          10024be0 f   libeay32120:bn_lib.obj
 0001:00023c30       _BN_set_bit                10024c30 f   libeay32120:bn_lib.obj
 0001:00023cc0       _BN_set_negative           10024cc0 f   libeay32120:bn_lib.obj
 0001:00023cf0       _BN_set_word               10024cf0 f   libeay32120:bn_lib.obj
 0001:00023d50       _BN_ucmp                   10024d50 f   libeay32120:bn_lib.obj
 0001:00023d90       _BN_value_one              10024d90 f   libeay32120:bn_lib.obj
 0001:00023da0       _bn_cmp_part_words         10024da0 f   libeay32120:bn_lib.obj
 0001:00023e40       _bn_cmp_words              10024e40 f   libeay32120:bn_lib.obj
 0001:00023e90       _bn_expand2                10024e90 f   libeay32120:bn_lib.obj
 0001:00023fc0       _ECDSA_do_verify           10024fc0 f   libeay32120:ecs_vrf.obj
 0001:00023fe0       _BN_hex2bn                 10024fe0 f   libeay32120:bn_print.obj
 0001:00024170       _EC_EX_DATA_clear_free_all_data 10025170 f   libeay32120:ec_lib.obj
 0001:000241b0       _EC_EX_DATA_free_all_data  100251b0 f   libeay32120:ec_lib.obj
 0001:000241f0       _EC_EX_DATA_free_data      100251f0 f   libeay32120:ec_lib.obj
 0001:00024250       _EC_EX_DATA_get_data       10025250 f   libeay32120:ec_lib.obj
 0001:00024290       _EC_EX_DATA_set_data       10025290 f   libeay32120:ec_lib.obj
 0001:00024330       _EC_GROUP_clear_free       10025330 f   libeay32120:ec_lib.obj
 0001:000243e0       _EC_GROUP_copy             100253e0 f   libeay32120:ec_lib.obj
 0001:000245a0       _EC_GROUP_dup              100255a0 f   libeay32120:ec_lib.obj
 0001:000245e0       _EC_GROUP_free             100255e0 f   libeay32120:ec_lib.obj
 0001:00024660       _EC_GROUP_get_degree       10025660 f   libeay32120:ec_lib.obj
 0001:000246a0       _EC_GROUP_get_order        100256a0 f   libeay32120:ec_lib.obj
 0001:000246d0       _EC_GROUP_get_point_conversion_form 100256d0 f   libeay32120:ec_lib.obj
 0001:000246e0       _EC_GROUP_have_precompute_mult 100256e0 f   libeay32120:ec_lib.obj
 0001:00024710       _EC_GROUP_new              10025710 f   libeay32120:ec_lib.obj
 0001:000247f0       _EC_GROUP_set_curve_GFp    100257f0 f   libeay32120:ec_lib.obj
 0001:00024820       _EC_GROUP_set_generator    10025820 f   libeay32120:ec_lib.obj
 0001:000248d0       _EC_POINT_add              100258d0 f   libeay32120:ec_lib.obj
 0001:00024950       _EC_POINT_clear_free       10025950 f   libeay32120:ec_lib.obj
 0001:00024990       _EC_POINT_cmp              10025990 f   libeay32120:ec_lib.obj
 0001:00024a00       _EC_POINT_copy             10025a00 f   libeay32120:ec_lib.obj
 0001:00024a70       _EC_POINT_dbl              10025a70 f   libeay32120:ec_lib.obj
 0001:00024ae0       _EC_POINT_dup              10025ae0 f   libeay32120:ec_lib.obj
 0001:00024b30       _EC_POINT_free             10025b30 f   libeay32120:ec_lib.obj
 0001:00024b60       _EC_POINT_get_affine_coordinates_GF2m 10025b60 f   libeay32120:ec_lib.obj
 0001:00024bd0       _EC_POINT_get_affine_coordinates_GFp 10025bd0 f   libeay32120:ec_lib.obj
 0001:00024c40       _EC_POINT_invert           10025c40 f   libeay32120:ec_lib.obj
 0001:00024ca0       _EC_POINT_is_at_infinity   10025ca0 f   libeay32120:ec_lib.obj
 0001:00024d00       _EC_POINT_is_on_curve      10025d00 f   libeay32120:ec_lib.obj
 0001:00024d60       _EC_POINT_make_affine      10025d60 f   libeay32120:ec_lib.obj
 0001:00024dc0       _EC_POINT_mul              10025dc0 f   libeay32120:ec_lib.obj
 0001:00024e40       _EC_POINT_new              10025e40 f   libeay32120:ec_lib.obj
 0001:00024ef0       _EC_POINT_oct2point        10025ef0 f   libeay32120:ec_lib.obj
 0001:00024f60       _EC_POINT_point2oct        10025f60 f   libeay32120:ec_lib.obj
 0001:00024fd0       _EC_POINT_set_Jprojective_coordinates_GFp 10025fd0 f   libeay32120:ec_lib.obj
 0001:00025040       _EC_POINT_set_affine_coordinates_GF2m 10026040 f   libeay32120:ec_lib.obj
 0001:000250b0       _EC_POINT_set_affine_coordinates_GFp 100260b0 f   libeay32120:ec_lib.obj
 0001:00025120       _EC_POINT_set_compressed_coordinates_GF2m 10026120 f   libeay32120:ec_lib.obj
 0001:00025190       _EC_POINT_set_compressed_coordinates_GFp 10026190 f   libeay32120:ec_lib.obj
 0001:00025200       _EC_POINT_set_to_infinity  10026200 f   libeay32120:ec_lib.obj
 0001:00025260       _EC_POINTs_make_affine     10026260 f   libeay32120:ec_lib.obj
 0001:000252e0       _ECDSA_SIG_free            100262e0 f   libeay32120:ecs_asn1.obj
 0001:00025300       _ECDSA_SIG_new             10026300 f   libeay32120:ecs_asn1.obj
 0001:00025310       _ECDH_compute_key          10026310 f   libeay32120:ech_key.obj
 0001:00025330       _EC_GROUP_new_curve_GFp    10026330 f   libeay32120:ec_cvt.obj
 0001:000253e0       _BN_div                    100263e0 f   libeay32120:bn_div.obj
 0001:00025c30       _SHA224_Init               10026c30 f   libeay32120:sha256.obj
 0001:00025c90       _SHA256_Final              10026c90 f   libeay32120:sha256.obj
 0001:00025f70       _SHA256_Init               10026f70 f   libeay32120:sha256.obj
 0001:00025fd0       _SHA256_Update             10026fd0 f   libeay32120:sha256.obj
 0001:000271a0       _ECDSA_do_sign             100281a0 f   libeay32120:ecs_sign.obj
 0001:000271d0       _ECDSA_sign_setup          100281d0 f   libeay32120:ecs_sign.obj
 0001:000271f0       _BN_CTX_end                100281f0 f   libeay32120:bn_ctx.obj
 0001:00027230       _BN_CTX_free               10028230 f   libeay32120:bn_ctx.obj
 0001:00027260       _BN_CTX_get                10028260 f   libeay32120:bn_ctx.obj
 0001:000272c0       _BN_CTX_new                100282c0 f   libeay32120:bn_ctx.obj
 0001:00027340       _BN_CTX_start              10028340 f   libeay32120:bn_ctx.obj
 0001:00027570       _CRYPTO_add_lock           10028570 f   libeay32120:cryptlib.obj
 0001:000275c0       _CRYPTO_destroy_dynlockid  100285c0 f   libeay32120:cryptlib.obj
 0001:00027690       _CRYPTO_get_dynlock_value  10028690 f   libeay32120:cryptlib.obj
 0001:00027710       _CRYPTO_lock               10028710 f   libeay32120:cryptlib.obj
 0001:00027780       _CRYPTO_thread_id          10028780 f   libeay32120:cryptlib.obj
 0001:000277a0       _OpenSSLDie                100287a0 f   libeay32120:cryptlib.obj
 0001:00027810       _CRYPTO_free               10028810 f   libeay32120:mem.obj
 0001:00027850       _CRYPTO_malloc             10028850 f   libeay32120:mem.obj
 0001:000278d0       _CRYPTO_realloc            100288d0 f   libeay32120:mem.obj
 0001:00027950       _CRYPTO_realloc_clean      10028950 f   libeay32120:mem.obj
 0001:00027a00       _OPENSSL_cleanse           10028a00 f   libeay32120:mem_clr.obj
 0001:00027a50       _BN_pseudo_rand            10028a50 f   libeay32120:bn_rand.obj
 0001:00027a70       _BN_rand                   10028a70 f   libeay32120:bn_rand.obj
 0001:00027a90       _BN_rand_range             10028a90 f   libeay32120:bn_rand.obj
 0001:00028480       _ERR_add_error_data        10029480 f   libeay32120:err.obj
 0001:000285c0       _ERR_clear_error           100295c0 f   libeay32120:err.obj
 0001:00028630       _ERR_get_error             10029630 f   libeay32120:err.obj
 0001:000286b0       _ERR_get_state             100296b0 f   libeay32120:err.obj
 0001:00028800       _ERR_peek_error            10029800 f   libeay32120:err.obj
 0001:00028830       _ERR_peek_last_error       10029830 f   libeay32120:err.obj
 0001:00028850       _ERR_put_error             10029850 f   libeay32120:err.obj
 0001:00028a40       _ecdsa_check               10029a40 f   libeay32120:ecs_lib.obj
 0001:00028f90       _BN_add_word               10029f90 f   libeay32120:bn_word.obj
 0001:00029040       _BN_mul_word               1002a040 f   libeay32120:bn_word.obj
 0001:000290b0       _BN_sub_word               1002a0b0 f   libeay32120:bn_word.obj
 0001:000294d0       _ec_wNAF_have_precompute_mult 1002a4d0 f   libeay32120:ec_mult.obj
 0001:00029500       _ec_wNAF_mul               1002a500 f   libeay32120:ec_mult.obj
 0001:00029f10       _ec_wNAF_precompute_mult   1002af10 f   libeay32120:ec_mult.obj
 0001:0002a4a0       _CBIGNUM_it                1002b4a0 f   libeay32120:x_bignum.obj
 0001:0002a4b0       _ASN1_item_ex_new          1002b4b0 f   libeay32120:tasn_new.obj
 0001:0002a4d0       _ASN1_item_new             1002b4d0 f   libeay32120:tasn_new.obj
 0001:0002a510       _ASN1_primitive_new        1002b510 f   libeay32120:tasn_new.obj
 0001:0002a610       _ASN1_template_new         1002b610 f   libeay32120:tasn_new.obj
 0001:0002a960       _asn1_primitive_clear      1002b960 f   libeay32120:tasn_new.obj
 0001:0002a9a0       _ASN1_item_ex_free         1002b9a0 f   libeay32120:tasn_fre.obj
 0001:0002a9c0       _ASN1_item_free            1002b9c0 f   libeay32120:tasn_fre.obj
 0001:0002a9e0       _ASN1_primitive_free       1002b9e0 f   libeay32120:tasn_fre.obj
 0001:0002aac0       _ASN1_template_free        1002bac0 f   libeay32120:tasn_fre.obj
 0001:0002ad20       _ASN1_item_d2i             1002bd20 f   libeay32120:tasn_dec.obj
 0001:0002ada0       _ASN1_item_ex_d2i          1002bda0 f   libeay32120:tasn_dec.obj
 0001:0002b4a0       _ASN1_tag2bit              1002c4a0 f   libeay32120:tasn_dec.obj
 0001:0002bc40       _asn1_ex_c2i               1002cc40 f   libeay32120:tasn_dec.obj
 0001:0002c420       _ASN1_item_ex_i2d          1002d420 f   libeay32120:tasn_enc.obj
 0001:0002c760       _ASN1_item_i2d             1002d760 f   libeay32120:tasn_enc.obj
 0001:0002c780       _asn1_ex_i2c               1002d780 f   libeay32120:tasn_enc.obj
 0001:0002d0a0       _ecdh_check                1002e0a0 f   libeay32120:ech_lib.obj
 0001:0002d160       _ec_GFp_mont_group_init    1002e160 f   libeay32120:ecp_mont.obj
 0001:0002d190       _ec_GFp_mont_group_set_curve 1002e190 f   libeay32120:ecp_mont.obj
 0001:0002d2d0       _ec_GFp_mont_group_finish  1002e2d0 f   libeay32120:ecp_mont.obj
 0001:0002d320       _ec_GFp_mont_group_clear_finish 1002e320 f   libeay32120:ecp_mont.obj
 0001:0002d370       _ec_GFp_mont_group_copy    1002e370 f   libeay32120:ecp_mont.obj
 0001:0002d440       _ec_GFp_mont_field_mul     1002e440 f   libeay32120:ecp_mont.obj
 0001:0002d490       _ec_GFp_mont_field_sqr     1002e490 f   libeay32120:ecp_mont.obj
 0001:0002d4e0       _ec_GFp_mont_field_encode  1002e4e0 f   libeay32120:ecp_mont.obj
 0001:0002d530       _ec_GFp_mont_field_decode  1002e530 f   libeay32120:ecp_mont.obj
 0001:0002d580       _ec_GFp_mont_field_set_to_one 1002e580 f   libeay32120:ecp_mont.obj
 0001:0002d5c0       _EC_GFp_mont_method        1002e5c0 f   libeay32120:ecp_mont.obj
 0001:0002d5d0       _ec_GFp_nist_group_copy    1002e5d0 f   libeay32120:ecp_nist.obj
 0001:0002d600       _ec_GFp_nist_group_set_curve 1002e600 f   libeay32120:ecp_nist.obj
 0001:0002d740       _ec_GFp_nist_field_mul     1002e740 f   libeay32120:ecp_nist.obj
 0001:0002d7f0       _ec_GFp_nist_field_sqr     1002e7f0 f   libeay32120:ecp_nist.obj
 0001:0002d890       _EC_GFp_nist_method        1002e890 f   libeay32120:ecp_nist.obj
 0001:0002d8a0       _ec_GF2m_simple_group_init 1002e8a0 f   libeay32120:ec2_smpl.obj
 0001:0002d8d0       _ec_GF2m_simple_group_finish 1002e8d0 f   libeay32120:ec2_smpl.obj
 0001:0002d8d0       _ec_GFp_simple_group_finish 1002e8d0 f   libeay32120:ecp_smpl.obj
 0001:0002d900       _ec_GF2m_simple_group_clear_finish 1002e900 f   libeay32120:ec2_smpl.obj
 0001:0002d950       _ec_GF2m_simple_group_copy 1002e950 f   libeay32120:ec2_smpl.obj
 0001:0002da50       _ec_GF2m_simple_group_set_curve 1002ea50 f   libeay32120:ec2_smpl.obj
 0001:0002db60       _ec_GF2m_simple_group_get_curve 1002eb60 f   libeay32120:ec2_smpl.obj
 0001:0002dbd0       _ec_GF2m_simple_group_get_degree 1002ebd0 f   libeay32120:ec2_smpl.obj
 0001:0002dbf0       _ec_GF2m_simple_group_check_discriminant 1002ebf0 f   libeay32120:ec2_smpl.obj
 0001:0002dc90       _ec_GF2m_simple_point_init 1002ec90 f   libeay32120:ec2_smpl.obj
 0001:0002dcc0       _ec_GF2m_simple_point_finish 1002ecc0 f   libeay32120:ec2_smpl.obj
 0001:0002dcc0       _ec_GFp_simple_point_finish 1002ecc0 f   libeay32120:ecp_smpl.obj
 0001:0002dcf0       _ec_GF2m_simple_point_clear_finish 1002ecf0 f   libeay32120:ec2_smpl.obj
 0001:0002dcf0       _ec_GFp_simple_point_clear_finish 1002ecf0 f   libeay32120:ecp_smpl.obj
 0001:0002dd20       _ec_GFp_simple_point_set_to_infinity 1002ed20 f   libeay32120:ecp_smpl.obj
 0001:0002dd20       _ec_GF2m_simple_point_set_to_infinity 1002ed20 f   libeay32120:ec2_smpl.obj
 0001:0002dd40       _ec_GF2m_simple_point_set_affine_coordinates 1002ed40 f   libeay32120:ec2_smpl.obj
 0001:0002dde0       _ec_GF2m_simple_point_get_affine_coordinates 1002ede0 f   libeay32120:ec2_smpl.obj
 0001:0002deb0       _ec_GF2m_simple_set_compressed_coordinates 1002eeb0 f   libeay32120:ec2_smpl.obj
 0001:0002ded0       _ec_GF2m_simple_point2oct  1002eed0 f   libeay32120:ec2_smpl.obj
 0001:0002e160       _ec_GF2m_simple_oct2point  1002f160 f   libeay32120:ec2_smpl.obj
 0001:0002e410       _ec_GF2m_simple_add        1002f410 f   libeay32120:ec2_smpl.obj
 0001:0002e790       _ec_GF2m_simple_dbl        1002f790 f   libeay32120:ec2_smpl.obj
 0001:0002e7b0       _ec_GF2m_simple_invert     1002f7b0 f   libeay32120:ec2_smpl.obj
 0001:0002e800       _ec_GFp_simple_is_at_infinity 1002f800 f   libeay32120:ecp_smpl.obj
 0001:0002e800       _ec_GF2m_simple_is_at_infinity 1002f800 f   libeay32120:ec2_smpl.obj
 0001:0002e810       _ec_GF2m_simple_is_on_curve 1002f810 f   libeay32120:ec2_smpl.obj
 0001:0002e980       _ec_GF2m_simple_cmp        1002f980 f   libeay32120:ec2_smpl.obj
 0001:0002eaf0       _ec_GF2m_simple_make_affine 1002faf0 f   libeay32120:ec2_smpl.obj
 0001:0002ebf0       _ec_GF2m_simple_points_make_affine 1002fbf0 f   libeay32120:ec2_smpl.obj
 0001:0002ec40       _ec_GF2m_simple_field_mul  1002fc40 f   libeay32120:ec2_smpl.obj
 0001:0002ec70       _ec_GF2m_simple_field_sqr  1002fc70 f   libeay32120:ec2_smpl.obj
 0001:0002ec90       _ec_GF2m_simple_field_div  1002fc90 f   libeay32120:ec2_smpl.obj
 0001:0002ecc0       _BN_lshift                 1002fcc0 f   libeay32120:bn_shift.obj
 0001:0002ee00       _BN_lshift1                1002fe00 f   libeay32120:bn_shift.obj
 0001:0002eea0       _BN_rshift                 1002fea0 f   libeay32120:bn_shift.obj
 0001:0002eff0       _BN_rshift1                1002fff0 f   libeay32120:bn_shift.obj
 0001:0002f0a0       _bn_add_words              100300a0 f   libeay32120:bn_asm.obj
 0001:0002f1a0       _bn_mul_add_words          100301a0 f   libeay32120:bn_asm.obj
 0001:0002f310       _bn_mul_comba4             10030310 f   libeay32120:bn_asm.obj
 0001:0002f4a0       _bn_mul_comba8             100304a0 f   libeay32120:bn_asm.obj
 0001:0002fa70       _bn_mul_words              10030a70 f   libeay32120:bn_asm.obj
 0001:0002fbb0       _bn_sqr_comba4             10030bb0 f   libeay32120:bn_asm.obj
 0001:0002fd90       _bn_sqr_comba8             10030d90 f   libeay32120:bn_asm.obj
 0001:00030460       _bn_sqr_words              10031460 f   libeay32120:bn_asm.obj
 0001:00030530       _bn_sub_words              10031530 f   libeay32120:bn_asm.obj
 0001:00030630       _sk_delete                 10031630 f   libeay32120:stack.obj
 0001:00030680       _sk_free                   10031680 f   libeay32120:stack.obj
 0001:000306b0       _sk_insert                 100316b0 f   libeay32120:stack.obj
 0001:00030760       _sk_new                    10031760 f   libeay32120:stack.obj
 0001:000307f0       _sk_new_null               100317f0 f   libeay32120:stack.obj
 0001:00030800       _sk_num                    10031800 f   libeay32120:stack.obj
 0001:00030810       _sk_pop                    10031810 f   libeay32120:stack.obj
 0001:00030830       _sk_pop_free               10031830 f   libeay32120:stack.obj
 0001:00030880       _sk_push                   10031880 f   libeay32120:stack.obj
 0001:000308a0       _sk_set                    100318a0 f   libeay32120:stack.obj
 0001:000308c0       _sk_value                  100318c0 f   libeay32120:stack.obj
 0001:000308e0       _BUF_MEM_grow_clean        100318e0 f   libeay32120:buffer.obj
 0001:000309c0       _BN_add                    100319c0 f   libeay32120:bn_add.obj
 0001:00030a50       _BN_sub                    10031a50 f   libeay32120:bn_add.obj
 0001:00030b20       _BN_uadd                   10031b20 f   libeay32120:bn_add.obj
 0001:00030bf0       _BN_usub                   10031bf0 f   libeay32120:bn_add.obj
 0001:00030d60       _RAND_add                  10031d60 f   libeay32120:rand_lib.obj
 0001:00030de0       _RAND_bytes                10031de0 f   libeay32120:rand_lib.obj
 0001:00030e40       _RAND_pseudo_bytes         10031e40 f   libeay32120:rand_lib.obj
 0001:00030ea0       _CRYPTO_is_mem_check_on    10031ea0 f   libeay32120:mem_dbg.obj
 0001:00030f00       _CRYPTO_pop_info           10031f00 f   libeay32120:mem_dbg.obj
 0001:00031030       _CRYPTO_push_info_         10032030 f   libeay32120:mem_dbg.obj
 0001:00031490       _lh_delete                 10032490 f   libeay32120:lhash.obj
 0001:00031500       _lh_doall                  10032500 f   libeay32120:lhash.obj
 0001:00031540       _lh_free                   10032540 f   libeay32120:lhash.obj
 0001:00031590       _lh_insert                 10032590 f   libeay32120:lhash.obj
 0001:00031620       _lh_new                    10032620 f   libeay32120:lhash.obj
 0001:00031730       _lh_num_items              10032730 f   libeay32120:lhash.obj
 0001:00031740       _lh_retrieve               10032740 f   libeay32120:lhash.obj
 0001:00031770       _lh_strhash                10032770 f   libeay32120:lhash.obj
 0001:00031c70       _CRYPTO_free_ex_data       10032c70 f   libeay32120:ex_data.obj
 0001:00031cd0       _CRYPTO_new_ex_data        10032cd0 f   libeay32120:ex_data.obj
 0001:00031d30       _CRYPTO_set_ex_data        10032d30 f   libeay32120:ex_data.obj
 0001:00032050       _EC_GROUP_method_of        10033050 f   libeay32120:ec_lib.obj
 0001:00032050       _EC_METHOD_get_field_type  10033050 f   libeay32120:ec_lib.obj
 0001:00032060       _ASN1_ANY_it               10033060 f   libeay32120:tasn_typ.obj
 0001:00032070       _ASN1_OBJECT_it            10033070 f   libeay32120:tasn_typ.obj
 0001:00032080       _ASN1_OCTET_STRING_it      10033080 f   libeay32120:tasn_typ.obj
 0001:00032090       _ASN1_TYPE_free            10033090 f   libeay32120:tasn_typ.obj
 0001:000320b0       _ASN1_TYPE_new             100330b0 f   libeay32120:tasn_typ.obj
 0001:000320c0       _ASN1_STRING_free          100330c0 f   libeay32120:asn1_lib.obj
 0001:000320f0       _ASN1_STRING_set           100330f0 f   libeay32120:asn1_lib.obj
 0001:000321b0       _ASN1_STRING_type_new      100331b0 f   libeay32120:asn1_lib.obj
 0001:00032210       _ASN1_get_object           10033210 f   libeay32120:asn1_lib.obj
 0001:00032330       _ASN1_object_size          10033330 f   libeay32120:asn1_lib.obj
 0001:00032370       _ASN1_put_eoc              10033370 f   libeay32120:asn1_lib.obj
 0001:00032390       _ASN1_put_object           10033390 f   libeay32120:asn1_lib.obj
 0001:00032e20       _ECDSA_OpenSSL             10033e20 f   libeay32120:ecs_ossl.obj
 0001:00032e30       _ENGINE_get_ECDSA          10033e30 f   libeay32120:tb_ecdsa.obj
 0001:00032e40       _ENGINE_get_default_ECDSA  10033e40 f   libeay32120:tb_ecdsa.obj
 0001:00032e50       _ENGINE_finish             10033e50 f   libeay32120:eng_init.obj
 0001:00032f30       _ENGINE_init               10033f30 f   libeay32120:eng_init.obj
 0001:00032fb0       _engine_unlocked_finish    10033fb0 f   libeay32120:eng_init.obj
 0001:00033040       _engine_unlocked_init      10034040 f   libeay32120:eng_init.obj
 0001:00033070       _OBJ_nid2obj               10034070 f   libeay32120:obj_dat.obj
 0001:00033100       _OBJ_obj2nid               10034100 f   libeay32120:obj_dat.obj
 0001:00033210       _asn1_do_adb               10034210 f   libeay32120:tasn_utl.obj
 0001:000332b0       _asn1_do_lock              100342b0 f   libeay32120:tasn_utl.obj
 0001:00033300       _asn1_enc_free             10034300 f   libeay32120:tasn_utl.obj
 0001:00033350       _asn1_enc_init             10034350 f   libeay32120:tasn_utl.obj
 0001:00033390       _asn1_enc_restore          10034390 f   libeay32120:tasn_utl.obj
 0001:00033400       _asn1_enc_save             10034400 f   libeay32120:tasn_utl.obj
 0001:00033480       _asn1_get_choice_selector  10034480 f   libeay32120:tasn_utl.obj
 0001:000334a0       _asn1_get_field_ptr        100344a0 f   libeay32120:tasn_utl.obj
 0001:000334c0       _asn1_set_choice_selector  100344c0 f   libeay32120:tasn_utl.obj
 0001:000334e0       _ASN1_OBJECT_free          100344e0 f   libeay32120:a_object.obj
 0001:00033550       _ASN1_OBJECT_new           10034550 f   libeay32120:a_object.obj
 0001:000335b0       _c2i_ASN1_OBJECT           100345b0 f   libeay32120:a_object.obj
 0001:00033690       _ASN1_TYPE_get             10034690 f   libeay32120:a_type.obj
 0001:000336b0       _ASN1_TYPE_set             100346b0 f   libeay32120:a_type.obj
 0001:000336e0       _c2i_ASN1_BIT_STRING       100346e0 f   libeay32120:a_bitstr.obj
 0001:00033800       _i2c_ASN1_BIT_STRING       10034800 f   libeay32120:a_bitstr.obj
 0001:000338d0       _ASN1_INTEGER_get          100348d0 f   libeay32120:a_int.obj
 0001:00033940       _c2i_ASN1_INTEGER          10034940 f   libeay32120:a_int.obj
 0001:00033ac0       _i2c_ASN1_INTEGER          10034ac0 f   libeay32120:a_int.obj
 0001:00033e90       _ECDH_OpenSSL              10034e90 f   libeay32120:ech_ossl.obj
 0001:00033ea0       _ENGINE_get_ECDH           10034ea0 f   libeay32120:tb_ecdh.obj
 0001:00033eb0       _ENGINE_get_default_ECDH   10034eb0 f   libeay32120:tb_ecdh.obj
 0001:00033ec0       _ec_GFp_simple_group_init  10034ec0 f   libeay32120:ecp_smpl.obj
 0001:00033f00       _ec_GFp_simple_group_clear_finish 10034f00 f   libeay32120:ecp_smpl.obj
 0001:00033f30       _ec_GFp_simple_group_copy  10034f30 f   libeay32120:ecp_smpl.obj
 0001:00033fa0       _ec_GFp_simple_group_set_curve 10034fa0 f   libeay32120:ecp_smpl.obj
 0001:00034130       _ec_GFp_simple_group_get_curve 10035130 f   libeay32120:ecp_smpl.obj
 0001:00034230       _ec_GFp_simple_group_get_degree 10035230 f   libeay32120:ecp_smpl.obj
 0001:00034240       _ec_GFp_simple_group_check_discriminant 10035240 f   libeay32120:ecp_smpl.obj
 0001:00034420       _ec_GFp_simple_point_init  10035420 f   libeay32120:ecp_smpl.obj
 0001:00034460       _ec_GFp_simple_point_copy  10035460 f   libeay32120:ecp_smpl.obj
 0001:00034460       _ec_GF2m_simple_point_copy 10035460 f   libeay32120:ec2_smpl.obj
 0001:000344c0       _ec_GFp_simple_set_Jprojective_coordinates_GFp 100354c0 f   libeay32120:ecp_smpl.obj
 0001:00034620       _ec_GFp_simple_get_Jprojective_coordinates_GFp 10035620 f   libeay32120:ecp_smpl.obj
 0001:00034730       _ec_GFp_simple_point_set_affine_coordinates 10035730 f   libeay32120:ecp_smpl.obj
 0001:00034780       _ec_GFp_simple_point_get_affine_coordinates 10035780 f   libeay32120:ecp_smpl.obj
 0001:00034a10       _ec_GFp_simple_set_compressed_coordinates 10035a10 f   libeay32120:ecp_smpl.obj
 0001:00034d50       _ec_GFp_simple_point2oct   10035d50 f   libeay32120:ecp_smpl.obj
 0001:00035020       _ec_GFp_simple_oct2point   10036020 f   libeay32120:ecp_smpl.obj
 0001:00035280       _ec_GFp_simple_add         10036280 f   libeay32120:ecp_smpl.obj
 0001:00035790       _ec_GFp_simple_dbl         10036790 f   libeay32120:ecp_smpl.obj
 0001:00035b90       _ec_GFp_simple_invert      10036b90 f   libeay32120:ecp_smpl.obj
 0001:00035bd0       _ec_GFp_simple_is_on_curve 10036bd0 f   libeay32120:ecp_smpl.obj
 0001:00035e50       _ec_GFp_simple_cmp         10036e50 f   libeay32120:ecp_smpl.obj
 0001:000360d0       _ec_GFp_simple_make_affine 100370d0 f   libeay32120:ecp_smpl.obj
 0001:000361c0       _ec_GFp_simple_points_make_affine 100371c0 f   libeay32120:ecp_smpl.obj
 0001:00036620       _ec_GFp_simple_field_mul   10037620 f   libeay32120:ecp_smpl.obj
 0001:00036650       _ec_GFp_simple_field_sqr   10037650 f   libeay32120:ecp_smpl.obj
 0001:00036670       _BN_MONT_CTX_copy          10037670 f   libeay32120:bn_mont.obj
 0001:000366d0       _BN_MONT_CTX_free          100376d0 f   libeay32120:bn_mont.obj
 0001:00036710       _BN_MONT_CTX_new           10037710 f   libeay32120:bn_mont.obj
 0001:00036770       _BN_MONT_CTX_set           10037770 f   libeay32120:bn_mont.obj
 0001:000368f0       _BN_from_montgomery        100378f0 f   libeay32120:bn_mont.obj
 0001:00036c50       _BN_mod_mul_montgomery     10037c50 f   libeay32120:bn_mont.obj
 0001:00036cd0       _BN_mul                    10037cd0 f   libeay32120:bn_mul.obj
 0001:00036f60       _bn_mul_normal             10037f60 f   libeay32120:bn_mul.obj
 0001:00037070       _bn_mul_part_recursive     10038070 f   libeay32120:bn_mul.obj
 0001:000374b0       _bn_mul_recursive          100384b0 f   libeay32120:bn_mul.obj
 0001:000378c0       _bn_sub_part_words         100388c0 f   libeay32120:bn_mul.obj
 0001:00037a30       _BN_sqr                    10038a30 f   libeay32120:bn_sqr.obj
 0001:00037bf0       _bn_sqr_normal             10038bf0 f   libeay32120:bn_sqr.obj
 0001:00037cb0       _bn_sqr_recursive          10038cb0 f   libeay32120:bn_sqr.obj
 0001:00037e30       _BN_get0_nist_prime_192    10038e30 f   libeay32120:bn_nist.obj
[...]
 0004:0032a038       $R312868                   10399038     IHVService.res
 0004:0032a360       $R312B90                   10399360     IHVService.res
 0004:0032a580       $R312DB0                   10399580     IHVService.res
 0004:0032a808       $R313038                   10399808     IHVService.res
 0004:0032ac30       $R313460                   10399c30     IHVService.res
 0004:0032b0c0       $R3138F0                   1039a0c0     IHVService.res
 0004:0032b3e8       $R313C18                   1039a3e8     IHVService.res
 0004:0032b930       $R314160                   1039a930     IHVService.res
 0004:0032c158       $R314988                   1039b158     IHVService.res
 0004:0032c528       $R314D58                   1039b528     IHVService.res
 0004:0032ca78       $R3152A8                   1039ba78     IHVService.res
 0004:0032cf00       $R315730                   1039bf00     IHVService.res
 0004:0032d370       $R315BA0                   1039c370     IHVService.res
 0004:0032d878       $R3160A8                   1039c878     IHVService.res
 0004:0032dad0       $R316300                   1039cad0     IHVService.res
 0004:0032e098       $R3168C8                   1039d098     IHVService.res
 0004:0032e1e8       $R316A18                   1039d1e8     IHVService.res
 0004:0032e788       $R316FB8                   1039d788     IHVService.res
 0004:0032e9b0       $R3171E0                   1039d9b0     IHVService.res
 0004:0032eb38       $R317368                   1039db38     IHVService.res
 0004:0032efb8       $R3177E8                   1039dfb8     IHVService.res
 0004:0032f458       $R317C88                   1039e458     IHVService.res
 0004:0032f900       $R318130                   1039e900     IHVService.res
 0004:0032fbe8       $R318418                   1039ebe8     IHVService.res
 0004:00330358       $R318B88                   1039f358     IHVService.res
 0004:003309a0       $R3191D0                   1039f9a0     IHVService.res
 0004:00330f18       $R319748                   1039ff18     IHVService.res
 0004:003311e8       $R319A18                   103a01e8     IHVService.res
 0004:00331980       $R31A1B0                   103a0980     IHVService.res
 0004:00331c68       $R31A498                   103a0c68     IHVService.res
 0004:00331f78       $R31A7A8                   103a0f78     IHVService.res
 0004:003321f0       $R31AA20                   103a11f0     IHVService.res
 0004:003324d8       $R31AD08                   103a14d8     IHVService.res
 0004:00332d30       $R31B560                   103a1d30     IHVService.res
 0004:00333240       $R31BA70                   103a2240     IHVService.res
 0004:00333530       $R31BD60                   103a2530     IHVService.res
 0004:00333a68       $R31C298                   103a2a68     IHVService.res
 0004:00333f10       $R31C740                   103a2f10     IHVService.res
 0004:00334510       $R31CD40                   103a3510     IHVService.res
 0004:003348d0       $R31D100                   103a38d0     IHVService.res
 0004:00334d58       $R31D588                   103a3d58     IHVService.res
 0004:00335128       $R31D958                   103a4128     IHVService.res
 0004:00335508       $R31DD38                   103a4508     IHVService.res
 0004:003358e8       $R31E118                   103a48e8     IHVService.res
 0004:00335ab0       $R31E2E0                   103a4ab0     IHVService.res
 0004:00335d10       $R31E540                   103a4d10     IHVService.res
 0004:003360e8       $R31E918                   103a50e8     IHVService.res
 0004:003363f0       $R31EC20                   103a53f0     IHVService.res
 0004:003365c8       $R31EDF8                   103a55c8     IHVService.res
 0004:00336990       $R31F1C0                   103a5990     IHVService.res
 0004:003370f0       $R31F920                   103a60f0     IHVService.res
 0004:00337ad0       $R320300                   103a6ad0     IHVService.res
 0004:00337f90       $R3207C0                   103a6f90     IHVService.res
 0004:00338940       $R321170                   103a7940     IHVService.res
 0004:00338ea8       $R3216D8                   103a7ea8     IHVService.res
 0004:003393e0       $R321C10                   103a83e0     IHVService.res
 0004:003397d0       $R322000                   103a87d0     IHVService.res
 0004:00339ee8       $R322718                   103a8ee8     IHVService.res
 0004:0033a760       $R322F90                   103a9760     IHVService.res
 0004:0033aad0       $R323300                   103a9ad0     IHVService.res
 0004:0033afc8       $R3237F8                   103a9fc8     IHVService.res
 0004:0033b388       $R323BB8                   103aa388     IHVService.res
 0004:0033b938       $R324168                   103aa938     IHVService.res
 0004:0033bf88       $R3247B8                   103aaf88     IHVService.res
 0004:0033c478       $R324CA8                   103ab478     IHVService.res
 0004:0033cbb8       $R3253E8                   103abbb8     IHVService.res
 0004:0033d018       $R325848                   103ac018     IHVService.res
 0004:0033d4a8       $R325CD8                   103ac4a8     IHVService.res
 0004:0033dac0       $R3262F0                   103acac0     IHVService.res
 0004:0033e0d0       $R326900                   103ad0d0     IHVService.res
 0004:0033e6a0       $R326ED0                   103ad6a0     IHVService.res
 0004:0033ea78       $R3272A8                   103ada78     IHVService.res
 0004:0033eb08       $R327338                   103adb08     IHVService.res
 0004:0033ec58       $R327488                   103adc58     IHVService.res
 0004:0033ed88       $R3275B8                   103add88     IHVService.res
 0004:0033eef0       $R327720                   103adef0     IHVService.res
 0004:0033f078       $R3278A8                   103ae078     IHVService.res
 0004:0033f240       $R327A70                   103ae240     IHVService.res
 0004:0033f390       $R327BC0                   103ae390     IHVService.res
 0004:0033f490       $R327CC0                   103ae490     IHVService.res
 0004:0033f5e8       $R327E18                   103ae5e8     IHVService.res
 0004:0033f708       $R327F38                   103ae708     IHVService.res
 0004:0033f858       $R328088                   103ae858     IHVService.res
 0004:0033f980       $R3281B0                   103ae980     IHVService.res
 0004:0033fb38       $R328368                   103aeb38     IHVService.res
 0004:0033fcb0       $R3284E0                   103aecb0     IHVService.res
 0004:0033fe60       $R328690                   103aee60     IHVService.res
 0004:0033ffd0       $R328800                   103aefd0     IHVService.res
 0004:00340028       $R328858                   103af028     IHVService.res
 0004:00340158       $R328988                   103af158     IHVService.res
 0004:00340620       $R328E50                   103af620     IHVService.res
 0004:00340958       $R329188                   103af958     IHVService.res
 0004:00340c30       $R329460                   103afc30     IHVService.res
 0004:00340e00       $R329630                   103afe00     IHVService.res
 0004:00340f20       $R329750                   103aff20     IHVService.res
 0004:003413d8       $R329C08                   103b03d8     IHVService.res
 0004:00341780       $R329FB0                   103b0780     IHVService.res
 0004:00341a90       $R32A2C0                   103b0a90     IHVService.res
 0004:00341c58       $R32A488                   103b0c58     IHVService.res
 0004:00341d78       $R32A5A8                   103b0d78     IHVService.res
 0004:00342260       $R32AA90                   103b1260     IHVService.res
 0004:00342678       $R32AEA8                   103b1678     IHVService.res
 0004:003429f0       $R32B220                   103b19f0     IHVService.res
 0004:00342bc8       $R32B3F8                   103b1bc8     IHVService.res
 0004:00342ca0       $R32B4D0                   103b1ca0     IHVService.res
 0004:00342fb8       $R32B7E8                   103b1fb8     IHVService.res
 0004:00343160       $R32B990                   103b2160     IHVService.res
 0004:00343398       $R32BBC8                   103b2398     IHVService.res
 0004:00343520       $R32BD50                   103b2520     IHVService.res
 0004:003435e8       $R32BE18                   103b25e8     IHVService.res
 0004:003438d8       $R32C108                   103b28d8     IHVService.res
 0004:00343a78       $R32C2A8                   103b2a78     IHVService.res
 0004:00343ca0       $R32C4D0                   103b2ca0     IHVService.res
 0004:00343e38       $R32C668                   103b2e38     IHVService.res
 0004:00343f78       $R32C7A8                   103b2f78     IHVService.res
 0004:00344458       $R32CC88                   103b3458     IHVService.res
 0004:00344818       $R32D048                   103b3818     IHVService.res
 0004:00344b50       $R32D380                   103b3b50     IHVService.res
 0004:00344d88       $R32D5B8                   103b3d88     IHVService.res
 0004:00344e98       $R32D6C8                   103b3e98     IHVService.res
 0004:00345338       $R32DB68                   103b4338     IHVService.res
 0004:00345720       $R32DF50                   103b4720     IHVService.res
 0004:00345a50       $R32E280                   103b4a50     IHVService.res
 0004:00345c40       $R32E470                   103b4c40     IHVService.res
 0004:00345d58       $R32E588                   103b4d58     IHVService.res
 0004:003461e0       $R32EA10                   103b51e0     IHVService.res
 0004:00346558       $R32ED88                   103b5558     IHVService.res
 0004:00346840       $R32F070                   103b5840     IHVService.res
 0004:00346a08       $R32F238                   103b5a08     IHVService.res
 0004:00346b48       $R32F378                   103b5b48     IHVService.res
 0004:00347000       $R32F830                   103b6000     IHVService.res
 0004:003473a0       $R32FBD0                   103b63a0     IHVService.res
 0004:003476d8       $R32FF08                   103b66d8     IHVService.res
 0004:003478c0       $R3300F0                   103b68c0     IHVService.res
 0004:003479d8       $R330208                   103b69d8     IHVService.res
 0004:00347e70       $R3306A0                   103b6e70     IHVService.res
 0004:003481b0       $R3309E0                   103b71b0     IHVService.res
 0004:00348478       $R330CA8                   103b7478     IHVService.res
 0004:00348648       $R330E78                   103b7648     IHVService.res
 0004:00348ae8       $R331318                   103b7ae8     IHVService.res
 0004:00348c90       $R3314C0                   103b7c90     IHVService.res
 0004:00348e78       $R3316A8                   103b7e78     IHVService.res
 0004:00349100       $R331930                   103b8100     IHVService.res
 0004:003493e8       $R331C18                   103b83e8     IHVService.res
 0004:003494f8       $R331D28                   103b84f8     IHVService.res
 0004:00349978       $R3321A8                   103b8978     IHVService.res
 0004:00349d70       $R3325A0                   103b8d70     IHVService.res
 0004:0034a030       $R332860                   103b9030     IHVService.res
 0004:0034a1f8       $R332A28                   103b91f8     IHVService.res
 0004:0034a310       $R332B40                   103b9310     IHVService.res
 0004:0034a7d0       $R333000                   103b97d0     IHVService.res
 0004:0034ab18       $R333348                   103b9b18     IHVService.res
 0004:0034ae18       $R333648                   103b9e18     IHVService.res
 0004:0034aff0       $R333820                   103b9ff0     IHVService.res
 0004:0034b100       $R333930                   103ba100     IHVService.res
 0004:0034b5d8       $R333E08                   103ba5d8     IHVService.res
 0004:0034b980       $R3341B0                   103ba980     IHVService.res
 0004:0034bcc8       $R3344F8                   103bacc8     IHVService.res
 0004:0034be90       $R3346C0                   103bae90     IHVService.res
 0004:0034bfb0       $R3347E0                   103bafb0     IHVService.res
 0004:0034c470       $R334CA0                   103bb470     IHVService.res
 0004:0034c7f8       $R335028                   103bb7f8     IHVService.res
 0004:0034cb18       $R335348                   103bbb18     IHVService.res
 0004:0034cce8       $R335518                   103bbce8     IHVService.res
 0004:0034ce60       $R335690                   103bbe60     IHVService.res
 0004:0034d398       $R335BC8                   103bc398     IHVService.res
 0004:0034d808       $R336038                   103bc808     IHVService.res
 0004:0034db90       $R3363C0                   103bcb90     IHVService.res
 0004:0034dda0       $R3365D0                   103bcda0     IHVService.res
 0004:0034deb0       $R3366E0                   103bceb0     IHVService.res
 0004:0034e2c8       $R336AF8                   103bd2c8     IHVService.res
 0004:0034e5d8       $R336E08                   103bd5d8     IHVService.res
 0004:0034e8c0       $R3370F0                   103bd8c0     IHVService.res
 0004:0034ea98       $R3372C8                   103bda98     IHVService.res
 0004:0034ebd8       $R337408                   103bdbd8     IHVService.res
 0004:0034f0c8       $R3378F8                   103be0c8     IHVService.res
 0004:0034f4d0       $R337D00                   103be4d0     IHVService.res
 0004:0034f810       $R338040                   103be810     IHVService.res
 0004:0034fa18       $R338248                   103bea18     IHVService.res
 0004:0034fb28       $R338358                   103beb28     IHVService.res
 0004:00350010       $R338840                   103bf010     IHVService.res
 0004:003503a0       $R338BD0                   103bf3a0     IHVService.res
 0004:00350698       $R338EC8                   103bf698     IHVService.res
 0004:00350880       $R3390B0                   103bf880     IHVService.res
 0004:00350980       $R3391B0                   103bf980     IHVService.res
 0004:00350d70       $R3395A0                   103bfd70     IHVService.res
 0004:00350f70       $R3397A0                   103bff70     IHVService.res
 0004:003511f0       $R339A20                   103c01f0     IHVService.res
 0004:00351398       $R339BC8                   103c0398     IHVService.res
 0004:00351480       $R339CB0                   103c0480     IHVService.res
 0004:003517f8       $R33A028                   103c07f8     IHVService.res
 0004:00351a30       $R33A260                   103c0a30     IHVService.res
 0004:00351c88       $R33A4B8                   103c0c88     IHVService.res
 0004:00351e18       $R33A648                   103c0e18     IHVService.res
 0004:00351f40       $R33A770                   103c0f40     IHVService.res
 0004:003523f0       $R33AC20                   103c13f0     IHVService.res
 0004:00352798       $R33AFC8                   103c1798     IHVService.res
 0004:00352aa0       $R33B2D0                   103c1aa0     IHVService.res
 0004:00352c70       $R33B4A0                   103c1c70     IHVService.res
 0004:00352d98       $R33B5C8                   103c1d98     IHVService.res
 0004:00353298       $R33BAC8                   103c2298     IHVService.res
 0004:00353670       $R33BEA0                   103c2670     IHVService.res
 0004:003539b0       $R33C1E0                   103c29b0     IHVService.res
 0004:00353bb8       $R33C3E8                   103c2bb8     IHVService.res
 0004:00353ce0       $R33C510                   103c2ce0     IHVService.res
 0004:00354180       $R33C9B0                   103c3180     IHVService.res
 0004:00354500       $R33CD30                   103c3500     IHVService.res
 0004:003547f0       $R33D020                   103c37f0     IHVService.res
 0004:003549b0       $R33D1E0                   103c39b0     IHVService.res
 0004:00354ad8       $R33D308                   103c3ad8     IHVService.res
 0004:00354fa0       $R33D7D0                   103c3fa0     IHVService.res
 0004:003553a0       $R33DBD0                   103c43a0     IHVService.res
 0004:00355730       $R33DF60                   103c4730     IHVService.res
 0004:00355920       $R33E150                   103c4920     IHVService.res
 0004:00355a30       $R33E260                   103c4a30     IHVService.res
 0004:00355ed0       $R33E700                   103c4ed0     IHVService.res
 0004:00356288       $R33EAB8                   103c5288     IHVService.res
 0004:003565a0       $R33EDD0                   103c55a0     IHVService.res
 0004:00356768       $R33EF98                   103c5768     IHVService.res
 0004:003568a8       $R33F0D8                   103c58a8     IHVService.res
 0004:00356db8       $R33F5E8                   103c5db8     IHVService.res
 0004:003571a8       $R33F9D8                   103c61a8     IHVService.res
 0004:003574c0       $R33FCF0                   103c64c0     IHVService.res
 0004:003576a0       $R33FED0                   103c66a0     IHVService.res
 0004:003577b8       $R33FFE8                   103c67b8     IHVService.res
 0004:00357cb0       $R3404E0                   103c6cb0     IHVService.res
 0004:003580a0       $R3408D0                   103c70a0     IHVService.res
 0004:003583f8       $R340C28                   103c73f8     IHVService.res
 0004:003585e0       $R340E10                   103c75e0     IHVService.res
 0004:00358708       $R340F38                   103c7708     IHVService.res
 0004:00358bd0       $R341400                   103c7bd0     IHVService.res
 0004:00358f20       $R341750                   103c7f20     IHVService.res
 0004:00359248       $R341A78                   103c8248     IHVService.res
 0004:00359448       $R341C78                   103c8448     IHVService.res
 0004:00359560       $R341D90                   103c8560     IHVService.res
 0004:00359a40       $R342270                   103c8a40     IHVService.res
 0004:00359db0       $R3425E0                   103c8db0     IHVService.res
 0004:0035a0b0       $R3428E0                   103c90b0     IHVService.res
 0004:0035a2b0       $R342AE0                   103c92b0     IHVService.res
 0004:0035a3d8       $R342C08                   103c93d8     IHVService.res
 0004:0035a920       $R343150                   103c9920     IHVService.res
 0004:0035ad20       $R343550                   103c9d20     IHVService.res
 0004:0035b050       $R343880                   103ca050     IHVService.res
 0004:0035b270       $R343AA0                   103ca270     IHVService.res
 0004:0035b388       $R343BB8                   103ca388     IHVService.res
 0004:0035b880       $R3440B0                   103ca880     IHVService.res
 0004:0035bc28       $R344458                   103cac28     IHVService.res
 0004:0035bf48       $R344778                   103caf48     IHVService.res
 0004:0035c120       $R344950                   103cb120     IHVService.res
 0004:0035c240       $R344A70                   103cb240     IHVService.res
 0004:0035c780       $R344FB0                   103cb780     IHVService.res
 0004:0035cac8       $R3452F8                   103cbac8     IHVService.res
 0004:0035cda8       $R3455D8                   103cbda8     IHVService.res
 0004:0035cf78       $R3457A8                   103cbf78     IHVService.res
 0004:0035d0a8       $R3458D8                   103cc0a8     IHVService.res
 0004:0035d530       $R345D60                   103cc530     IHVService.res
 0004:0035d888       $R3460B8                   103cc888     IHVService.res
 0004:0035dbb0       $R3463E0                   103ccbb0     IHVService.res
 0004:0035dd98       $R3465C8                   103ccd98     IHVService.res
