 bcmihvui

 Timestamp is 524cd16e (Wed Oct 02 19:07:42 2013)

 Preferred load address is 10000000

 Start         Length     Name                   Class
 0001:00000000 00000087H .text$di                CODE
 0001:00000090 00019fa6H .text$mn                CODE
 0001:0001a040 000005d9H .text$x                 CODE
 0001:0001a620 0000009cH .text$yd                CODE
 0002:00000000 00000274H .idata$5                DATA
 0002:00000274 00000004H .CRT$XCA                DATA
 0002:00000278 00000018H .CRT$XCU                DATA
 0002:00000290 00000004H .CRT$XCZ                DATA
 0002:00000294 00000004H .CRT$XIA                DATA
 0002:00000298 00000010H .CRT$XIC                DATA
 0002:000002a8 00000004H .CRT$XIZ                DATA
 0002:000002ac 00000004H .CRT$XPA                DATA
 0002:000002b0 00000008H .CRT$XPX                DATA
 0002:000002b8 00000004H .CRT$XPXA               DATA
 0002:000002bc 00000004H .CRT$XPZ                DATA
 0002:000002c0 00000004H .CRT$XTA                DATA
 0002:000002c4 00000004H .CRT$XTZ                DATA
 0002:000002d0 00006370H .rdata                  DATA
 0002:00006640 000000a0H .rdata$debug            DATA
 0002:000066e0 00000a30H .rdata$r                DATA
 0002:00007110 0000007cH .rdata$sxdata           DATA
 0002:0000718c 00000004H .rtc$IAA                DATA
 0002:00007190 00000004H .rtc$IZZ                DATA
 0002:00007194 00000004H .rtc$TAA                DATA
 0002:00007198 00000004H .rtc$TZZ                DATA
 0002:000071a0 00000d18H .xdata$x                DATA
 0002:00007ec0 000000a5H .edata                  DATA
 0002:00007f68 000000a0H .idata$2                DATA
 0002:00008008 00000014H .idata$3                DATA
 0002:0000801c 00000274H .idata$4                DATA
 0002:00008290 00000ae8H .idata$6                DATA
 0003:00000000 0000135cH .data                   DATA
 0003:0000135c 00000434H .data$r                 DATA
 0003:000017a0 00001f40H .bss                    DATA
 0004:00000000 00017998H .rsrc$01                DATA
 0004:000179a0 00348618H .rsrc$02                DATA

  Address         Publics by Value              Rva+Base       Lib:Object

 0000:00000000       ___guard_fids_count        00000000     <absolute>
 0000:00000000       __except_list              00000000     <absolute>
 0000:00000000       ___guard_flags             00000000     <absolute>
 0000:00000000       ___guard_fids_table        00000000     <absolute>
 0000:0000001f       ___safe_se_handler_count   0000001f     <absolute>
 0000:00000000       ___ImageBase               10000000     <linker-defined>
 0001:00000090       ?InitIhvCommon@@YAXXZ      10001090 f   ihv_common.obj
 0001:00000190       ?CopyCredential@@YAKPBU_IHV_CREDENTIAL@@PAPAU1@@Z 10001190 f   ihv_common.obj
 0001:00000200       ?FreeCredential@@YAXPAPAU_IHV_CREDENTIAL@@@Z 10001200 f   ihv_common.obj
 0001:00000240       _==                        10001240 f i CCXDllMain.obj
 0001:00000280       _IsolationAwarePrivatezltRgzbQhYRuNaQYRn@4 10001280 f i CCXDllMain.obj
 0001:00000290       _IsolationAwarePrivatezltRgzbQhYRuNaQYRJ@4 10001290 f i CCXDllMain.obj
 0001:000002a0       _IsolationAwareLoadLibraryW@4 100012a0 f i CCXDllMain.obj
 0001:00000380       _IsolationAwareCreateActCtxW@4 10001380 f i CCXDllMain.obj
 0001:000003d0       _IsolationAwareActivateActCtx@8 100013d0 f i CCXDllMain.obj
 0001:00000430       _IsolationAwareDeactivateActCtx@8 10001430 f i CCXDllMain.obj
 0001:00000490       _IsolationAwareFindActCtxSectionStringW@20 10001490 f i CCXDllMain.obj
 0001:000004f0       _IsolationAwareQueryActCtxW@28 100014f0 f i CCXDllMain.obj
 0001:00000560       _WinbaseIsolationAwarePrivatetRgzlnPgpgk@0 10001560 f i CCXDllMain.obj
 0001:00000750       _IsolationAwarePrivatenPgViNgRzlnPgpgk@4 10001750 f i CCXDllMain.obj
 0001:00000810       _WinbaseIsolationAwarePrivatetRgCebPnQQeRff_xReaRYQP_QYY@4 10001810 f i CCXDllMain.obj
 0001:00000840       _DllMain@12                10001840 f   CCXDllMain.obj
 0001:00000870       _DllCanUnloadNow@0         10001870 f   CCXDllMain.obj
 0001:00000890       _DllGetClassObject@12      10001890 f   CCXDllMain.obj
 0001:000008b0       _DllRegisterServer@0       100018b0 f   CCXDllMain.obj
 0001:000008c0       _DllUnregisterServer@0     100018c0 f   CCXDllMain.obj
 0001:000008d0       ?RegisterWizardExtensionGuid@@YAHPBU_GUID@@PA_W1@Z 100018d0 f   CCXDllMain.obj
 0001:00000930       ?UnregisterWizardExtensionGuid@@YAHPBU_GUID@@@Z 10001930 f   CCXDllMain.obj
 0001:00000c60       ?CreateInstance@CFactory@@UAGJPAUIUnknown@@ABU_GUID@@PAPAX@Z 10001c60 f i CCXDllMain.obj
 0001:00000eb0       ?LockServer@CFactory@@UAGJH@Z 10001eb0 f i CCXDllMain.obj
 0001:00000ee0       ?AddRef@CExtUISec@@UAGKXZ  10001ee0 f i CCXExtUI.obj
 0001:00000ee0       ?AddRef@CFactory@@UAGKXZ   10001ee0 f i CCXDllMain.obj
 0001:00000ee0       ?AddRef@CExtUICon@@UAGKXZ  10001ee0 f i CCXExtUI.obj
 0001:00000ee0       ?AddRef@CExtUIKey@@UAGKXZ  10001ee0 f i CCXExtUI.obj
 0001:00000f00       ?Release@CFactory@@UAGKXZ  10001f00 f i CCXDllMain.obj
 0001:00000f40       ?QueryInterface@CFactory@@UAGJABU_GUID@@PAPAX@Z 10001f40 f i CCXDllMain.obj
 0001:00000fb0       ?GUID_COMPONENT@@YAABU_GUID@@XZ 10001fb0 f   CCXDllMain.obj
 0001:00001160       _IsolationAwarePrivatezlybNQyVOeNeln@4 10002160 f i CCXExtUI.obj
 0001:00001170       _IsolationAwarePrivatezlybNQyVOeNelJ@4 10002170 f i CCXExtUI.obj
 0001:00001180       _IsolationAwareDialogBoxParamW@20 10002180 f i CCXExtUI.obj
 0001:00001270       _IsolationAwareCreatePropertySheetPageW@4 10002270 f i CCXExtUI.obj
 0001:00001390       _PrshtIsolationAwarePrivatetRgCebPnQQeRff_pbZPgYQP_QYY@4 10002390 f i CCXExtUI.obj
 0001:00001480       ??0_bstr_t@@QAE@PB_W@Z     10002480 f i CCXExtUI.obj
 0001:00001520       ??1_bstr_t@@QAE@XZ         10002520 f i CCXExtUI.obj
 0001:00001580       ??Y_bstr_t@@QAEAAV0@ABV0@@Z 10002580 f i CCXExtUI.obj
 0001:00001650       ?copy@_bstr_t@@QBEPA_W_N@Z 10002650 f i CCXExtUI.obj
 0001:00001690       ??0Data_t@_bstr_t@@QAE@ABV1@0@Z 10002690 f i CCXExtUI.obj
 0001:00001790       ?AddRef@CExtUI@@UAGKXZ     10002790 f i CCXExtUI.obj
 0001:000017b0       ?Release@CExtUI@@UAGKXZ    100027b0 f i CCXExtUI.obj
 0001:000017f0       ?QueryInterface@CExtUI@@UAGJABU_GUID@@PAPAX@Z 100027f0 f i CCXExtUI.obj
 0001:00001900       ?Release@CExtUICon@@UAGKXZ 10002900 f i CCXExtUI.obj
 0001:00001940       ?QueryInterface@CExtUICon@@UAGJABU_GUID@@PAPAX@Z 10002940 f i CCXExtUI.obj
 0001:000019b0       ?Release@CExtUIKey@@UAGKXZ 100029b0 f i CCXExtUI.obj
 0001:000019f0       ?QueryInterface@CExtUIKey@@UAGJABU_GUID@@PAPAX@Z 100029f0 f i CCXExtUI.obj
 0001:00001a60       ?Release@CExtUISec@@UAGKXZ 10002a60 f i CCXExtUI.obj
 0001:00001aa0       ?QueryInterface@CExtUISec@@UAGJABU_GUID@@PAPAX@Z 10002aa0 f i CCXExtUI.obj
 0001:00001b10       ?GetKeyPtr@KeyInputDlg@@UAEPA_WXZ 10002b10 f i CCXExtUI.obj
 0001:00001b20       ?Notify_IsValid@KeyInputDlg@@UAEXH@Z 10002b20 f i CCXExtUI.obj
 0001:00001b20       ?Notify_IsValid@CertPropertyDlg@@MAEXH@Z 10002b20 f i CCXExtUI.obj
 0001:00001b20       ??$destroy@PAU?$_Tree_node@U?$pair@$$CBV?$basic_string@_WU?$char_traits@_W@std@@V?$allocator@_W@2@@std@@H@std@@PAX@std@@@?$_Wrap_alloc@V?$allocator@U?$_Tree_node@U?$pair@$$CBV?$basic_string@_WU?$char_traits@_W@std@@V?$allocator@_W@2@@std@@H@std@@PAX@std@@@std@@@std@@QAEXPAPAU?$_Tree_node@U?$pair@$$CBV?$basic_string@_WU?$char_traits@_W@std@@V?$allocator@_W@2@@std@@H@std@@PAX@1@@Z 10002b20 f i i18nW.obj
 0001:00001b30       ?GetCertificate@CertPropertyDlg@@UBEPBU_CERT_CONTEXT@@XZ 10002b30 f i CCXExtUI.obj
 0001:00001b40       ?IsValid@CertPropertyDlg@@UBEHXZ 10002b40 f i CCXExtUI.obj
 0001:00001b70       ??3@YAXPAX0@Z              10002b70 f i CCXExtUI.obj
 0001:00001b70       ?OnCancel@CertSelectorDlg@@EAEXXZ 10002b70 f i CCXExtUI.obj
 0001:00001b80       ?OnViewCertificate@CertSelectorDlg@@EAEHXZ 10002b80 f i CCXExtUI.obj
 0001:00001b80       ?OnSelectCertificate@CertSelectorDlg@@EAEHXZ 10002b80 f i CCXExtUI.obj
 0001:00001b90       ??_G_Generic_error_category@std@@UAEPAXI@Z 10002b90 f i CCXExtUI.obj
 0001:00001b90       ??_E_Iostream_error_category@std@@UAEPAXI@Z 10002b90 f i * CIL library *:* CIL module *
 0001:00001b90       ??_E_System_error_category@std@@UAEPAXI@Z 10002b90 f i * CIL library *:* CIL module *
 0001:00001b90       ??_E_Generic_error_category@std@@UAEPAXI@Z 10002b90 f i * CIL library *:* CIL module *
 0001:00001b90       ??_G_System_error_category@std@@UAEPAXI@Z 10002b90 f i CCXExtUI.obj
 0001:00001b90       ??_G_Iostream_error_category@std@@UAEPAXI@Z 10002b90 f i CCXExtUI.obj
 0001:00001b90       ??_Gerror_category@std@@UAEPAXI@Z 10002b90 f i CCXExtUI.obj
 0001:00001b90       ??_Eerror_category@std@@UAEPAXI@Z 10002b90 f i * CIL library *:* CIL module *
 0001:00001bc0       ?default_error_condition@error_category@std@@UBE?AVerror_condition@2@H@Z 10002bc0 f i CCXExtUI.obj
 0001:00001be0       ?equivalent@error_category@std@@UBE_NHABVerror_condition@2@@Z 10002be0 f i CCXExtUI.obj
 0001:00001c20       ?equivalent@error_category@std@@UBE_NABVerror_code@2@H@Z 10002c20 f i CCXExtUI.obj
 0001:00001c40       ?name@_Generic_error_category@std@@UBEPBDXZ 10002c40 f i CCXExtUI.obj
 0001:00001c50       ?message@_Generic_error_category@std@@UBE?AV?$basic_string@DU?$char_traits@D@std@@V?$allocator@D@2@@2@H@Z 10002c50 f i CCXExtUI.obj
 0001:00001cc0       ?name@_Iostream_error_category@std@@UBEPBDXZ 10002cc0 f i CCXExtUI.obj
 0001:00001cd0       ?message@_Iostream_error_category@std@@UBE?AV?$basic_string@DU?$char_traits@D@std@@V?$allocator@D@2@@2@H@Z 10002cd0 f i CCXExtUI.obj
 0001:00001d20       ?name@_System_error_category@std@@UBEPBDXZ 10002d20 f i CCXExtUI.obj
 0001:00001d30       ?message@_System_error_category@std@@UBE?AV?$basic_string@DU?$char_traits@D@std@@V?$allocator@D@2@@2@H@Z 10002d30 f i CCXExtUI.obj
 0001:00001da0       ?default_error_condition@_System_error_category@std@@UBE?AVerror_condition@2@H@Z 10002da0 f i CCXExtUI.obj
 0001:00001f50       ?OnInitDialog@WapiBaseKeyInputDlg@@MAEHPAUHWND__@@@Z 10002f50 f i CCXExtUI.obj
 0001:00002010       ??0WapiCertPropertyDlg@@QAE@PAUHINSTANCE__@@PBU_CERT_CONTEXT@@PAX@Z 10003010 f i CCXExtUI.obj
 0001:00002070       ?CheckValid@WapiCertPropertyDlg@@UBEKPBU_CERT_CONTEXT@@@Z 10003070 f i CCXExtUI.obj
 0001:00002070       ?CheckValid@WapiCertPropDlg@@UBEKPBU_CERT_CONTEXT@@@Z 10003070 f i CCXExtUI.obj
 0001:000020c0       ??_GWapiCertPropDlg@@UAEPAXI@Z 100030c0 f i CCXExtUI.obj
 0001:000020c0       ??_GCertPropertyDlg@@UAEPAXI@Z 100030c0 f i CertPropertyDlg.obj
 0001:000020c0       ??_ECertPropertyDlg@@UAEPAXI@Z 100030c0 f i * CIL library *:* CIL module *
 0001:000020c0       ??_EWapiCertPropertyDlg@@UAEPAXI@Z 100030c0 f i * CIL library *:* CIL module *
 0001:000020c0       ??_GWapiCertPropertyDlg@@UAEPAXI@Z 100030c0 f i CCXExtUI.obj
 0001:000020c0       ??_EWapiCertPropDlg@@UAEPAXI@Z 100030c0 f i * CIL library *:* CIL module *
 0001:00002100       ??0CExtUI@@QAE@XZ          10003100 f   CCXExtUI.obj
 0001:00002160       ??1CExtUI@@QAE@XZ          10003160 f   CCXExtUI.obj
 0001:00002220       ?GetDot11ExtUIFriendlyName@CExtUI@@UAGJPAPA_W@Z 10003220 f   CCXExtUI.obj
 0001:00002280       ?GetDot11ExtUIProperties@CExtUI@@UAGJW4_DOT11_EXT_UI_PROPERTY_TYPE@@PAKPAPAUIDot11ExtUIProperty@@@Z 10003280 f   CCXExtUI.obj
 0001:000024d0       ?GetDot11ExtUIBalloonText@CExtUI@@UAGJPA_WPAPA_W@Z 100034d0 f   CCXExtUI.obj
 0001:000024d0       ?Dot11ExtUIPropertyIsStandardSecurity@CExtUICon@@UAGJPAHPAW4_DOT11_EXT_UI_SECURITY_TYPE@@@Z 100034d0 f   CCXExtUI.obj
 0001:000024e0       ?SetSite@CExtUI@@UAGJPAUIUnknown@@@Z 100034e0 f   CCXExtUI.obj
 0001:00002510       ?GetSite@CExtUI@@UAGJABU_GUID@@PAPAX@Z 10003510 f   CCXExtUI.obj
 0001:00002540       ?Notify_IsValid@WapiCertPropDlg@@UAEXH@Z 10003540 f i CCXExtUI.obj
 0001:00002540       ?Notify_IsValid@WapiKeyInputPropDlg@@UAEXH@Z 10003540 f i CCXExtUI.obj
 0001:00002570       ??_GKeyInputDlg@@UAEPAXI@Z 10003570 f i KeyInputDlgW.obj
 0001:00002570       ??_EWapiKeyInputDlg@@UAEPAXI@Z 10003570 f i * CIL library *:* CIL module *
 0001:00002570       ??_GConnConfigDlg@@UAEPAXI@Z 10003570 f i ConnConfigDlg.obj
 0001:00002570       ??_GWapiKeyInputPropDlg@@UAEPAXI@Z 10003570 f i CCXExtUI.obj
 0001:00002570       ??_EConnConfigDlg@@UAEPAXI@Z 10003570 f i * CIL library *:* CIL module *
 0001:00002570       ??_GWapiKeyInputDlg@@UAEPAXI@Z 10003570 f i CCXExtUI.obj
 0001:00002570       ??_EWapiKeyInputPropDlg@@UAEPAXI@Z 10003570 f i * CIL library *:* CIL module *
 0001:00002570       ??_EKeyInputDlg@@UAEPAXI@Z 10003570 f i * CIL library *:* CIL module *
 0001:000025c0       ??0WapiCertPropDlg@@QAE@PAUHINSTANCE__@@PAX@Z 100035c0 f i CCXExtUI.obj
 0001:00002610       ?OnInitDialog@WapiCertPropDlg@@UAEHPAUHWND__@@@Z 10003610 f i CCXExtUI.obj
 0001:00002650       ?ReadUiRequest@CExtUI@@AAEJPAPAU_IHV_UI_REQUEST@@@Z 10003650 f   CCXExtUI.obj
 0001:00002740       ?WriteUiResponse@CExtUI@@AAEJPBU_IHV_CREDENTIAL@@@Z 10003740 f   CCXExtUI.obj
 0001:00002860       ?AddPages@CExtUI@@UAGJPAPAU_PSP@@IPAI@Z 10003860 f   CCXExtUI.obj
 0001:000029a0       ?GetFirstPage@CExtUI@@UAGJPAPAU_PSP@@@Z 100039a0 f   CCXExtUI.obj
 0001:000029c0       ?GetLastPage@CExtUI@@UAGJPAPAU_PSP@@@Z 100039c0 f   CCXExtUI.obj
 0001:000029e0       ?GetClsidPropertyName@CExtUI@@AAEJPBU_GUID@@PB_WPA_WI@Z 100039e0 f   CCXExtUI.obj
 0001:00002ad0       ??0CExtUIKey@@QAE@XZ       10003ad0 f   CCXExtUI.obj
 0001:00002b10       ??1CExtUIKey@@QAE@XZ       10003b10 f   CCXExtUI.obj
 0001:00002bd0       ?Customize@CExtUIKey@@UAGJPAE@Z 10003bd0 f   CCXExtUI.obj
 0001:00002ca0       ?GetDot11ExtUIPropertyFriendlyName@CExtUIKey@@UAGJPAPA_W@Z 10003ca0 f   CCXExtUI.obj
 0001:00002d20       ?Dot11ExtUIPropertyHasConfigurationUI@CExtUIKey@@UAGJPAH@Z 10003d20 f   CCXExtUI.obj
 0001:00002d60       ?Dot11ExtUIPropertyIsStandardSecurity@CExtUIKey@@UAGJPAHPAW4_DOT11_EXT_UI_SECURITY_TYPE@@@Z 10003d60 f   CCXExtUI.obj
 0001:00002db0       ?Dot11ExtUIPropertyGetSelected@CExtUIKey@@UAGJPA_WPAU_DOT11EXT_IHV_PARAMS@@PAH@Z 10003db0 f   CCXExtUI.obj
 0001:00002e90       ?Dot11ExtUIPropertySetSelected@CExtUIKey@@UAGJPA_WPAU_DOT11EXT_IHV_PARAMS@@PAPA_WPAH@Z 10003e90 f   CCXExtUI.obj
 0001:00002f90       ?Dot11ExtUIPropertyGetDisplayInfo@CExtUIKey@@UAGJW4_DOT11_EXT_UI_DISPLAY_INFO_TYPE@@PA_WPAU_DOT11EXT_IHV_PARAMS@@PAK3PAPAU_DOT11_EXT_UI_PROPERTY_DISPLAY_INFO@@@Z 10003f90 f   CCXExtUI.obj
 0001:000030e0       ?Dot11ExtUIPropertySetDisplayInfo@CExtUISec@@UAGJW4_DOT11_EXT_UI_DISPLAY_INFO_TYPE@@PA_WPAU_DOT11EXT_IHV_PARAMS@@PAU_DOT11_EXT_UI_PROPERTY_DISPLAY_INFO@@PAPA_WPAH@Z 100040e0 f   CCXExtUI.obj
 0001:000030e0       ?Dot11ExtUIPropertySetDisplayInfo@CExtUIKey@@UAGJW4_DOT11_EXT_UI_DISPLAY_INFO_TYPE@@PA_WPAU_DOT11EXT_IHV_PARAMS@@PAU_DOT11_EXT_UI_PROPERTY_DISPLAY_INFO@@PAPA_WPAH@Z 100040e0 f   CCXExtUI.obj
 0001:00003220       ?DisplayDot11ExtUIProperty@CExtUIKey@@UAGJPAUHWND__@@PA_WPAU_DOT11EXT_IHV_PARAMS@@PAPA_WPAH@Z 10004220 f   CCXExtUI.obj
 0001:00003230       ??0CExtUISec@@QAE@XZ       10004230 f   CCXExtUI.obj
 0001:00003270       ??1CExtUISec@@QAE@XZ       10004270 f   CCXExtUI.obj
 0001:00003330       ?Customize@CExtUISec@@QAGJPAE@Z 10004330 f   CCXExtUI.obj
 0001:00003400       ?GetDot11ExtUIPropertyFriendlyName@CExtUISec@@UAGJPAPA_W@Z 10004400 f   CCXExtUI.obj
 0001:000034a0       ?Dot11ExtUIPropertyHasConfigurationUI@CExtUISec@@UAGJPAH@Z 100044a0 f   CCXExtUI.obj
 0001:000034e0       ?Dot11ExtUIPropertyIsStandardSecurity@CExtUISec@@UAGJPAHPAW4_DOT11_EXT_UI_SECURITY_TYPE@@@Z 100044e0 f   CCXExtUI.obj
 0001:00003530       ?Dot11ExtUIPropertyGetSelected@CExtUISec@@UAGJPA_WPAU_DOT11EXT_IHV_PARAMS@@PAH@Z 10004530 f   CCXExtUI.obj
 0001:000035f0       ?Dot11ExtUIPropertySetSelected@CExtUISec@@UAGJPA_WPAU_DOT11EXT_IHV_PARAMS@@PAPA_WPAH@Z 100045f0 f   CCXExtUI.obj
 0001:000036f0       ?Dot11ExtUIPropertyGetDisplayInfo@CExtUISec@@UAGJW4_DOT11_EXT_UI_DISPLAY_INFO_TYPE@@PA_WPAU_DOT11EXT_IHV_PARAMS@@PAK3PAPAU_DOT11_EXT_UI_PROPERTY_DISPLAY_INFO@@@Z 100046f0 f   CCXExtUI.obj
 0001:00003820       ?Notify_IsValid@WapiKeyInputDlg@@UAEXH@Z 10004820 f i CCXExtUI.obj
 0001:00003840       ?DisplayDot11ExtUIProperty@CExtUISec@@UAGJPAUHWND__@@PA_WPAU_DOT11EXT_IHV_PARAMS@@PAPA_WPAH@Z 10004840 f   CCXExtUI.obj
 0001:00003c70       ??1CExtUICon@@QAE@XZ       10004c70 f   CCXExtUI.obj
 0001:00003ce0       ?GetDot11ExtUIPropertyFriendlyName@CExtUICon@@UAGJPAPA_W@Z 10004ce0 f   CCXExtUI.obj
 0001:00003d20       ?Dot11ExtUIPropertyHasConfigurationUI@CExtUICon@@UAGJPAH@Z 10004d20 f   CCXExtUI.obj
 0001:00003d40       ?Dot11ExtUIPropertyGetSelected@CExtUICon@@UAGJPA_WPAU_DOT11EXT_IHV_PARAMS@@PAH@Z 10004d40 f   CCXExtUI.obj
 0001:00003d50       ?Dot11ExtUIPropertySetSelected@CExtUICon@@UAGJPA_WPAU_DOT11EXT_IHV_PARAMS@@PAPA_WPAH@Z 10004d50 f   CCXExtUI.obj
 0001:00003d60       ?Dot11ExtUIPropertyGetDisplayInfo@CExtUICon@@UAGJW4_DOT11_EXT_UI_DISPLAY_INFO_TYPE@@PA_WPAU_DOT11EXT_IHV_PARAMS@@PAK3PAPAU_DOT11_EXT_UI_PROPERTY_DISPLAY_INFO@@@Z 10004d60 f   CCXExtUI.obj
 0001:00003d60       ?Dot11ExtUIPropertySetDisplayInfo@CExtUICon@@UAGJW4_DOT11_EXT_UI_DISPLAY_INFO_TYPE@@PA_WPAU_DOT11EXT_IHV_PARAMS@@PAU_DOT11_EXT_UI_PROPERTY_DISPLAY_INFO@@PAPA_WPAH@Z 10004d60 f   CCXExtUI.obj
 0001:00003d70       ?MessageBoxW@@YAHPAUHWND__@@III@Z 10004d70 f   CCXExtUI.obj
 0001:00003df0       ?DisplayDot11ExtUIProperty@CExtUICon@@UAGJPAUHWND__@@PA_WPAU_DOT11EXT_IHV_PARAMS@@PAPA_WPAH@Z 10004df0 f   CCXExtUI.obj
 0001:000041e0       ?ValidateSettings@CExtUICon@@AAEHPA_WPAVCProfileIHVConnectivity@@PAVDPTProfile@@@Z 100051e0 f   CCXExtUI.obj
 0001:000042a0       ?ShowConfigUI@CExtUICon@@AAEHPAUHWND__@@PAU_DOT11EXT_IHV_PARAMS@@PAVCProfileIHVConnectivity@@PAVDPTProfile@@@Z 100052a0 f   CCXExtUI.obj
 0001:00004310       ?CreateConnFragment@CExtUICon@@AAEPA_WPA_W0@Z 10005310 f   CCXExtUI.obj
 0001:000044f0       ??1?$basic_string@_WU?$char_traits@_W@std@@V?$allocator@_W@2@@std@@QAE@XZ 100054f0 f i CCXExtUI.obj
 0001:00004520       ?assign@?$basic_string@DU?$char_traits@D@std@@V?$allocator@D@2@@std@@QAEAAV12@ABV12@II@Z 10005520 f i CCXExtUI.obj
 0001:00004650       ?_Tidy@?$basic_string@_WU?$char_traits@_W@std@@V?$allocator@_W@2@@std@@QAEX_NI@Z 10005650 f i CCXExtUI.obj
 0001:000046a0       ?assign@?$basic_string@DU?$char_traits@D@std@@V?$allocator@D@2@@std@@QAEAAV12@PBDI@Z 100056a0 f i CCXExtUI.obj
 0001:000047a0       ?erase@?$basic_string@DU?$char_traits@D@std@@V?$allocator@D@2@@std@@QAEAAV12@II@Z 100057a0 f i CCXExtUI.obj
 0001:00004840       ?_Copy@?$basic_string@DU?$char_traits@D@std@@V?$allocator@D@2@@std@@QAEXII@Z 10005840 f i CCXExtUI.obj
 0001:00004990       ?allocate@?$_Wrap_alloc@V?$allocator@D@std@@@std@@QAEPADI@Z 10005990 f i CCXExtUI.obj
 0001:000049c0       ??$GetCredentialDlgProc@VWapiKeyInputPropDlg@@@CExtUI@@CGHPAUHWND__@@IIJ@Z 100059c0 f i CCXExtUI.obj
 0001:00004c70       ??$GetCredentialDlgProc@VWapiCertPropDlg@@@CExtUI@@CGHPAUHWND__@@IIJ@Z 10005c70 f i CCXExtUI.obj
 0001:00004e90       ??$GetThis@VCExtUI@@@@YAPAVCExtUI@@PAUHWND__@@IIJ@Z 10005e90 f i CCXExtUI.obj
 0001:00004ed6       ?Release@CExtUI@@W3AGKXZ   10005ed6 f i CCXExtUI.obj
 0001:00004ee0       ?Release@CExtUI@@W7AGKXZ   10005ee0 f i CCXExtUI.obj
 0001:00004eea       ?AddRef@CExtUI@@W3AGKXZ    10005eea f i CCXExtUI.obj
 0001:00004ef4       ?AddRef@CExtUI@@W7AGKXZ    10005ef4 f i CCXExtUI.obj
 0001:00004efe       ?QueryInterface@CExtUI@@W3AGJABU_GUID@@PAPAX@Z 10005efe f i CCXExtUI.obj
 0001:00004f08       ?QueryInterface@CExtUI@@W7AGJABU_GUID@@PAPAX@Z 10005f08 f i CCXExtUI.obj
 0001:00004f20       ?GetSelectedKeyPtr@ConnConfigDlg@@UAEPA_WXZ 10005f20 f i ConnConfigDlg.obj
 0001:00004f40       ?LaunchDialog@ConnConfigDlg@@SAHPAUHINSTANCE__@@PAUHWND__@@PAVDPTProfile@@H@Z 10005f40 f   ConnConfigDlg.obj
 0001:00005030       ?DialogProc@ConnConfigDlg@@SGHPAUHWND__@@IIJ@Z 10006030 f   ConnConfigDlg.obj
 0001:00005140       ?OnInitDialog@ConnConfigDlg@@UAEHPAUHWND__@@@Z 10006140 f   ConnConfigDlg.obj
 0001:000051d0       ?Refresh@ConnConfigDlg@@UAEXXZ 100061d0 f   ConnConfigDlg.obj
 0001:000052b0       ?SelectEditGroup@ConnConfigDlg@@AAEXH@Z 100062b0 f   ConnConfigDlg.obj
 0001:00005340       ?OnHideChars@ConnConfigDlg@@UAEXXZ 10006340 f   ConnConfigDlg.obj
 0001:000053c0       ?OnOK@ConnConfigDlg@@UAEXXZ 100063c0 f   ConnConfigDlg.obj
 0001:00005420       ?OnKeyDown@ConnConfigDlg@@UAEHIJ@Z 10006420 f   ConnConfigDlg.obj
 0001:00005450       ?IsKeyModified@ConnConfigDlg@@UAEHXZ 10006450 f   ConnConfigDlg.obj
 0001:00005460       ?BinaryToHexRawString@@YAPA_WQAEK@Z 10006460 f   ihvutils.obj
 0001:000054d0       ?HexRawStringToBinary@@YAPAEPB_WPAK@Z 100064d0 f   ihvutils.obj
 0001:00005570       ?IsCertificateExpired@@YAHPBU_CERT_CONTEXT@@@Z 10006570 f   certutil.obj
 0001:00005620       ?GetCertificateExpiresOn@@YAHPBU_CERT_CONTEXT@@PA_WHPAH@Z 10006620 f   certutil.obj
 0001:000056c0       ?GetCertificateDisplayInfo@@YAHPBU_CERT_CONTEXT@@PAPAU_CERT_DISPLAY_INFO@@@Z 100066c0 f   certutil.obj
 0001:000058a0       ??1CBstr@@QAE@XZ           100068a0 f i DPTProfile.obj
 0001:000058b0       ?SetPrivateKey@DPTProfile@@QAEXPA_W@Z 100068b0 f   DPTProfile.obj
 0001:00005910       ?xmlSet@DPTProfile@@QAEXPAUIXMLDOMDocument@@PA_W@Z 10006910 f   DPTProfile.obj
 0001:00005bb0       ?xmlSet@DPTProfile@@QAEXPB_W@Z 10006bb0 f   DPTProfile.obj
 0001:00005cd0       ?xmlGet@DPTProfile@@QAEPA_WPAUIXMLDOMDocument@@@Z 10006cd0 f   DPTProfile.obj
 0001:00005ee0       ?xmlGet@DPTProfile@@QAEPA_WXZ 10006ee0 f   DPTProfile.obj
 0001:00005fc0       ?DPTKey2Hex@DPTProfile@@SAPA_WPA_W@Z 10006fc0 f   DPTProfile.obj
 0001:000060d0       ?HexString2Byte@DPTProfile@@SAPAEPB_WPAK@Z 100070d0 f   DPTProfile.obj
 0001:000061f0       ?Hex2DPTKey@DPTProfile@@SAPA_WPB_W@Z 100071f0 f   DPTProfile.obj
 0001:00006230       ?GetProfileFragment@DPTProfile@@SAPA_WPB_W0@Z 10007230 f   DPTProfile.obj
 0001:000063f0       ?DecryptDPTKey@DPTUtils@@YAPA_WPAEK@Z 100073f0 f   DPTUtils.obj
 0001:000064b0       ?OpenDriverRegKey@DriverReg@@YAHPA_WKAAPAUHKEY__@@@Z 100074b0 f   DriverRegW.obj
 0001:00006730       ?IsDPTAvailable@DriverReg@@YAHPBU_GUID@@@Z 10007730 f   DriverRegW.obj
 0001:00006960       ?BuildStringMap@@YAXPAUHINSTANCE__@@@Z 10007960 f   i18nW.obj
 0001:00006a80       ?TranslateString@@YA?AV?$basic_string@_WU?$char_traits@_W@std@@V?$allocator@_W@2@@std@@PA_WH@Z 10007a80 f   i18nW.obj
 0001:00006e10       ?LocalizeDialog@@YAXPAUHWND__@@H@Z 10007e10 f   i18nW.obj
 0001:00006ec0       ??0?$basic_string@_WU?$char_traits@_W@std@@V?$allocator@_W@2@@std@@QAE@PB_W@Z 10007ec0 f i i18nW.obj
 0001:00006f20       ??0?$basic_string@_WU?$char_traits@_W@std@@V?$allocator@_W@2@@std@@QAE@$$QAV01@@Z 10007f20 f i i18nW.obj
 0001:00006f90       ??4?$basic_string@_WU?$char_traits@_W@std@@V?$allocator@_W@2@@std@@QAEAAV01@PB_W@Z 10007f90 f i i18nW.obj
 0001:00006fe0       ??A?$map@V?$basic_string@_WU?$char_traits@_W@std@@V?$allocator@_W@2@@std@@HU?$less@V?$basic_string@_WU?$char_traits@_W@std@@V?$allocator@_W@2@@std@@@2@V?$allocator@U?$pair@$$CBV?$basic_string@_WU?$char_traits@_W@std@@V?$allocator@_W@2@@std@@H@std@@@2@@std@@QAEAAHABV?$basic_string@_WU?$char_traits@_W@std@@V?$allocator@_W@2@@1@@Z 10007fe0 f i i18nW.obj
 0001:00007050       ?_Assign_rv@?$basic_string@_WU?$char_traits@_W@std@@V?$allocator@_W@2@@std@@QAEX$$QAV12@@Z 10008050 f i i18nW.obj
 0001:000070b0       ?_Erase@?$_Tree@V?$_Tmap_traits@V?$basic_string@_WU?$char_traits@_W@std@@V?$allocator@_W@2@@std@@HU?$less@V?$basic_string@_WU?$char_traits@_W@std@@V?$allocator@_W@2@@std@@@2@V?$allocator@U?$pair@$$CBV?$basic_string@_WU?$char_traits@_W@std@@V?$allocator@_W@2@@std@@H@std@@@2@$0A@@std@@@std@@IAEXPAU?$_Tree_node@U?$pair@$$CBV?$basic_string@_WU?$char_traits@_W@std@@V?$allocator@_W@2@@std@@H@std@@PAX@2@@Z 100080b0 f i i18nW.obj
 0001:00007110       ??R?$less@V?$basic_string@_WU?$char_traits@_W@std@@V?$allocator@_W@2@@std@@@std@@QBE_NABV?$basic_string@_WU?$char_traits@_W@std@@V?$allocator@_W@2@@1@0@Z 10008110 f i i18nW.obj
 0001:00007140       ?assign@?$basic_string@_WU?$char_traits@_W@std@@V?$allocator@_W@2@@std@@QAEAAV12@ABV12@II@Z 10008140 f i i18nW.obj
 0001:00007260       ?assign@?$basic_string@_WU?$char_traits@_W@std@@V?$allocator@_W@2@@std@@QAEAAV12@PB_WI@Z 10008260 f i i18nW.obj
 0001:00007360       ?erase@?$_Tree@V?$_Tmap_traits@V?$basic_string@_WU?$char_traits@_W@std@@V?$allocator@_W@2@@std@@HU?$less@V?$basic_string@_WU?$char_traits@_W@std@@V?$allocator@_W@2@@std@@@2@V?$allocator@U?$pair@$$CBV?$basic_string@_WU?$char_traits@_W@std@@V?$allocator@_W@2@@std@@H@std@@@2@$0A@@std@@@std@@QAE?AV?$_Tree_iterator@V?$_Tree_val@U?$_Tree_simple_types@U?$pair@$$CBV?$basic_string@_WU?$char_traits@_W@std@@V?$allocator@_W@2@@std@@H@std@@@std@@@std@@@2@V?$_Tree_const_iterator@V?$_Tree_val@U?$_Tree_simple_types@U?$pair@$$CBV?$basic_string@_WU?$char_traits@_W@std@@V?$allocator@_W@2@@std@@H@std@@@std@@@std@@@2@0@Z 10008360 f i i18nW.obj
 0001:00007430       ?_Lbound@?$_Tree@V?$_Tmap_traits@V?$basic_string@_WU?$char_traits@_W@std@@V?$allocator@_W@2@@std@@HU?$less@V?$basic_string@_WU?$char_traits@_W@std@@V?$allocator@_W@2@@std@@@2@V?$allocator@U?$pair@$$CBV?$basic_string@_WU?$char_traits@_W@std@@V?$allocator@_W@2@@std@@H@std@@@2@$0A@@std@@@std@@IAEPAU?$_Tree_node@U?$pair@$$CBV?$basic_string@_WU?$char_traits@_W@std@@V?$allocator@_W@2@@std@@H@std@@PAX@2@ABV?$basic_string@_WU?$char_traits@_W@std@@V?$allocator@_W@2@@2@@Z 10008430 f i i18nW.obj
 0001:000074d0       ??E?$_Tree_const_iterator@V?$_Tree_val@U?$_Tree_simple_types@U?$pair@$$CBV?$basic_string@_WU?$char_traits@_W@std@@V?$allocator@_W@2@@std@@H@std@@@std@@@std@@@std@@QAEAAV01@XZ 100084d0 f i i18nW.obj
 0001:00007520       ?erase@?$basic_string@_WU?$char_traits@_W@std@@V?$allocator@_W@2@@std@@QAEAAV12@II@Z 10008520 f i i18nW.obj
 0001:000075d0       ?_Grow@?$basic_string@_WU?$char_traits@_W@std@@V?$allocator@_W@2@@std@@QAE_NI_N@Z 100085d0 f i i18nW.obj
 0001:00007690       ?erase@?$_Tree@V?$_Tmap_traits@V?$basic_string@_WU?$char_traits@_W@std@@V?$allocator@_W@2@@std@@HU?$less@V?$basic_string@_WU?$char_traits@_W@std@@V?$allocator@_W@2@@std@@@2@V?$allocator@U?$pair@$$CBV?$basic_string@_WU?$char_traits@_W@std@@V?$allocator@_W@2@@std@@H@std@@@2@$0A@@std@@@std@@QAE?AV?$_Tree_iterator@V?$_Tree_val@U?$_Tree_simple_types@U?$pair@$$CBV?$basic_string@_WU?$char_traits@_W@std@@V?$allocator@_W@2@@std@@H@std@@@std@@@std@@@2@V?$_Tree_const_iterator@V?$_Tree_val@U?$_Tree_simple_types@U?$pair@$$CBV?$basic_string@_WU?$char_traits@_W@std@@V?$allocator@_W@2@@std@@H@std@@@std@@@std@@@2@@Z 10008690 f i i18nW.obj
 0001:00007950       ??0?$_Wrap_alloc@V?$allocator@U?$_Tree_node@U?$pair@$$CBV?$basic_string@_WU?$char_traits@_W@std@@V?$allocator@_W@2@@std@@H@std@@PAX@std@@@std@@@std@@QAE@XZ 10008950 f i i18nW.obj
 0001:00007960       ?_Copy@?$basic_string@_WU?$char_traits@_W@std@@V?$allocator@_W@2@@std@@QAEXII@Z 10008960 f i i18nW.obj
 0001:00007ac0       ?_Lrotate@?$_Tree@V?$_Tmap_traits@V?$basic_string@_WU?$char_traits@_W@std@@V?$allocator@_W@2@@std@@HU?$less@V?$basic_string@_WU?$char_traits@_W@std@@V?$allocator@_W@2@@std@@@2@V?$allocator@U?$pair@$$CBV?$basic_string@_WU?$char_traits@_W@std@@V?$allocator@_W@2@@std@@H@std@@@2@$0A@@std@@@std@@IAEXPAU?$_Tree_node@U?$pair@$$CBV?$basic_string@_WU?$char_traits@_W@std@@V?$allocator@_W@2@@std@@H@std@@PAX@2@@Z 10008ac0 f i i18nW.obj
 0001:00007b20       ?_Rrotate@?$_Tree@V?$_Tmap_traits@V?$basic_string@_WU?$char_traits@_W@std@@V?$allocator@_W@2@@std@@HU?$less@V?$basic_string@_WU?$char_traits@_W@std@@V?$allocator@_W@2@@std@@@2@V?$allocator@U?$pair@$$CBV?$basic_string@_WU?$char_traits@_W@std@@V?$allocator@_W@2@@std@@H@std@@@2@$0A@@std@@@std@@IAEXPAU?$_Tree_node@U?$pair@$$CBV?$basic_string@_WU?$char_traits@_W@std@@V?$allocator@_W@2@@std@@H@std@@PAX@2@@Z 10008b20 f i i18nW.obj
 0001:00007b80       ?allocate@?$_Wrap_alloc@V?$allocator@_W@std@@@std@@QAEPA_WI@Z 10008b80 f i i18nW.obj
 0001:00007bb0       ?_Buyheadnode@?$_Tree_alloc@$0A@U?$_Tree_base_types@U?$pair@$$CBV?$basic_string@_WU?$char_traits@_W@std@@V?$allocator@_W@2@@std@@H@std@@V?$allocator@U?$pair@$$CBV?$basic_string@_WU?$char_traits@_W@std@@V?$allocator@_W@2@@std@@H@std@@@2@@std@@@std@@QAEPAU?$_Tree_node@U?$pair@$$CBV?$basic_string@_WU?$char_traits@_W@std@@V?$allocator@_W@2@@std@@H@std@@PAX@2@XZ 10008bb0 f i i18nW.obj
 0001:00007be0       ??$?H_WU?$char_traits@_W@std@@V?$allocator@_W@1@@std@@YA?AV?$basic_string@_WU?$char_traits@_W@std@@V?$allocator@_W@2@@0@ABV10@PB_W@Z 10008be0 f i i18nW.obj
 0001:00007c90       ?compare@?$basic_string@_WU?$char_traits@_W@std@@V?$allocator@_W@2@@std@@QBEHIIPB_WI@Z 10008c90 f i i18nW.obj
 0001:00007d10       ?append@?$basic_string@_WU?$char_traits@_W@std@@V?$allocator@_W@2@@std@@QAEAAV12@ABV12@II@Z 10008d10 f i i18nW.obj
 0001:00007e20       ?append@?$basic_string@_WU?$char_traits@_W@std@@V?$allocator@_W@2@@std@@QAEAAV12@PB_WI@Z 10008e20 f i i18nW.obj
 0001:00007f50       ??$_Buynode@ABUpiecewise_construct_t@std@@V?$tuple@ABV?$basic_string@_WU?$char_traits@_W@std@@V?$allocator@_W@2@@std@@@2@V?$tuple@$$$V@2@@?$_Tree_buy@U?$pair@$$CBV?$basic_string@_WU?$char_traits@_W@std@@V?$allocator@_W@2@@std@@H@std@@V?$allocator@U?$pair@$$CBV?$basic_string@_WU?$char_traits@_W@std@@V?$allocator@_W@2@@std@@H@std@@@2@@std@@QAEPAU?$_Tree_node@U?$pair@$$CBV?$basic_string@_WU?$char_traits@_W@std@@V?$allocator@_W@2@@std@@H@std@@PAX@1@ABUpiecewise_construct_t@1@$$QAV?$tuple@ABV?$basic_string@_WU?$char_traits@_W@std@@V?$allocator@_W@2@@std@@@1@$$QAV?$tuple@$$$V@1@@Z 10008f50 f i i18nW.obj
 0001:00008000       ??$_Insert_hint@AAU?$pair@$$CBV?$basic_string@_WU?$char_traits@_W@std@@V?$allocator@_W@2@@std@@H@std@@PAU?$_Tree_node@U?$pair@$$CBV?$basic_string@_WU?$char_traits@_W@std@@V?$allocator@_W@2@@std@@H@std@@PAX@2@@?$_Tree@V?$_Tmap_traits@V?$basic_string@_WU?$char_traits@_W@std@@V?$allocator@_W@2@@std@@HU?$less@V?$basic_string@_WU?$char_traits@_W@std@@V?$allocator@_W@2@@std@@@2@V?$allocator@U?$pair@$$CBV?$basic_string@_WU?$char_traits@_W@std@@V?$allocator@_W@2@@std@@H@std@@@2@$0A@@std@@@std@@IAE?AV?$_Tree_iterator@V?$_Tree_val@U?$_Tree_simple_types@U?$pair@$$CBV?$basic_string@_WU?$char_traits@_W@std@@V?$allocator@_W@2@@std@@H@std@@@std@@@std@@@1@V?$_Tree_const_iterator@V?$_Tree_val@U?$_Tree_simple_types@U?$pair@$$CBV?$basic_string@_WU?$char_traits@_W@std@@V?$allocator@_W@2@@std@@H@std@@@std@@@std@@@1@AAU?$pair@$$CBV?$basic_string@_WU?$char_traits@_W@std@@V?$allocator@_W@2@@std@@H@1@PAU?$_Tree_node@U?$pair@$$CBV?$basic_string@_WU?$char_traits@_W@std@@V?$allocator@_W@2@@std@@H@std@@PAX@1@@Z 10009000 f i i18nW.obj
 0001:000081f0       ?_Destroy_if_not_nil@?$_Tree@V?$_Tmap_traits@V?$basic_string@_WU?$char_traits@_W@std@@V?$allocator@_W@2@@std@@HU?$less@V?$basic_string@_WU?$char_traits@_W@std@@V?$allocator@_W@2@@std@@@2@V?$allocator@U?$pair@$$CBV?$basic_string@_WU?$char_traits@_W@std@@V?$allocator@_W@2@@std@@H@std@@@2@$0A@@std@@@std@@IAEXPAU?$_Tree_node@U?$pair@$$CBV?$basic_string@_WU?$char_traits@_W@std@@V?$allocator@_W@2@@std@@H@std@@PAX@2@@Z 100091f0 f i i18nW.obj
 0001:00008230       ?_Buynode0@?$_Tree_buy@U?$pair@$$CBV?$basic_string@_WU?$char_traits@_W@std@@V?$allocator@_W@2@@std@@H@std@@V?$allocator@U?$pair@$$CBV?$basic_string@_WU?$char_traits@_W@std@@V?$allocator@_W@2@@std@@H@std@@@2@@std@@QAEPAU?$_Tree_node@U?$pair@$$CBV?$basic_string@_WU?$char_traits@_W@std@@V?$allocator@_W@2@@std@@H@std@@PAX@2@XZ 10009230 f i i18nW.obj
 0001:00008270       ??F?$_Tree_unchecked_const_iterator@V?$_Tree_val@U?$_Tree_simple_types@U?$pair@$$CBV?$basic_string@_WU?$char_traits@_W@std@@V?$allocator@_W@2@@std@@H@std@@@std@@@std@@U_Iterator_base0@2@@std@@QAEAAV01@XZ 10009270 f i i18nW.obj
 0001:000082d0       ??$_Insert_at@AAU?$pair@$$CBV?$basic_string@_WU?$char_traits@_W@std@@V?$allocator@_W@2@@std@@H@std@@PAU?$_Tree_node@U?$pair@$$CBV?$basic_string@_WU?$char_traits@_W@std@@V?$allocator@_W@2@@std@@H@std@@PAX@2@@?$_Tree@V?$_Tmap_traits@V?$basic_string@_WU?$char_traits@_W@std@@V?$allocator@_W@2@@std@@HU?$less@V?$basic_string@_WU?$char_traits@_W@std@@V?$allocator@_W@2@@std@@@2@V?$allocator@U?$pair@$$CBV?$basic_string@_WU?$char_traits@_W@std@@V?$allocator@_W@2@@std@@H@std@@@2@$0A@@std@@@std@@IAE?AV?$_Tree_iterator@V?$_Tree_val@U?$_Tree_simple_types@U?$pair@$$CBV?$basic_string@_WU?$char_traits@_W@std@@V?$allocator@_W@2@@std@@H@std@@@std@@@std@@@1@_NPAU?$_Tree_node@U?$pair@$$CBV?$basic_string@_WU?$char_traits@_W@std@@V?$allocator@_W@2@@std@@H@std@@PAX@1@AAU?$pair@$$CBV?$basic_string@_WU?$char_traits@_W@std@@V?$allocator@_W@2@@std@@H@1@1@Z 100092d0 f i i18nW.obj
 0001:00008530       ??$_Insert_nohint@AAU?$pair@$$CBV?$basic_string@_WU?$char_traits@_W@std@@V?$allocator@_W@2@@std@@H@std@@PAU?$_Tree_node@U?$pair@$$CBV?$basic_string@_WU?$char_traits@_W@std@@V?$allocator@_W@2@@std@@H@std@@PAX@2@@?$_Tree@V?$_Tmap_traits@V?$basic_string@_WU?$char_traits@_W@std@@V?$allocator@_W@2@@std@@HU?$less@V?$basic_string@_WU?$char_traits@_W@std@@V?$allocator@_W@2@@std@@@2@V?$allocator@U?$pair@$$CBV?$basic_string@_WU?$char_traits@_W@std@@V?$allocator@_W@2@@std@@H@std@@@2@$0A@@std@@@std@@IAE?AU?$pair@V?$_Tree_iterator@V?$_Tree_val@U?$_Tree_simple_types@U?$pair@$$CBV?$basic_string@_WU?$char_traits@_W@std@@V?$allocator@_W@2@@std@@H@std@@@std@@@std@@@std@@_N@1@_NAAU?$pair@$$CBV?$basic_string@_WU?$char_traits@_W@std@@V?$allocator@_W@2@@std@@H@1@PAU?$_Tree_node@U?$pair@$$CBV?$basic_string@_WU?$char_traits@_W@std@@V?$allocator@_W@2@@std@@H@std@@PAX@1@@Z 10009530 f i i18nW.obj
 0001:000086f0       ?ValidatePSKPassword@@YAHPAU_VALIDATE_INFO@@@Z 100096f0 f   PasswordValidationW.obj
 0001:00008770       ??0CProfileIHVSecurity@@QAE@XZ 10009770 f   CCXProfile.obj
 0001:000087d0       ??1CProfileIHVSecurity@@QAE@XZ 100097d0 f   CCXProfile.obj
 0001:00008810       ?setCredential@CProfileIHVSecurity@@QAEXPAU_IHV_CREDENTIAL@@@Z 10009810 f   CCXProfile.obj
 0001:00008890       ?SetDefaults@CProfileIHVSecurity@@QAEXXZ 10009890 f   CCXProfile.obj
 0001:000088e0       ?IsValid@CProfileIHVSecurity@@QAEHXZ 100098e0 f   CCXProfile.obj
 0001:000089d0       ?xmlSet@CProfileIHVSecurity@@QAEXPB_W@Z 100099d0 f   CCXProfile.obj
 0001:00009070       ?xmlGet@CProfileIHVSecurity@@QAEPA_WXZ 1000a070 f   CCXProfile.obj
 0001:000096b0       ??0CProfileIHVConnectivity@@QAE@XZ 1000a6b0 f   CCXProfile.obj
 0001:00009700       ?SetDefaults@CProfileIHVConnectivity@@QAEXXZ 1000a700 f   CCXProfile.obj
 0001:00009750       ?IsValid@CProfileIHVConnectivity@@QAEHXZ 1000a750 f   CCXProfile.obj
 0001:00009850       ?xmlSet@CProfileIHVConnectivity@@QAEXPB_W@Z 1000a850 f   CCXProfile.obj
 0001:0000a140       ?xmlGet@CProfileIHVConnectivity@@QAEPA_WXZ 1000b140 f   CCXProfile.obj
 0001:0000a9f0       ?Hex2Ssid@CProfileIHVConnectivity@@SA_NPB_WPAEPAH@Z 1000b9f0 f   CCXProfile.obj
 0001:0000ab20       ?Ssid2Hex@CProfileIHVConnectivity@@SA_NPBEHPA_W@Z 1000bb20 f   CCXProfile.obj
 0001:0000ab70       ?Name2Ssid@CProfileIHVConnectivity@@SA_NPB_WPAEPAH@Z 1000bb70 f   CCXProfile.obj
 0001:0000abd0       ?LoadStringResource@@YAKPAUHINSTANCE__@@IAAPA_WPAK@Z 1000bbd0 f   strings.obj
 0001:0000ac80       ?OnInitDialog@CertPropertyDlg@@MAEHPAUHWND__@@@Z 1000bc80 f   CertPropertyDlg.obj
 0001:0000acb0       ?OnOK@CertPropertyDlg@@UAEXXZ 1000bcb0 f   CertPropertyDlg.obj
 0001:0000ace0       ?OnCancel@CertPropertyDlg@@UAEXXZ 1000bce0 f   CertPropertyDlg.obj
 0001:0000ad00       ?CertificateFilterFunction@@YGHPBU_CERT_CONTEXT@@PAHPAX@Z 1000bd00 f   CertPropertyDlg.obj
 0001:0000ad80       ?OnViewCertificate@CertPropertyDlg@@UAEHXZ 1000bd80 f   CertPropertyDlg.obj
 0001:0000ade0       ?OnSelectCertificate@CertPropertyDlg@@UAEHXZ 1000bde0 f   CertPropertyDlg.obj
 0001:0000af40       ?CheckValid@CertPropertyDlg@@UBEKPBU_CERT_CONTEXT@@@Z 1000bf40 f   CertPropertyDlg.obj
 0001:0000af70       ?SetCertificate@CertPropertyDlg@@EAEXPBU_CERT_CONTEXT@@@Z 1000bf70 f   CertPropertyDlg.obj
 0001:0000afb0       ?Refresh@CertPropertyDlg@@EAEXXZ 1000bfb0 f   CertPropertyDlg.obj
 0001:0000b120       ?DialogProc@CertPropertyDlg@@SGHPAUHWND__@@IIJ@Z 1000c120 f   CertPropertyDlg.obj
 0001:0000b210       ?InitCertificateListView@@YAXPAUHINSTANCE__@@PAUHWND__@@PAXP6GHPBU_CERT_CONTEXT@@PAH2@Z2@Z 1000c210 f   CertPropertyDlg.obj
 0001:0000b410       ?CleanupCertificateListView@@YAXPAUHWND__@@@Z 1000c410 f   CertPropertyDlg.obj
 0001:0000b480       ?Refresh@CertSelectorDlg@@EAEXXZ 1000c480 f   CertPropertyDlg.obj
 0001:0000b4e0       ?DialogProc@CertSelectorDlg@@SGHPAUHWND__@@IIJ@Z 1000c4e0 f   CertPropertyDlg.obj
 0001:0000b640       ?DialogProc@KeyInputDlg@@SGHPAUHWND__@@IIJ@Z 1000c640 f   KeyInputDlgW.obj
 0001:0000b720       ??0KeyInputDlg@@QAE@PAUHINSTANCE__@@PA_WHHK@Z 1000c720 f   KeyInputDlgW.obj
 0001:0000b810       ?OnInitDialog@KeyInputDlg@@UAEHPAUHWND__@@@Z 1000c810 f   KeyInputDlgW.obj
 0001:0000b850       ?InitEditGroup@KeyInputDlg@@UAEXXZ 1000c850 f   KeyInputDlgW.obj
 0001:0000b910       ?UpdateKey@KeyInputDlg@@IAEXPAU_tKeyInEditGroup@1@PA_WH@Z 1000c910 f   KeyInputDlgW.obj
 0001:0000b960       ?Refresh@KeyInputDlg@@UAEXXZ 1000c960 f   KeyInputDlgW.obj
 0001:0000ba90       ?SelectEditGroup@KeyInputDlg@@IAEXPAU_tKeyInEditGroup@1@@Z 1000ca90 f   KeyInputDlgW.obj
 0001:0000bb00       ?ReflectEnableState@KeyInputDlg@@IAEXPAU_tKeyInEditGroup@1@@Z 1000cb00 f   KeyInputDlgW.obj
 0001:0000bbc0       ?OnEditChange@KeyInputDlg@@UAEXH@Z 1000cbc0 f   KeyInputDlgW.obj
 0001:0000bbf0       ?OnChangeKey@KeyInputDlg@@IAEXPAU_tKeyInEditGroup@1@@Z 1000cbf0 f   KeyInputDlgW.obj
 0001:0000bd50       ?OnChangeConfirmKey@KeyInputDlg@@IAEXPAU_tKeyInEditGroup@1@@Z 1000cd50 f   KeyInputDlgW.obj
 0001:0000bef0       ?OnEditFocus@KeyInputDlg@@UAEXH@Z 1000cef0 f   KeyInputDlgW.obj
 0001:0000bf30       ?OnHideChars@KeyInputDlg@@UAEXXZ 1000cf30 f   KeyInputDlgW.obj
 0001:0000bf60       ?HideEditGroup@KeyInputDlg@@IAEXHPAU_tKeyInEditGroup@1@H@Z 1000cf60 f   KeyInputDlgW.obj
 0001:0000c100       ?ReportError@KeyInputDlg@@IAEXH@Z 1000d100 f   KeyInputDlgW.obj
 0001:0000c180       ?IsValid@KeyInputDlg@@IAEHPAU_tKeyInEditGroup@1@@Z 1000d180 f   KeyInputDlgW.obj
 0001:0000c2e0       ?ValidateKey@KeyInputDlg@@UAEHPB_W@Z 1000d2e0 f   KeyInputDlgW.obj
 0001:0000c310       ?OnOK@KeyInputDlg@@UAEXXZ  1000d310 f   KeyInputDlgW.obj
 0001:0000c350       ?OnCancel@KeyInputDlg@@UAEXXZ 1000d350 f   KeyInputDlgW.obj
 0001:0000c370       ?OnKeyDown@KeyInputDlg@@UAEHIJ@Z 1000d370 f   KeyInputDlgW.obj
 0001:0000c390       ?OnKeyDown@KeyInputDlg@@UAEHPAU_tKeyInEditGroup@1@IJ@Z 1000d390 f   KeyInputDlgW.obj
 0001:0000c420       ?IsKeyModified@KeyInputDlg@@UAEHXZ 1000d420 f   KeyInputDlgW.obj
 0001:0000c480       ?_com_issue_error@@YGXJ@Z  1000d480 f   comsuppw:comsupp.obj
 0001:0000c4a0       ??0_com_error@@QAE@ABV0@@Z 1000d4a0 f i comsuppw:comraise.obj
 0001:0000c4e0       ??1_com_error@@UAE@XZ      1000d4e0 f i comsuppw:comraise.obj
 0001:0000c510       ??_G_com_error@@UAEPAXI@Z  1000d510 f i comsuppw:comraise.obj
 0001:0000c510       ??_E_com_error@@UAEPAXI@Z  1000d510 f i comsuppw:comraise.obj
 0001:0000c550       ?_com_raise_error@@YGXJPAUIErrorInfo@@@Z 1000d550 f   comsuppw:comraise.obj
 0001:0000c57f       @__security_check_cookie@4 1000d57f f   LIBCMT:secchk.obj
 0001:0000c58e       ??3@YAXPAX@Z               1000d58e f   LIBCMT:delete.obj
 0001:0000c593       ??1type_info@@UAE@XZ       1000d593 f   LIBCMT:typinfo.obj
 0001:0000c5a1       ??8type_info@@QBE_NABV0@@Z 1000d5a1 f   LIBCMT:typinfo.obj
 0001:0000c5bf       ??_Etype_info@@UAEPAXI@Z   1000d5bf f i LIBCMT:typinfo.obj
 0001:0000c5bf       ??_Gtype_info@@UAEPAXI@Z   1000d5bf f i LIBCMT:typinfo.obj
 0001:0000c5de       ??0bad_alloc@std@@QAE@ABV01@@Z 1000d5de f i LIBCMT:new.obj
 0001:0000c5f9       ??1bad_alloc@std@@UAE@XZ   1000d5f9 f i LIBCMT:new.obj
 0001:0000c604       ??2@YAPAXI@Z               1000d604 f   LIBCMT:new.obj
 0001:0000c653       ??_Gbad_alloc@std@@UAEPAXI@Z 1000d653 f i LIBCMT:new.obj
 0001:0000c653       ??_Ebad_alloc@std@@UAEPAXI@Z 1000d653 f i LIBCMT:new.obj
 0001:0000c678       _swprintf_s                1000d678 f   LIBCMT:swprintf.obj
 0001:0000c694       _wcsncpy_s                 1000d694 f   LIBCMT:wcsncpy_s.obj
 0001:0000c760       _memmove                   1000d760 f   LIBCMT:memmove.obj
 0001:0000cda4       ??_U@YAPAXI@Z              1000dda4 f   LIBCMT:new2.obj
 0001:0000cdad       ??_U@YAPAXIABUnothrow_t@std@@@Z 1000ddad f   LIBCMT:newaopnt.obj
 0001:0000cdb6       ___onexitinit              1000ddb6 f   LIBCMT:onexit.obj
 0001:0000cde5       __onexit                   1000dde5 f   LIBCMT:onexit.obj
 0001:0000cedf       _atexit                    1000dedf f   LIBCMT:onexit.obj
 0001:0000cef4       _wcsstr                    1000def4 f   LIBCMT:wcsstr.obj
 0001:0000d187       ??_V@YAXPAX@Z              1000e187 f   LIBCMT:delete2.obj
 0001:0000d18c       __purecall                 1000e18c f   LIBCMT:purevirt.obj
 0001:0000d1ae       _memcpy_s                  1000e1ae f   LIBCMT:memcpy_s.obj
 0001:0000d22d       ??2@YAPAXIABUnothrow_t@std@@@Z 1000e22d f   LIBCMT:newopnt.obj
 0001:0000d25b       _wcschr                    1000e25b f   LIBCMT:wcschr.obj
 0001:0000d4e5       _wcstol                    1000e4e5 f   LIBCMT:wcstol.obj
 0001:0000d4fd       _wcstoul                   1000e4fd f   LIBCMT:wcstol.obj
 0001:0000d515       ??0_LocaleUpdate@@QAE@PAUlocaleinfo_struct@@@Z 1000e515 f i LIBCMT:wcsnicmp.obj
 0001:0000d59d       __wcsnicmp                 1000e59d f   LIBCMT:wcsnicmp.obj
 0001:0000d651       __wcsnicmp_l               1000e651 f   LIBCMT:wcsnicmp.obj
 0001:0000d748       ___raise_securityfailure   1000e748 f   LIBCMT:gs_report.obj
 0001:0000d785       ___report_gsfailure        1000e785 f   LIBCMT:gs_report.obj
 0001:0000d87e       _wcscpy_s                  1000e87e f   LIBCMT:wcscpy_s.obj
 0001:0000d8da       __wtoi                     1000e8da f   LIBCMT:wtox.obj
 0001:0000d8e3       __wtol                     1000e8e3 f   LIBCMT:wtox.obj
 0001:0000d8f7       _free                      1000e8f7 f   LIBCMT:free.obj
 0001:0000d92f       _malloc                    1000e92f f   LIBCMT:malloc.obj
 0001:0000d9c1       _wcsspn                    1000e9c1 f   LIBCMT:wcsspn.obj
 0001:0000da05       __wcsicmp                  1000ea05 f   LIBCMT:wcsicmp.obj
 0001:0000da98       __wcsicmp_l                1000ea98 f   LIBCMT:wcsicmp.obj
 0001:0000db71       __itow                     1000eb71 f   LIBCMT:xtow.obj
 0001:0000dbfd       __CRT_INIT@12              1000ebfd f   LIBCMT:dllcrt0.obj
 0001:0000dd6f       __DllMainCRTStartup@12     1000ed6f f   LIBCMT:dllcrt0.obj
 0001:0000dea0       ___DllXcptFilter           1000eea0 f   LIBCMT:dllcrt0.obj
 0001:0000dec5       __CxxThrowException@8      1000eec5 f   LIBCMT:throw.obj
 0001:0000df30       __alloca_probe_16          1000ef30 f   LIBCMT:alloca16.obj
 0001:0000df46       __alloca_probe_8           1000ef46     LIBCMT:alloca16.obj
 0001:0000df60       __except_handler4          1000ef60 f   LIBCMT:chandler4.obj
 0001:0000e100       _memset                    1000f100 f   LIBCMT:memset.obj
 0001:0000e190       __fpmath                   1000f190 f   LIBCMT:fpinit.obj
 0001:0000e1a7       __cfltcvt_init             1000f1a7 f   LIBCMT:fpinit.obj
 0001:0000e210       _strcmp                    1000f210 f   LIBCMT:strcmp.obj
 0001:0000e29c       ?_Type_info_dtor@type_info@@CAXPAV1@@Z 1000f29c f   LIBCMT:typname.obj
 0001:0000e30d       ??0exception@std@@QAE@ABQBD@Z 1000f30d f   LIBCMT:stdexcpt.obj
 0001:0000e332       ??0exception@std@@QAE@ABQBDH@Z 1000f332 f   LIBCMT:stdexcpt.obj
 0001:0000e34d       ??0exception@std@@QAE@ABV01@@Z 1000f34d f   LIBCMT:stdexcpt.obj
 0001:0000e370       ??1exception@std@@UAE@XZ   1000f370 f   LIBCMT:stdexcpt.obj
 0001:0000e37b       ??4exception@std@@QAEAAV01@ABV01@@Z 1000f37b f   LIBCMT:stdexcpt.obj
 0001:0000e3ae       ??_Gexception@std@@UAEPAXI@Z 1000f3ae f i LIBCMT:stdexcpt.obj
 0001:0000e3ae       ??_Eexception@std@@UAEPAXI@Z 1000f3ae f i LIBCMT:stdexcpt.obj
 0001:0000e3d3       ?_Copy_str@exception@std@@AAEXPBD@Z 1000f3d3 f   LIBCMT:stdexcpt.obj
 0001:0000e411       ?_Tidy@exception@std@@AAEXXZ 1000f411 f   LIBCMT:stdexcpt.obj
 0001:0000e42d       ?what@exception@std@@UBEPBDXZ 1000f42d f   LIBCMT:stdexcpt.obj
 0001:0000e43a       __callnewh                 1000f43a f   LIBCMT:handler.obj
 0001:0000e460       __initp_heap_handler       1000f460 f   LIBCMT:handler.obj
 0001:0000e46d       __call_reportfault         1000f46d f   LIBCMT:invarg.obj
 0001:0000e590       __initp_misc_invarg        1000f590 f   LIBCMT:invarg.obj
 0001:0000e59d       __invalid_parameter        1000f59d f   LIBCMT:invarg.obj
 0001:0000e5c8       __invalid_parameter_noinfo 1000f5c8 f   LIBCMT:invarg.obj
 0001:0000e5d8       __invoke_watson            1000f5d8 f   LIBCMT:invarg.obj
 0001:0000e603       __flsbuf                   1000f603 f   LIBCMT:_flsbuf.obj
 0001:0000e750       __vswprintf_helper         1000f750 f   LIBCMT:vswprnc.obj
 0001:0000e849       __vswprintf_s_l            1000f849 f   LIBCMT:vswprnc.obj
 0001:0000e8c0       ___doserrno                1000f8c0 f   LIBCMT:dosmap.obj
 0001:0000e8d3       __dosmaperr                1000f8d3 f   LIBCMT:dosmap.obj
 0001:0000e8f4       __errno                    1000f8f4 f   LIBCMT:dosmap.obj
 0001:0000e907       __get_errno_from_oserr     1000f907 f   LIBCMT:dosmap.obj
 0001:0000e948       ___isa_available_init      1000f948 f   LIBCMT:cpu_disp.obj
 0001:0000ea9a       ___crtCorExitProcess       1000fa9a f   LIBCMT:crt0dat.obj
 0001:0000eacc       ___crtExitProcess          1000facc f   LIBCMT:crt0dat.obj
 0001:0000eae2       ___freeCrtMemory           1000fae2 f   LIBCMT:crt0dat.obj
 0001:0000ebf2       __amsg_exit                1000fbf2 f   LIBCMT:crt0dat.obj
 0001:0000ec0e       __cexit                    1000fc0e f   LIBCMT:crt0dat.obj
 0001:0000ec1d       __cinit                    1000fc1d f   LIBCMT:crt0dat.obj
 0001:0000ecae       __exit                     1000fcae f   LIBCMT:crt0dat.obj
 0001:0000ecc2       __init_pointers            1000fcc2 f   LIBCMT:crt0dat.obj
 0001:0000ed16       __initterm_e               1000fd16 f   LIBCMT:crt0dat.obj
 0001:0000ed38       __lockexit                 1000fd38 f   LIBCMT:crt0dat.obj
 0001:0000ed41       __unlockexit               1000fd41 f   LIBCMT:crt0dat.obj
 0001:0000ee79       __msize                    1000fe79 f   LIBCMT:msize.obj
 0001:0000eeaa       __calloc_crt               1000feaa f   LIBCMT:crtheap.obj
 0001:0000eef2       __malloc_crt               1000fef2 f   LIBCMT:crtheap.obj
 0001:0000ef39       __realloc_crt              1000ff39 f   LIBCMT:crtheap.obj
 0001:0000ef90       __SEH_prolog4              1000ff90 f   LIBCMT:sehprolg4.obj
 0001:0000efd5       __SEH_epilog4              1000ffd5 f   LIBCMT:sehprolg4.obj
 0001:0000efe9       __set_abort_behavior       1000ffe9 f   LIBCMT:abort.obj
 0001:0000f008       _abort                     10010008 f   LIBCMT:abort.obj
 0001:0000f04b       __initp_misc_purevirt      1001004b f   LIBCMT:inithelp.obj
 0001:0000f060       _memcpy                    10010060 f   LIBCMT:memcpy.obj
 0001:0000f6a4       __EH_epilog3               100106a4 f   LIBCMT:ehprolg3.obj
 0001:0000f6b8       __EH_prolog3_catch         100106b8 f   LIBCMT:ehprolg3.obj
 0001:0000f7bc       ?_CallCatchBlock2@@YAPAXPAUEHRegistrationNode@@PBU_s_FuncInfo@@PAXHK@Z 100107bc f   LIBCMT:_trnsctrl_.obj
 0001:0000f81a       ?_CallMemberFunction2@@YGXPAX00H@Z 1001081a f   LIBCMT:_trnsctrl_.obj
 0001:0000f81a       ?_CallMemberFunction0@@YGXPAX0@Z 1001081a f   LIBCMT:_trnsctrl_.obj
 0001:0000f81a       ?_CallMemberFunction1@@YGXPAX00@Z 1001081a f   LIBCMT:_trnsctrl_.obj
 0001:0000f821       ?_CallSETranslator@@YAHPAUEHExceptionRecord@@PAUEHRegistrationNode@@PAX2PBU_s_FuncInfo@@H1@Z 10010821 f   LIBCMT:_trnsctrl_.obj
 0001:0000f8f6       ?_GetRangeOfTrysToCheck@@YAPBU_s_TryBlockMapEntry@@PBU_s_FuncInfo@@HHPAI1@Z 100108f6 f   LIBCMT:_trnsctrl_.obj
 0001:0000f972       ?_JumpToContinuation@@YGXPAXPAUEHRegistrationNode@@@Z 10010972 f   LIBCMT:_trnsctrl_.obj
 0001:0000f9a2       ?_UnwindNestedFrames@@YGXPAUEHRegistrationNode@@PAUEHExceptionRecord@@@Z 100109a2 f   LIBCMT:_trnsctrl_.obj
 0001:0000f9f5       __CreateFrameInfo          100109f5 f   LIBCMT:_trnsctrl_.obj
 0001:0000fa1f       __FindAndUnlinkFrame       10010a1f f   LIBCMT:_trnsctrl_.obj
 0001:0000fa6f       __IsExceptionObjectToBeDestroyed 10010a6f f   LIBCMT:_trnsctrl_.obj
 0001:0000fa98       ___CxxFrameHandler3        10010a98 f   LIBCMT:_trnsctrl_.obj
 0001:0000face       _iswctype                  10010ace f   LIBCMT:iswctype.obj
 0001:0000fb20       __wchartodigit             10010b20 f   LIBCMT:wchtodig.obj
 0001:0000fcbf       ___addlocaleref            10010cbf f   LIBCMT:localref.obj
 0001:0000fd4f       ___freetlocinfo            10010d4f f   LIBCMT:localref.obj
 0001:0000fea9       ___removelocaleref         10010ea9 f   LIBCMT:localref.obj
 0001:0000ff44       ___updatetlocinfo          10010f44 f   LIBCMT:localref.obj
 0001:0000ffc4       __updatetlocinfoEx_nolock  10010fc4 f   LIBCMT:localref.obj
 0001:0001000f       ___initmbctable            1001100f f   LIBCMT:mbctype.obj
 0001:000102ca       ___updatetmbcinfo          100112ca f   LIBCMT:mbctype.obj
 0001:00010372       __setmbcp                  10011372 f   LIBCMT:mbctype.obj
 0001:00010520       __setmbcp_nolock           10011520 f   LIBCMT:mbctype.obj
 0001:00010713       __towlower_l               10011713 f   LIBCMT:towlower.obj
 0001:000107c5       __freefls@4                100117c5 f   LIBCMT:tidtable.obj
 0001:000108fc       __freeptd                  100118fc f   LIBCMT:tidtable.obj
 0001:00010932       __getptd                   10011932 f   LIBCMT:tidtable.obj
 0001:0001094a       __getptd_noexit            1001194a f   LIBCMT:tidtable.obj
 0001:000109b9       __initptd                  100119b9 f   LIBCMT:tidtable.obj
 0001:00010a6c       __mtinit                   10011a6c f   LIBCMT:tidtable.obj
 0001:00010ae2       __mtterm                   10011ae2 f   LIBCMT:tidtable.obj
 0001:00010aff       __locterm                  10011aff f   LIBCMT:wsetloca.obj
 0001:00010b51       __crt_debugger_hook        10011b51 f   LIBCMT:dbghook.obj
 0001:00010b59       ___crtFlsAlloc             10011b59 f   LIBCMT:winapisupp.obj
 0001:00010b77       ___crtFlsFree              10011b77 f   LIBCMT:winapisupp.obj
 0001:00010b96       ___crtFlsGetValue          10011b96 f   LIBCMT:winapisupp.obj
 0001:00010bb5       ___crtFlsSetValue          10011bb5 f   LIBCMT:winapisupp.obj
 0001:00010bd7       ___crtInitializeCriticalSectionEx 10011bd7 f   LIBCMT:winapisupp.obj
 0001:00010c05       ___crtIsPackagedApp        10011c05 f   LIBCMT:winapisupp.obj
 0001:00010c43       ___crtLoadWinApiPointers   10011c43 f   LIBCMT:winapisupp.obj
 0001:00010ece       ___crtSleep                10011ece f   LIBCMT:winapisupp.obj
 0001:00010edc       ___crtTerminateProcess     10011edc f   LIBCMT:winapisupp.obj
 0001:00010ef1       ___crtUnhandledException   10011ef1 f   LIBCMT:winapisupp.obj
 0001:00010f07       __heap_init                10011f07 f   LIBCMT:heapinit.obj
 0001:00010f1c       __heap_term                10011f1c f   LIBCMT:heapinit.obj
 0001:00010f24       __FF_MSGBANNER             10011f24 f   LIBCMT:crt0msg.obj
 0001:00010f5d       __GET_RTERRMSG             10011f5d f   LIBCMT:crt0msg.obj
 0001:00010f81       __NMSG_WRITE               10011f81 f   LIBCMT:crt0msg.obj
 0001:00011140       __aulldvrm                 10012140 f   LIBCMT:ulldvrm.obj
 0001:000111d5       __XcptFilter               100121d5 f   LIBCMT:winxfltr.obj
 0001:00011330       ___CppXcptFilter           10012330 f   LIBCMT:winxfltr.obj
 0001:0001134e       __ioinit                   1001234e f   LIBCMT:ioinit.obj
 0001:00011602       __ioterm                   10012602 f   LIBCMT:ioinit.obj
 0001:00011654       __setargv                  10012654 f   LIBCMT:stdargv.obj
 0001:00011881       __setenvp                  10012881 f   LIBCMT:stdenvp.obj
 0001:00011962       ___security_init_cookie    10012962 f   LIBCMT:gs_support.obj
 0001:000119fc       ___crtGetEnvironmentStringsA 100129fc f   LIBCMT:a_env.obj
 0001:00011a87       __RTC_Initialize           10012a87 f   LIBCMT:initsect.obj
 0001:00011aa7       __RTC_Terminate            10012aa7 f   LIBCMT:initsect.obj
 0001:00011ad0       __chkstk                   10012ad0 f   LIBCMT:chkstk.obj
 0001:00011ad0       __alloca_probe             10012ad0 f   LIBCMT:chkstk.obj
 0001:00011b00       __FindPESection            10012b00 f   LIBCMT:pesect.obj
 0001:00011b50       __IsNonwritableInCurrentImage 10012b50 f   LIBCMT:pesect.obj
 0001:00011c10       __ValidateImageBase        10012c10 f   LIBCMT:pesect.obj
 0001:00011c50       __local_unwind4            10012c50 f   LIBCMT:exsup4.obj
 0001:00011d26       __seh_longjmp_unwind4@4    10012d26 f   LIBCMT:exsup4.obj
 0001:00011d42       @_EH4_CallFilterFunc@8     10012d42 f   LIBCMT:exsup4.obj
 0001:00011d59       @_EH4_TransferToHandler@8  10012d59 f   LIBCMT:exsup4.obj
 0001:00011d72       @_EH4_GlobalUnwind2@8      10012d72 f   LIBCMT:exsup4.obj
 0001:00011d8b       @_EH4_LocalUnwind@16       10012d8b f   LIBCMT:exsup4.obj
 0001:00011da2       __VEC_memset               10012da2 f   LIBCMT:p4_memset.obj
 0001:00011e6a       __cfltcvt                  10012e6a f   LIBCMT:cvt.obj
 0001:00011e8b       __cfltcvt_l                10012e8b f   LIBCMT:cvt.obj
 0001:00011f11       __cftoa_l                  10012f11 f   LIBCMT:cvt.obj
 0001:0001226b       __cftoe                    1001326b f   LIBCMT:cvt.obj
 0001:000123d8       __cftoe_l                  100133d8 f   LIBCMT:cvt.obj
 0001:0001258e       __cftof_l                  1001358e f   LIBCMT:cvt.obj
 0001:0001264d       __cftog_l                  1001364d f   LIBCMT:cvt.obj
 0001:0001274a       __cropzeros                1001374a f   LIBCMT:cvt.obj
 0001:0001275b       __cropzeros_l              1001375b f   LIBCMT:cvt.obj
 0001:000127d9       __fassign                  100137d9 f   LIBCMT:cvt.obj
 0001:000127f1       __fassign_l                100137f1 f   LIBCMT:cvt.obj
 0001:00012831       __forcdecpt                10013831 f   LIBCMT:cvt.obj
 0001:00012842       __forcdecpt_l              10013842 f   LIBCMT:cvt.obj
 0001:000128b4       __positive                 100138b4 f   LIBCMT:cvt.obj
 0001:000128f6       __setdefaultprecision      100138f6 f   LIBCMT:fp8.obj
 0001:0001291d       __initp_misc_cfltcvt_tab   1001391d f   LIBCMT:cmiscdat.obj
 0001:0001293c       _strcpy_s                  1001393c f   LIBCMT:strcpy_s.obj
 0001:000129a0       _strlen                    100139a0 f   LIBCMT:strlen.obj
 0001:00012a2b       __lock                     10013a2b f   LIBCMT:mlock.obj
 0001:00012a5f       __mtdeletelocks            10013a5f f   LIBCMT:mlock.obj
 0001:00012ab3       __mtinitlocknum            10013ab3 f   LIBCMT:mlock.obj
 0001:00012b5c       __mtinitlocks              10013b5c f   LIBCMT:mlock.obj
 0001:00012b95       __unlock                   10013b95 f   LIBCMT:mlock.obj
 0001:00012baa       ___initstdio               10013baa f   LIBCMT:_file.obj
 0001:00012c1d       ___endstdio                10013c1d f   LIBCMT:_file.obj
 0001:00012c44       ___iob_func                10013c44 f   LIBCMT:_file.obj
 0001:00012c4a       __lock_file                10013c4a f   LIBCMT:_file.obj
 0001:00012c89       __lock_file2               10013c89 f   LIBCMT:_file.obj
 0001:00012cb9       __unlock_file              10013cb9 f   LIBCMT:_file.obj
 0001:00012cf3       __unlock_file2             10013cf3 f   LIBCMT:_file.obj
 0001:00012d20       __fileno                   10013d20 f   LIBCMT:fileno.obj
 0001:00012d44       __isatty                   10013d44 f   LIBCMT:isatty.obj
 0001:00012d98       __write                    10013d98 f   LIBCMT:write.obj
 0001:00012e87       __write_nolock             10013e87 f   LIBCMT:write.obj
 0001:000136ea       __lseeki64                 100146ea f   LIBCMT:lseeki64.obj
 0001:000137e6       __lseeki64_nolock          100147e6 f   LIBCMT:lseeki64.obj
 0001:00013857       __getbuf                   10014857 f   LIBCMT:_getbuf.obj
 0001:0001389d       __woutput_s_l              1001489d f   LIBCMT:woutputs.obj
 0001:000145b4       __isleadbyte_l             100155b4 f i LIBCMT:_wctype.obj
 0001:000145ea       _isleadbyte                100155ea f i LIBCMT:_wctype.obj
 0001:000145fb       __get_printf_count_output  100155fb f   LIBCMT:printf.obj
 0001:00014610       __fputwc_nolock            10015610 f   LIBCMT:fputwc.obj
 0001:00014795       __mbtowc_l                 10015795 f   LIBCMT:mbtowc.obj
 0001:00014888       _mbtowc                    10015888 f   LIBCMT:mbtowc.obj
 0001:000148a0       ?_inconsistency@@YAXXZ     100158a0 f   LIBCMT:hooks.obj
 0001:000148d8       ?terminate@@YAXXZ          100158d8 f   LIBCMT:hooks.obj
 0001:0001490c       ?unexpected@@YAXXZ         1001590c f   LIBCMT:hooks.obj
 0001:0001491f       __initp_eh_hooks           1001591f f   LIBCMT:hooks.obj
 0001:00014930       ___get_sigabrt             10015930 f   LIBCMT:winsig.obj
 0001:0001493d       __initp_misc_winsig        1001593d f   LIBCMT:winsig.obj
 0001:00014959       _raise                     10015959 f   LIBCMT:winsig.obj
 0001:00014b4e       __initp_misc_rand_s        10015b4e f   LIBCMT:rand_s.obj
 0001:00014b5b       _realloc                   10015b5b f   LIBCMT:realloc.obj
 0001:00014c06       __calloc_impl              10015c06 f   LIBCMT:calloc_impl.obj
 0001:00014c80       __freea                    10015c80 f i LIBCMT:a_loc.obj
 0001:00014c9e       _GetTableIndexFromLocaleName 10015c9e f   LIBCMT:winapinls.obj
 0001:00014cec       ___crtDownlevelLocaleNameToLCID 10015cec f   LIBCMT:winapinls.obj
 0001:00014d16       ___crtLCMapStringEx        10015d16 f   LIBCMT:winapinls.obj
 0001:00014d62       ___wcsnicmp_ascii          10015d62 f   LIBCMT:winapinls.obj
 0001:00014dd0       __CallSettingFrame@12      10015dd0 f   LIBCMT:lowhelpr.obj
 0001:00014df7       __NLG_Return               10015df7     LIBCMT:lowhelpr.obj
 0001:00014e1c       ___DestructExceptionObject 10015e1c f   LIBCMT:frame.obj
 0001:00014ea7       ??0bad_exception@std@@QAE@ABV01@@Z 10015ea7 f i LIBCMT:frame.obj
 0001:00014ec2       ??1bad_exception@std@@UAE@XZ 10015ec2 f i LIBCMT:frame.obj
 0001:00014ecd       ??_Gbad_exception@std@@UAEPAXI@Z 10015ecd f i LIBCMT:frame.obj
 0001:00014ecd       ??_Ebad_exception@std@@UAEPAXI@Z 10015ecd f i LIBCMT:frame.obj
 0001:000156fb       ___AdjustPointer           100166fb f   LIBCMT:frame.obj
 0001:00015720       ___BuildCatchObject        10016720 f   LIBCMT:frame.obj
 0001:000157ae       ___BuildCatchObjectHelper  100167ae f   LIBCMT:frame.obj
 0001:00015970       ___FrameUnwindFilter       10016970 f   LIBCMT:frame.obj
 0001:000159be       ___FrameUnwindToState      100169be f   LIBCMT:frame.obj
 0001:00015a97       ___InternalCxxFrameHandler 10016a97 f   LIBCMT:frame.obj
 0001:00015b76       ___TypeMatch               10016b76 f   LIBCMT:frame.obj
 0001:00015bdd       ___free_lconv_mon          10016bdd f   LIBCMT:initmon.obj
 0001:00015cd9       ___free_lconv_num          10016cd9 f   LIBCMT:initnum.obj
 0001:00015d40       ___free_lc_time            10016d40 f   LIBCMT:inittime.obj
 0001:000162c2       ___crtLCMapStringA         100172c2 f   LIBCMT:a_map.obj
 0001:000163fc       ___crtGetStringTypeA       100173fc f   LIBCMT:a_str.obj
 0001:0001643a       ___crtLCMapStringW         1001743a f   LIBCMT:w_map.obj
 0001:00016469       _wcscat_s                  10017469 f   LIBCMT:wcscat_s.obj
 0001:000164d5       _wcslen                    100174d5 f   LIBCMT:wcslen.obj
 0001:000164ee       _wcsnlen                   100174ee f   LIBCMT:wcslen_s.obj
 0001:0001650d       __atodbl_l                 1001750d f   LIBCMT:atodbl.obj
 0001:00016599       __atoflt_l                 10017599 f   LIBCMT:atodbl.obj
 0001:00016630       __allmul                   10017630 f   LIBCMT:llmul.obj
 0001:00016664       __set_error_mode           10017664 f   LIBCMT:errmode.obj
 0001:000166a4       ___crtMessageBoxW          100176a4 f   LIBCMT:crtmboxw.obj
 0001:000168de       __ismbblead                100178de f   LIBCMT:ismbbyte.obj
 0001:00016900       __global_unwind2           10017900 f   LIBCMT:exsup.obj
 0001:00016965       __local_unwind2            10017965 f   LIBCMT:exsup.obj
 0001:000169e9       __abnormal_termination     100179e9 f   LIBCMT:exsup.obj
 0001:00016a0c       __NLG_Notify1              10017a0c f   LIBCMT:exsup.obj
 0001:00016a15       __NLG_Notify               10017a15 f   LIBCMT:exsup.obj
 0001:00016a2c       __NLG_Dispatch2            10017a2c     LIBCMT:exsup.obj
 0001:00016a2c       __NLG_Dispatch             10017a2c     LIBCMT:exsup.obj
 0001:00016a34       __NLG_Call                 10017a34 f   LIBCMT:exsup.obj
 0001:00016a36       __NLG_Return2              10017a36     LIBCMT:exsup.obj
 0001:00016a37       __isdigit_l                10017a37 f i LIBCMT:_ctype.obj
 0001:00016a87       _isdigit                   10017a87 f i LIBCMT:_ctype.obj
 0001:00016ab2       __tolower_l                10017ab2 f   LIBCMT:tolower.obj
 0001:00016bf3       _tolower                   10017bf3 f   LIBCMT:tolower.obj
 0001:00016c20       _strrchr                   10017c20 f   LIBCMT:strrchr.obj
 0001:00016d57       __fptostr                  10017d57 f   LIBCMT:_fptostr.obj
 0001:00016e07       ___dtold                   10017e07 f   LIBCMT:cfout.obj
 0001:00016ecd       __fltout2                  10017ecd f   LIBCMT:cfout.obj
 0001:00016f60       __alldvrm                  10017f60 f   LIBCMT:lldvrm.obj
 0001:00017040       __aullshr                  10018040 f   LIBCMT:ullshr.obj
 0001:0001705f       __controlfp_s              1001805f f   LIBCMT:contrlfp.obj
 0001:000170bc       __fptrap                   100180bc f   LIBCMT:crt0fp.obj
 0001:000170c5       __fcloseall                100180c5 f   LIBCMT:closeall.obj
 0001:00017162       __fflush_nolock            10018162 f   LIBCMT:fflush.obj
 0001:000171a8       __flush                    100181a8 f   LIBCMT:fflush.obj
 0001:0001720c       __flushall                 1001820c f   LIBCMT:fflush.obj
 0001:000172f9       ___lock_fhandle            100182f9 f   LIBCMT:osfinfo.obj
 0001:00017387       __free_osfhnd              10018387 f   LIBCMT:osfinfo.obj
 0001:0001740d       __get_osfhandle            1001840d f   LIBCMT:osfinfo.obj
 0001:00017474       __unlock_fhandle           10018474 f   LIBCMT:osfinfo.obj
 0001:0001749a       __putwch_nolock            1001849a f   LIBCMT:putwch.obj
 0001:000174db       __wctomb_s_l               100184db f   LIBCMT:wctomb.obj
 0001:000175fd       _wctomb_s                  100185fd f   LIBCMT:wctomb.obj
 0001:00017618       __flswbuf                  10018618 f   LIBCMT:_flswbuf.obj
 0001:00017778       ?_ValidateWrite@@YAHPAXI@Z 10018778 f   LIBCMT:validate.obj
 0001:00017778       ?_ValidateRead@@YAHPBXI@Z  10018778 f   LIBCMT:validate.obj
 0001:00017778       ?_ValidateExecute@@YAHP6GHXZ@Z 10018778 f   LIBCMT:validate.obj
 0001:00017790       __ld12tod                  10018790 f   LIBCMT:intrncvt.obj
 0001:00017d00       __ld12tof                  10018d00 f   LIBCMT:intrncvt.obj
 0001:00018270       ___strgtold12_l            10019270 f   LIBCMT:strgtold.obj
 0001:00018a18       __isctype_l                10019a18 f   LIBCMT:isctype.obj
 0001:00018ac7       _$I10_OUTPUT               10019ac7 f   LIBCMT:x10fout.obj
 0001:00019542       __control87                1001a542 f i LIBCMT:ieee87.obj
 0001:000198d9       __fclose_nolock            1001a8d9 f   LIBCMT:fclose.obj
 0001:00019945       _fclose                    1001a945 f   LIBCMT:fclose.obj
 0001:000199bc       __commit                   1001a9bc f   LIBCMT:commit.obj
 0001:00019aa5       ___termconout              1001aaa5 f   LIBCMT:initcon.obj
 0001:00019abc       ___initconout              1001aabc f   LIBCMT:initcon.obj
 0001:00019adb       ___mtold12                 1001aadb f   LIBCMT:mantold.obj
 0001:00019cb9       ___set_fpsr_sse2           1001acb9 f   LIBCMT:fpctrl.obj
 0001:00019d2f       __close                    1001ad2f f   LIBCMT:close.obj
 0001:00019e0a       __close_nolock             1001ae0a f   LIBCMT:close.obj
 0001:00019ea4       __freebuf                  1001aea4 f   LIBCMT:_freebuf.obj
 0001:00019ed4       ?_Syserror_map@std@@YAPBDH@Z 1001aed4 f   libcpmt:syserror.obj
 0001:00019efe       ?_Winerror_map@std@@YAPBDH@Z 1001aefe f   libcpmt:syserror.obj
 0001:00019f28       ??0length_error@std@@QAE@ABV01@@Z 1001af28 f i libcpmt:xthrow.obj
 0001:00019f43       ??0logic_error@std@@QAE@ABV01@@Z 1001af43 f i libcpmt:xthrow.obj
 0001:00019f5e       ??0out_of_range@std@@QAE@ABV01@@Z 1001af5e f i libcpmt:xthrow.obj
 0001:00019f79       ??1out_of_range@std@@UAE@XZ 1001af79 f i libcpmt:xthrow.obj
 0001:00019f79       ??1length_error@std@@UAE@XZ 1001af79 f i libcpmt:xthrow.obj
 0001:00019f7e       ??_Gout_of_range@std@@UAEPAXI@Z 1001af7e f i libcpmt:xthrow.obj
 0001:00019f7e       ??_Glogic_error@std@@UAEPAXI@Z 1001af7e f i libcpmt:xthrow.obj
 0001:00019f7e       ??_Elogic_error@std@@UAEPAXI@Z 1001af7e f i libcpmt:xthrow.obj
 0001:00019f7e       ??_Elength_error@std@@UAEPAXI@Z 1001af7e f i libcpmt:xthrow.obj
 0001:00019f7e       ??_Glength_error@std@@UAEPAXI@Z 1001af7e f i libcpmt:xthrow.obj
 0001:00019f7e       ??_Eout_of_range@std@@UAEPAXI@Z 1001af7e f i libcpmt:xthrow.obj
 0001:00019f9d       ?_Xbad_alloc@std@@YAXXZ    1001af9d f   libcpmt:xthrow.obj
 0001:00019fce       ?_Xlength_error@std@@YAXPBD@Z 1001afce f   libcpmt:xthrow.obj
 0001:00019ffc       ?_Xout_of_range@std@@YAXPBD@Z 1001affc f   libcpmt:xthrow.obj
 0001:0001a02a       _IsProcessorFeaturePresent@4 1001b02a f   kernel32:KERNEL32.dll
 0001:0001a030       _RtlUnwind@16              1001b030 f   kernel32:KERNEL32.dll
 0002:00000000       __imp__RegCreateKeyExW@36  1001c000     advapi32:ADVAPI32.dll
 0002:00000004       __imp__RegOpenKeyExW@20    1001c004     advapi32:ADVAPI32.dll
 0002:00000008       __imp__RegCloseKey@4       1001c008     advapi32:ADVAPI32.dll
 0002:0000000c       __imp__RegDeleteKeyW@8     1001c00c     advapi32:ADVAPI32.dll
 0002:00000010       __imp__RegSetValueExW@24   1001c010     advapi32:ADVAPI32.dll
 0002:00000014       __imp__RegEnumKeyW@16      1001c014     advapi32:ADVAPI32.dll
 0002:00000018       __imp__RegGetValueW@28     1001c018     advapi32:ADVAPI32.dll
 0002:0000001c       __imp__RegQueryValueExW@24 1001c01c     advapi32:ADVAPI32.dll
 0002:00000020       \177ADVAPI32_NULL_THUNK_DATA 1001c020     advapi32:ADVAPI32.dll
 0002:00000024       __imp__CryptBinaryToStringW@20 1001c024     crypt32:CRYPT32.dll
 0002:00000028       __imp__CertCompareCertificateName@12 1001c028     crypt32:CRYPT32.dll
 0002:0000002c       __imp__CertNameToStrW@20   1001c02c     crypt32:CRYPT32.dll
 0002:00000030       __imp__CertGetNameStringW@24 1001c030     crypt32:CRYPT32.dll
 0002:00000034       __imp__CryptStringToBinaryW@28 1001c034     crypt32:CRYPT32.dll
 0002:00000038       __imp__CertDuplicateCertificateContext@4 1001c038     crypt32:CRYPT32.dll
 0002:0000003c       __imp__CertDuplicateStore@4 1001c03c     crypt32:CRYPT32.dll
 0002:00000040       __imp__CertEnumCertificatesInStore@8 1001c040     crypt32:CRYPT32.dll
 0002:00000044       __imp__CertGetCertificateContextProperty@16 1001c044     crypt32:CRYPT32.dll
 0002:00000048       __imp__CertCloseStore@8    1001c048     crypt32:CRYPT32.dll
 0002:0000004c       __imp__CertFindCertificateInStore@24 1001c04c     crypt32:CRYPT32.dll
 0002:00000050       __imp__CertCompareCertificate@12 1001c050     crypt32:CRYPT32.dll
 0002:00000054       __imp__CertFreeCertificateContext@4 1001c054     crypt32:CRYPT32.dll
 0002:00000058       __imp__CryptProtectData@28 1001c058     crypt32:CRYPT32.dll
 0002:0000005c       __imp__CertOpenSystemStoreW@8 1001c05c     crypt32:CRYPT32.dll
 0002:00000060       __imp__CryptUnprotectData@28 1001c060     crypt32:CRYPT32.dll
 0002:00000064       \177CRYPT32_NULL_THUNK_DATA 1001c064     crypt32:CRYPT32.dll
 0002:00000068       __imp__CryptUIDlgViewCertificateW@8 1001c068     cryptui:CRYPTUI.dll
 0002:0000006c       \177CRYPTUI_NULL_THUNK_DATA 1001c06c     cryptui:CRYPTUI.dll
 0002:00000070       __imp__LoadLibraryW@4      1001c070     kernel32:KERNEL32.dll
 0002:00000074       __imp__GetModuleFileNameW@12 1001c074     kernel32:KERNEL32.dll
 0002:00000078       __imp__GetLastError@0      1001c078     kernel32:KERNEL32.dll
 0002:0000007c       __imp__SetLastError@4      1001c07c     kernel32:KERNEL32.dll
 0002:00000080       __imp__GetProcAddress@8    1001c080     kernel32:KERNEL32.dll
 0002:00000084       __imp__DisableThreadLibraryCalls@4 1001c084     kernel32:KERNEL32.dll
 0002:00000088       __imp__LocalAlloc@8        1001c088     kernel32:KERNEL32.dll
 0002:0000008c       __imp__GetModuleHandleA@4  1001c08c     kernel32:KERNEL32.dll
 0002:00000090       __imp__OutputDebugStringA@4 1001c090     kernel32:KERNEL32.dll
 0002:00000094       __imp__LoadLibraryA@4      1001c094     kernel32:KERNEL32.dll
 0002:00000098       __imp__InitializeCriticalSection@4 1001c098     kernel32:KERNEL32.dll
 0002:0000009c       __imp__GetDateFormatW@24   1001c09c     kernel32:KERNEL32.dll
 0002:000000a0       __imp__SystemTimeToFileTime@8 1001c0a0     kernel32:KERNEL32.dll
 0002:000000a4       __imp__CompareFileTime@8   1001c0a4     kernel32:KERNEL32.dll
 0002:000000a8       __imp__FileTimeToSystemTime@8 1001c0a8     kernel32:KERNEL32.dll
 0002:000000ac       __imp__FileTimeToLocalFileTime@8 1001c0ac     kernel32:KERNEL32.dll
 0002:000000b0       __imp__GetSystemTime@4     1001c0b0     kernel32:KERNEL32.dll
 0002:000000b4       __imp__EnumResourceNamesW@16 1001c0b4     kernel32:KERNEL32.dll
 0002:000000b8       __imp__FindResourceExW@16  1001c0b8     kernel32:KERNEL32.dll
 0002:000000bc       __imp__LoadResource@8      1001c0bc     kernel32:KERNEL32.dll
 0002:000000c0       __imp__GetUserDefaultLangID@0 1001c0c0     kernel32:KERNEL32.dll
 0002:000000c4       __imp__LeaveCriticalSection@4 1001c0c4     kernel32:KERNEL32.dll
 0002:000000c8       __imp__SetThreadLocale@4   1001c0c8     kernel32:KERNEL32.dll
 0002:000000cc       __imp__GetThreadLocale@0   1001c0cc     kernel32:KERNEL32.dll
 0002:000000d0       __imp__EnterCriticalSection@4 1001c0d0     kernel32:KERNEL32.dll
 0002:000000d4       __imp__DeleteCriticalSection@4 1001c0d4     kernel32:KERNEL32.dll
 0002:000000d8       __imp__GetModuleHandleW@4  1001c0d8     kernel32:KERNEL32.dll
 0002:000000dc       __imp__FlushFileBuffers@4  1001c0dc     kernel32:KERNEL32.dll
 0002:000000e0       __imp__WriteConsoleW@20    1001c0e0     kernel32:KERNEL32.dll
 0002:000000e4       __imp__SetStdHandle@8      1001c0e4     kernel32:KERNEL32.dll
 0002:000000e8       __imp__OutputDebugStringW@4 1001c0e8     kernel32:KERNEL32.dll
 0002:000000ec       __imp__LCMapStringW@24     1001c0ec     kernel32:KERNEL32.dll
 0002:000000f0       __imp__HeapReAlloc@16      1001c0f0     kernel32:KERNEL32.dll
 0002:000000f4       __imp__LoadLibraryExW@12   1001c0f4     kernel32:KERNEL32.dll
 0002:000000f8       __imp__SetFilePointerEx@20 1001c0f8     kernel32:KERNEL32.dll
 0002:000000fc       __imp__GetConsoleMode@8    1001c0fc     kernel32:KERNEL32.dll
 0002:00000100       __imp__GetConsoleCP@0      1001c100     kernel32:KERNEL32.dll
 0002:00000104       __imp__FreeEnvironmentStringsW@4 1001c104     kernel32:KERNEL32.dll
 0002:00000108       __imp__GetEnvironmentStringsW@0 1001c108     kernel32:KERNEL32.dll
 0002:0000010c       __imp__GetSystemTimeAsFileTime@4 1001c10c     kernel32:KERNEL32.dll
 0002:00000110       __imp__GetCurrentProcessId@0 1001c110     kernel32:KERNEL32.dll
 0002:00000114       __imp__QueryPerformanceCounter@4 1001c114     kernel32:KERNEL32.dll
 0002:00000118       __imp__GetModuleFileNameA@12 1001c118     kernel32:KERNEL32.dll
 0002:0000011c       __imp__GetFileType@4       1001c11c     kernel32:KERNEL32.dll
 0002:00000120       __imp__LocalFree@4         1001c120     kernel32:KERNEL32.dll
 0002:00000124       __imp__GetProcessHeap@0    1001c124     kernel32:KERNEL32.dll
 0002:00000128       __imp__HeapFree@12         1001c128     kernel32:KERNEL32.dll
 0002:0000012c       __imp__HeapAlloc@12        1001c12c     kernel32:KERNEL32.dll
 0002:00000130       __imp__WriteFile@20        1001c130     kernel32:KERNEL32.dll
 0002:00000134       __imp__GetStdHandle@4      1001c134     kernel32:KERNEL32.dll
 0002:00000138       __imp__CreateFileW@28      1001c138     kernel32:KERNEL32.dll
 0002:0000013c       __imp__FreeLibrary@4       1001c13c     kernel32:KERNEL32.dll
 0002:00000140       __imp__GetStartupInfoW@4   1001c140     kernel32:KERNEL32.dll
 0002:00000144       __imp__TlsFree@4           1001c144     kernel32:KERNEL32.dll
 0002:00000148       __imp__TlsSetValue@8       1001c148     kernel32:KERNEL32.dll
 0002:0000014c       __imp__TlsGetValue@4       1001c14c     kernel32:KERNEL32.dll
 0002:00000150       __imp__TlsAlloc@0          1001c150     kernel32:KERNEL32.dll
 0002:00000154       __imp__TerminateProcess@8  1001c154     kernel32:KERNEL32.dll
 0002:00000158       __imp__GetCurrentProcess@0 1001c158     kernel32:KERNEL32.dll
 0002:0000015c       __imp__CloseHandle@4       1001c15c     kernel32:KERNEL32.dll
 0002:00000160       __imp__Sleep@4             1001c160     kernel32:KERNEL32.dll
 0002:00000164       __imp__InitializeCriticalSectionAndSpinCount@8 1001c164     kernel32:KERNEL32.dll
 0002:00000168       __imp__SetUnhandledExceptionFilter@4 1001c168     kernel32:KERNEL32.dll
 0002:0000016c       __imp__UnhandledExceptionFilter@4 1001c16c     kernel32:KERNEL32.dll
 0002:00000170       __imp__GetCPInfo@8         1001c170     kernel32:KERNEL32.dll
 0002:00000174       __imp__GetOEMCP@0          1001c174     kernel32:KERNEL32.dll
 0002:00000178       __imp__GetACP@0            1001c178     kernel32:KERNEL32.dll
 0002:0000017c       __imp__IsValidCodePage@4   1001c17c     kernel32:KERNEL32.dll
 0002:00000180       __imp__EncodePointer@4     1001c180     kernel32:KERNEL32.dll
 0002:00000184       __imp__DecodePointer@4     1001c184     kernel32:KERNEL32.dll
 0002:00000188       __imp__IsDebuggerPresent@0 1001c188     kernel32:KERNEL32.dll
 0002:0000018c       __imp__IsProcessorFeaturePresent@4 1001c18c     kernel32:KERNEL32.dll
 0002:00000190       __imp__GetCommandLineA@0   1001c190     kernel32:KERNEL32.dll
 0002:00000194       __imp__GetCurrentThreadId@0 1001c194     kernel32:KERNEL32.dll
 0002:00000198       __imp__RaiseException@16   1001c198     kernel32:KERNEL32.dll
 0002:0000019c       __imp__InterlockedDecrement@4 1001c19c     kernel32:KERNEL32.dll
 0002:000001a0       __imp__ExitProcess@4       1001c1a0     kernel32:KERNEL32.dll
 0002:000001a4       __imp__GetModuleHandleExW@12 1001c1a4     kernel32:KERNEL32.dll
 0002:000001a8       __imp__MultiByteToWideChar@24 1001c1a8     kernel32:KERNEL32.dll
 0002:000001ac       __imp__WideCharToMultiByte@32 1001c1ac     kernel32:KERNEL32.dll
 0002:000001b0       __imp__HeapSize@12         1001c1b0     kernel32:KERNEL32.dll
 0002:000001b4       __imp__RtlUnwind@16        1001c1b4     kernel32:KERNEL32.dll
 0002:000001b8       __imp__GetStringTypeW@16   1001c1b8     kernel32:KERNEL32.dll
 0002:000001bc       __imp__InterlockedIncrement@4 1001c1bc     kernel32:KERNEL32.dll
 0002:000001c0       \177KERNEL32_NULL_THUNK_DATA 1001c1c0     kernel32:KERNEL32.dll
 0002:000001c4       __imp__SysFreeString@4     1001c1c4     oleaut32:OLEAUT32.dll
 0002:000001c8       __imp__SysStringByteLen@4  1001c1c8     oleaut32:OLEAUT32.dll
 0002:000001cc       __imp__VariantInit@4       1001c1cc     oleaut32:OLEAUT32.dll
 0002:000001d0       __imp__SysAllocStringByteLen@8 1001c1d0     oleaut32:OLEAUT32.dll
 0002:000001d4       __imp__VariantClear@4      1001c1d4     oleaut32:OLEAUT32.dll
 0002:000001d8       __imp__SysAllocString@4    1001c1d8     oleaut32:OLEAUT32.dll
 0002:000001dc       __imp__SysStringLen@4      1001c1dc     oleaut32:OLEAUT32.dll
 0002:000001e0       \177OLEAUT32_NULL_THUNK_DATA 1001c1e0     oleaut32:OLEAUT32.dll
 0002:000001e4       __imp__UuidToStringW@8     1001c1e4     rpcrt4:RPCRT4.dll
 0002:000001e8       __imp__RpcStringFreeW@4    1001c1e8     rpcrt4:RPCRT4.dll
 0002:000001ec       \177RPCRT4_NULL_THUNK_DATA 1001c1ec     rpcrt4:RPCRT4.dll
 0002:000001f0       __imp__MessageBoxW@16      1001c1f0     user32:USER32.dll
 0002:000001f4       __imp__LoadStringW@16      1001c1f4     user32:USER32.dll
 0002:000001f8       __imp__EnableWindow@8      1001c1f8     user32:USER32.dll
 0002:000001fc       __imp__SetWindowTextW@8    1001c1fc     user32:USER32.dll
 0002:00000200       __imp__GetPropW@8          1001c200     user32:USER32.dll
 0002:00000204       __imp__GetWindowLongW@8    1001c204     user32:USER32.dll
 0002:00000208       __imp__GetWindowTextLengthW@4 1001c208     user32:USER32.dll
 0002:0000020c       __imp__GetFocus@0          1001c20c     user32:USER32.dll
 0002:00000210       __imp__SetWindowLongW@12   1001c210     user32:USER32.dll
 0002:00000214       __imp__UpdateWindow@4      1001c214     user32:USER32.dll
 0002:00000218       __imp__GetClientRect@8     1001c218     user32:USER32.dll
 0002:0000021c       __imp__SendMessageW@16     1001c21c     user32:USER32.dll
 0002:00000220       __imp__GetWindowTextW@12   1001c220     user32:USER32.dll
 0002:00000224       __imp__GetWindow@8         1001c224     user32:USER32.dll
 0002:00000228       __imp__InvalidateRect@12   1001c228     user32:USER32.dll
 0002:0000022c       __imp__EndDialog@8         1001c22c     user32:USER32.dll
 0002:00000230       __imp__CheckDlgButton@12   1001c230     user32:USER32.dll
 0002:00000234       __imp__ShowWindow@8        1001c234     user32:USER32.dll
 0002:00000238       __imp__IsDlgButtonChecked@8 1001c238     user32:USER32.dll
 0002:0000023c       __imp__RemovePropW@8       1001c23c     user32:USER32.dll
 0002:00000240       __imp__PostMessageW@16     1001c240     user32:USER32.dll
 0002:00000244       __imp__DialogBoxParamW@20  1001c244     user32:USER32.dll
 0002:00000248       __imp__GetParent@4         1001c248     user32:USER32.dll
 0002:0000024c       __imp__SetPropW@12         1001c24c     user32:USER32.dll
 0002:00000250       __imp__GetDlgItem@8        1001c250     user32:USER32.dll
 0002:00000254       \177USER32_NULL_THUNK_DATA 1001c254     user32:USER32.dll
 0002:00000258       __imp__StringFromCLSID@8   1001c258     ole32:ole32.dll
 0002:0000025c       __imp__CLSIDFromString@8   1001c25c     ole32:ole32.dll
 0002:00000260       __imp__StringFromIID@8     1001c260     ole32:ole32.dll
 0002:00000264       __imp__CoTaskMemFree@4     1001c264     ole32:ole32.dll
 0002:00000268       __imp__CoCreateInstance@20 1001c268     ole32:ole32.dll
 0002:0000026c       __imp__CoTaskMemAlloc@4    1001c26c     ole32:ole32.dll
 0002:00000270       \177ole32_NULL_THUNK_DATA  1001c270     ole32:ole32.dll
 0002:00000274       ___xc_a                    1001c274     LIBCMT:crt0init.obj
 0002:00000290       ___xc_z                    1001c290     LIBCMT:crt0init.obj
 0002:00000294       ___xi_a                    1001c294     LIBCMT:crt0init.obj
 0002:000002a8       ___xi_z                    1001c2a8     LIBCMT:crt0init.obj
[...]
 0004:0032b268       $R3138C8                   10354268     CCXExtUI.res
 0004:0032b3a0       $R313A00                   103543a0     CCXExtUI.res
 0004:0032b650       $R313CB0                   10354650     CCXExtUI.res
 0004:0032b7e8       $R313E48                   103547e8     CCXExtUI.res
 0004:0032b998       $R313FF8                   10354998     CCXExtUI.res
 0004:0032bb28       $R314188                   10354b28     CCXExtUI.res
 0004:0032bb78       $R3141D8                   10354b78     CCXExtUI.res
 0004:0032c0d8       $R314738                   103550d8     CCXExtUI.res
 0004:0032c400       $R314A60                   10355400     CCXExtUI.res
 0004:0032c620       $R314C80                   10355620     CCXExtUI.res
 0004:0032c8a8       $R314F08                   103558a8     CCXExtUI.res
 0004:0032ccd0       $R315330                   10355cd0     CCXExtUI.res
 0004:0032d160       $R3157C0                   10356160     CCXExtUI.res
 0004:0032d488       $R315AE8                   10356488     CCXExtUI.res
 0004:0032d9d0       $R316030                   103569d0     CCXExtUI.res
 0004:0032e1f8       $R316858                   103571f8     CCXExtUI.res
 0004:0032e5c8       $R316C28                   103575c8     CCXExtUI.res
 0004:0032eb18       $R317178                   10357b18     CCXExtUI.res
 0004:0032efa0       $R317600                   10357fa0     CCXExtUI.res
 0004:0032f410       $R317A70                   10358410     CCXExtUI.res
 0004:0032f918       $R317F78                   10358918     CCXExtUI.res
 0004:0032fb70       $R3181D0                   10358b70     CCXExtUI.res
 0004:00330138       $R318798                   10359138     CCXExtUI.res
 0004:00330288       $R3188E8                   10359288     CCXExtUI.res
 0004:00330828       $R318E88                   10359828     CCXExtUI.res
 0004:00330a50       $R3190B0                   10359a50     CCXExtUI.res
 0004:00330bd8       $R319238                   10359bd8     CCXExtUI.res
 0004:00331058       $R3196B8                   1035a058     CCXExtUI.res
 0004:003314f8       $R319B58                   1035a4f8     CCXExtUI.res
 0004:003319a0       $R31A000                   1035a9a0     CCXExtUI.res
 0004:00331c88       $R31A2E8                   1035ac88     CCXExtUI.res
 0004:003323f8       $R31AA58                   1035b3f8     CCXExtUI.res
 0004:00332a40       $R31B0A0                   1035ba40     CCXExtUI.res
 0004:00332fb8       $R31B618                   1035bfb8     CCXExtUI.res
 0004:00333288       $R31B8E8                   1035c288     CCXExtUI.res
 0004:00333a20       $R31C080                   1035ca20     CCXExtUI.res
 0004:00333d08       $R31C368                   1035cd08     CCXExtUI.res
 0004:00334018       $R31C678                   1035d018     CCXExtUI.res
 0004:00334290       $R31C8F0                   1035d290     CCXExtUI.res
 0004:00334578       $R31CBD8                   1035d578     CCXExtUI.res
 0004:00334dd0       $R31D430                   1035ddd0     CCXExtUI.res
 0004:003352e0       $R31D940                   1035e2e0     CCXExtUI.res
 0004:003355d0       $R31DC30                   1035e5d0     CCXExtUI.res
 0004:00335b08       $R31E168                   1035eb08     CCXExtUI.res
 0004:00335fb0       $R31E610                   1035efb0     CCXExtUI.res
 0004:003365b0       $R31EC10                   1035f5b0     CCXExtUI.res
 0004:00336970       $R31EFD0                   1035f970     CCXExtUI.res
 0004:00336df8       $R31F458                   1035fdf8     CCXExtUI.res
 0004:003371c8       $R31F828                   103601c8     CCXExtUI.res
 0004:003375a8       $R31FC08                   103605a8     CCXExtUI.res
 0004:00337988       $R31FFE8                   10360988     CCXExtUI.res
 0004:00337b50       $R3201B0                   10360b50     CCXExtUI.res
 0004:00337db0       $R320410                   10360db0     CCXExtUI.res
 0004:00338188       $R3207E8                   10361188     CCXExtUI.res
 0004:00338490       $R320AF0                   10361490     CCXExtUI.res
 0004:00338668       $R320CC8                   10361668     CCXExtUI.res
 0004:00338a30       $R321090                   10361a30     CCXExtUI.res
 0004:00339190       $R3217F0                   10362190     CCXExtUI.res
 0004:00339b70       $R3221D0                   10362b70     CCXExtUI.res
 0004:0033a030       $R322690                   10363030     CCXExtUI.res
 0004:0033a9e0       $R323040                   103639e0     CCXExtUI.res
 0004:0033af48       $R3235A8                   10363f48     CCXExtUI.res
 0004:0033b480       $R323AE0                   10364480     CCXExtUI.res
 0004:0033b870       $R323ED0                   10364870     CCXExtUI.res
 0004:0033bf88       $R3245E8                   10364f88     CCXExtUI.res
 0004:0033c800       $R324E60                   10365800     CCXExtUI.res
 0004:0033cb70       $R3251D0                   10365b70     CCXExtUI.res
 0004:0033d068       $R3256C8                   10366068     CCXExtUI.res
 0004:0033d428       $R325A88                   10366428     CCXExtUI.res
 0004:0033d9d8       $R326038                   103669d8     CCXExtUI.res
 0004:0033e028       $R326688                   10367028     CCXExtUI.res
 0004:0033e518       $R326B78                   10367518     CCXExtUI.res
 0004:0033ec58       $R3272B8                   10367c58     CCXExtUI.res
 0004:0033f0b8       $R327718                   103680b8     CCXExtUI.res
 0004:0033f548       $R327BA8                   10368548     CCXExtUI.res
 0004:0033fb60       $R3281C0                   10368b60     CCXExtUI.res
 0004:00340170       $R3287D0                   10369170     CCXExtUI.res
 0004:00340740       $R328DA0                   10369740     CCXExtUI.res
 0004:00340b18       $R329178                   10369b18     CCXExtUI.res
 0004:00340ba8       $R329208                   10369ba8     CCXExtUI.res
 0004:00340cf8       $R329358                   10369cf8     CCXExtUI.res
 0004:00340e28       $R329488                   10369e28     CCXExtUI.res
 0004:00340f90       $R3295F0                   10369f90     CCXExtUI.res
 0004:00341118       $R329778                   1036a118     CCXExtUI.res
 0004:003412e0       $R329940                   1036a2e0     CCXExtUI.res
 0004:00341430       $R329A90                   1036a430     CCXExtUI.res
 0004:00341530       $R329B90                   1036a530     CCXExtUI.res
 0004:00341688       $R329CE8                   1036a688     CCXExtUI.res
 0004:003417a8       $R329E08                   1036a7a8     CCXExtUI.res
 0004:003418f8       $R329F58                   1036a8f8     CCXExtUI.res
 0004:00341a20       $R32A080                   1036aa20     CCXExtUI.res
 0004:00341bd8       $R32A238                   1036abd8     CCXExtUI.res
 0004:00341d50       $R32A3B0                   1036ad50     CCXExtUI.res
 0004:00341f00       $R32A560                   1036af00     CCXExtUI.res
 0004:00342070       $R32A6D0                   1036b070     CCXExtUI.res
 0004:003420c8       $R32A728                   1036b0c8     CCXExtUI.res
 0004:003421f8       $R32A858                   1036b1f8     CCXExtUI.res
 0004:003426c0       $R32AD20                   1036b6c0     CCXExtUI.res
 0004:003429f8       $R32B058                   1036b9f8     CCXExtUI.res
 0004:00342cd0       $R32B330                   1036bcd0     CCXExtUI.res
 0004:00342ea0       $R32B500                   1036bea0     CCXExtUI.res
 0004:00342fc0       $R32B620                   1036bfc0     CCXExtUI.res
 0004:00343478       $R32BAD8                   1036c478     CCXExtUI.res
 0004:00343820       $R32BE80                   1036c820     CCXExtUI.res
 0004:00343b30       $R32C190                   1036cb30     CCXExtUI.res
 0004:00343cf8       $R32C358                   1036ccf8     CCXExtUI.res
 0004:00343e18       $R32C478                   1036ce18     CCXExtUI.res
 0004:00344300       $R32C960                   1036d300     CCXExtUI.res
 0004:00344718       $R32CD78                   1036d718     CCXExtUI.res
 0004:00344a90       $R32D0F0                   1036da90     CCXExtUI.res
 0004:00344c68       $R32D2C8                   1036dc68     CCXExtUI.res
 0004:00344d40       $R32D3A0                   1036dd40     CCXExtUI.res
 0004:00345058       $R32D6B8                   1036e058     CCXExtUI.res
 0004:00345200       $R32D860                   1036e200     CCXExtUI.res
 0004:00345438       $R32DA98                   1036e438     CCXExtUI.res
 0004:003455c0       $R32DC20                   1036e5c0     CCXExtUI.res
 0004:00345688       $R32DCE8                   1036e688     CCXExtUI.res
 0004:00345978       $R32DFD8                   1036e978     CCXExtUI.res
 0004:00345b18       $R32E178                   1036eb18     CCXExtUI.res
 0004:00345d40       $R32E3A0                   1036ed40     CCXExtUI.res
 0004:00345ed8       $R32E538                   1036eed8     CCXExtUI.res
 0004:00346018       $R32E678                   1036f018     CCXExtUI.res
 0004:003464f8       $R32EB58                   1036f4f8     CCXExtUI.res
 0004:003468b8       $R32EF18                   1036f8b8     CCXExtUI.res
 0004:00346bf0       $R32F250                   1036fbf0     CCXExtUI.res
 0004:00346e28       $R32F488                   1036fe28     CCXExtUI.res
 0004:00346f38       $R32F598                   1036ff38     CCXExtUI.res
 0004:003473d8       $R32FA38                   103703d8     CCXExtUI.res
 0004:003477c0       $R32FE20                   103707c0     CCXExtUI.res
 0004:00347af0       $R330150                   10370af0     CCXExtUI.res
 0004:00347ce0       $R330340                   10370ce0     CCXExtUI.res
 0004:00347df8       $R330458                   10370df8     CCXExtUI.res
 0004:00348280       $R3308E0                   10371280     CCXExtUI.res
 0004:003485f8       $R330C58                   103715f8     CCXExtUI.res
 0004:003488e0       $R330F40                   103718e0     CCXExtUI.res
 0004:00348aa8       $R331108                   10371aa8     CCXExtUI.res
 0004:00348be8       $R331248                   10371be8     CCXExtUI.res
 0004:003490a0       $R331700                   103720a0     CCXExtUI.res
 0004:00349440       $R331AA0                   10372440     CCXExtUI.res
 0004:00349778       $R331DD8                   10372778     CCXExtUI.res
 0004:00349960       $R331FC0                   10372960     CCXExtUI.res
 0004:00349a78       $R3320D8                   10372a78     CCXExtUI.res
 0004:00349f10       $R332570                   10372f10     CCXExtUI.res
 0004:0034a250       $R3328B0                   10373250     CCXExtUI.res
 0004:0034a518       $R332B78                   10373518     CCXExtUI.res
 0004:0034a6e8       $R332D48                   103736e8     CCXExtUI.res
 0004:0034ab88       $R3331E8                   10373b88     CCXExtUI.res
 0004:0034ad30       $R333390                   10373d30     CCXExtUI.res
 0004:0034af18       $R333578                   10373f18     CCXExtUI.res
 0004:0034b1a0       $R333800                   103741a0     CCXExtUI.res
 0004:0034b488       $R333AE8                   10374488     CCXExtUI.res
 0004:0034b598       $R333BF8                   10374598     CCXExtUI.res
 0004:0034ba18       $R334078                   10374a18     CCXExtUI.res
 0004:0034be10       $R334470                   10374e10     CCXExtUI.res
 0004:0034c0d0       $R334730                   103750d0     CCXExtUI.res
 0004:0034c298       $R3348F8                   10375298     CCXExtUI.res
 0004:0034c3b0       $R334A10                   103753b0     CCXExtUI.res
 0004:0034c870       $R334ED0                   10375870     CCXExtUI.res
 0004:0034cbb8       $R335218                   10375bb8     CCXExtUI.res
 0004:0034ceb8       $R335518                   10375eb8     CCXExtUI.res
 0004:0034d090       $R3356F0                   10376090     CCXExtUI.res
 0004:0034d1a0       $R335800                   103761a0     CCXExtUI.res
 0004:0034d678       $R335CD8                   10376678     CCXExtUI.res
 0004:0034da20       $R336080                   10376a20     CCXExtUI.res
 0004:0034dd68       $R3363C8                   10376d68     CCXExtUI.res
 0004:0034df30       $R336590                   10376f30     CCXExtUI.res
 0004:0034e050       $R3366B0                   10377050     CCXExtUI.res
 0004:0034e510       $R336B70                   10377510     CCXExtUI.res
 0004:0034e898       $R336EF8                   10377898     CCXExtUI.res
 0004:0034ebb8       $R337218                   10377bb8     CCXExtUI.res
 0004:0034ed88       $R3373E8                   10377d88     CCXExtUI.res
 0004:0034ef00       $R337560                   10377f00     CCXExtUI.res
 0004:0034f438       $R337A98                   10378438     CCXExtUI.res
 0004:0034f8a8       $R337F08                   103788a8     CCXExtUI.res
 0004:0034fc30       $R338290                   10378c30     CCXExtUI.res
 0004:0034fe40       $R3384A0                   10378e40     CCXExtUI.res
 0004:0034ff50       $R3385B0                   10378f50     CCXExtUI.res
 0004:00350368       $R3389C8                   10379368     CCXExtUI.res
 0004:00350678       $R338CD8                   10379678     CCXExtUI.res
 0004:00350960       $R338FC0                   10379960     CCXExtUI.res
 0004:00350b38       $R339198                   10379b38     CCXExtUI.res
 0004:00350c78       $R3392D8                   10379c78     CCXExtUI.res
 0004:00351168       $R3397C8                   1037a168     CCXExtUI.res
 0004:00351570       $R339BD0                   1037a570     CCXExtUI.res
 0004:003518b0       $R339F10                   1037a8b0     CCXExtUI.res
 0004:00351ab8       $R33A118                   1037aab8     CCXExtUI.res
 0004:00351bc8       $R33A228                   1037abc8     CCXExtUI.res
 0004:003520b0       $R33A710                   1037b0b0     CCXExtUI.res
 0004:00352440       $R33AAA0                   1037b440     CCXExtUI.res
 0004:00352738       $R33AD98                   1037b738     CCXExtUI.res
 0004:00352920       $R33AF80                   1037b920     CCXExtUI.res
 0004:00352a20       $R33B080                   1037ba20     CCXExtUI.res
 0004:00352e10       $R33B470                   1037be10     CCXExtUI.res
 0004:00353010       $R33B670                   1037c010     CCXExtUI.res
 0004:00353290       $R33B8F0                   1037c290     CCXExtUI.res
 0004:00353438       $R33BA98                   1037c438     CCXExtUI.res
 0004:00353520       $R33BB80                   1037c520     CCXExtUI.res
 0004:00353898       $R33BEF8                   1037c898     CCXExtUI.res
 0004:00353ad0       $R33C130                   1037cad0     CCXExtUI.res
 0004:00353d28       $R33C388                   1037cd28     CCXExtUI.res
 0004:00353eb8       $R33C518                   1037ceb8     CCXExtUI.res
 0004:00353fe0       $R33C640                   1037cfe0     CCXExtUI.res
 0004:00354490       $R33CAF0                   1037d490     CCXExtUI.res
 0004:00354838       $R33CE98                   1037d838     CCXExtUI.res
 0004:00354b40       $R33D1A0                   1037db40     CCXExtUI.res
 0004:00354d10       $R33D370                   1037dd10     CCXExtUI.res
 0004:00354e38       $R33D498                   1037de38     CCXExtUI.res
 0004:00355338       $R33D998                   1037e338     CCXExtUI.res
 0004:00355710       $R33DD70                   1037e710     CCXExtUI.res
 0004:00355a50       $R33E0B0                   1037ea50     CCXExtUI.res
 0004:00355c58       $R33E2B8                   1037ec58     CCXExtUI.res
 0004:00355d80       $R33E3E0                   1037ed80     CCXExtUI.res
 0004:00356220       $R33E880                   1037f220     CCXExtUI.res
 0004:003565a0       $R33EC00                   1037f5a0     CCXExtUI.res
 0004:00356890       $R33EEF0                   1037f890     CCXExtUI.res
 0004:00356a50       $R33F0B0                   1037fa50     CCXExtUI.res
 0004:00356b78       $R33F1D8                   1037fb78     CCXExtUI.res
 0004:00357040       $R33F6A0                   10380040     CCXExtUI.res
 0004:00357440       $R33FAA0                   10380440     CCXExtUI.res
 0004:003577d0       $R33FE30                   103807d0     CCXExtUI.res
 0004:003579c0       $R340020                   103809c0     CCXExtUI.res
 0004:00357ad0       $R340130                   10380ad0     CCXExtUI.res
 0004:00357f70       $R3405D0                   10380f70     CCXExtUI.res
 0004:00358328       $R340988                   10381328     CCXExtUI.res
 0004:00358640       $R340CA0                   10381640     CCXExtUI.res
 0004:00358808       $R340E68                   10381808     CCXExtUI.res
 0004:00358948       $R340FA8                   10381948     CCXExtUI.res
 0004:00358e58       $R3414B8                   10381e58     CCXExtUI.res
 0004:00359248       $R3418A8                   10382248     CCXExtUI.res
 0004:00359560       $R341BC0                   10382560     CCXExtUI.res
 0004:00359740       $R341DA0                   10382740     CCXExtUI.res
 0004:00359858       $R341EB8                   10382858     CCXExtUI.res
 0004:00359d50       $R3423B0                   10382d50     CCXExtUI.res
 0004:0035a140       $R3427A0                   10383140     CCXExtUI.res
 0004:0035a498       $R342AF8                   10383498     CCXExtUI.res
 0004:0035a680       $R342CE0                   10383680     CCXExtUI.res
 0004:0035a7a8       $R342E08                   103837a8     CCXExtUI.res
 0004:0035ac70       $R3432D0                   10383c70     CCXExtUI.res
 0004:0035afc0       $R343620                   10383fc0     CCXExtUI.res
 0004:0035b2e8       $R343948                   103842e8     CCXExtUI.res
 0004:0035b4e8       $R343B48                   103844e8     CCXExtUI.res
 0004:0035b600       $R343C60                   10384600     CCXExtUI.res
 0004:0035bae0       $R344140                   10384ae0     CCXExtUI.res
 0004:0035be50       $R3444B0                   10384e50     CCXExtUI.res
 0004:0035c150       $R3447B0                   10385150     CCXExtUI.res
 0004:0035c350       $R3449B0                   10385350     CCXExtUI.res
 0004:0035c478       $R344AD8                   10385478     CCXExtUI.res
 0004:0035c9c0       $R345020                   103859c0     CCXExtUI.res
 0004:0035cdc0       $R345420                   10385dc0     CCXExtUI.res
 0004:0035d0f0       $R345750                   103860f0     CCXExtUI.res
 0004:0035d310       $R345970                   10386310     CCXExtUI.res
 0004:0035d428       $R345A88                   10386428     CCXExtUI.res
 0004:0035d920       $R345F80                   10386920     CCXExtUI.res
 0004:0035dcc8       $R346328                   10386cc8     CCXExtUI.res
 0004:0035dfe8       $R346648                   10386fe8     CCXExtUI.res
 0004:0035e1c0       $R346820                   103871c0     CCXExtUI.res
 0004:0035e2e0       $R346940                   103872e0     CCXExtUI.res
 0004:0035e820       $R346E80                   10387820     CCXExtUI.res
 0004:0035eb68       $R3471C8                   10387b68     CCXExtUI.res
 0004:0035ee48       $R3474A8                   10387e48     CCXExtUI.res
 0004:0035f018       $R347678                   10388018     CCXExtUI.res
 0004:0035f148       $R3477A8                   10388148     CCXExtUI.res
 0004:0035f5d0       $R347C30                   103885d0     CCXExtUI.res
 0004:0035f928       $R347F88                   10388928     CCXExtUI.res
 0004:0035fc50       $R3482B0                   10388c50     CCXExtUI.res
 0004:0035fe38       $R348498                   10388e38     CCXExtUI.res
